Component: ARM Compiler 5.06 update 6 (build 750) Tool: armlink [4d35ed]

==============================================================================

Section Cross References

    main.o(i.main) refers to stm32f10x_dbgmcu.o(i.DBGMCU_Config) for DBGMCU_Config
    main.o(i.main) refers to ange_timg.o(i.ange_TIMg_PWM_init) for ange_TIMg_PWM_init
    main.o(i.main) refers to main.o(i.Delay_10us) for Delay_10us
    stm32f10x_it.o(i.SysTick_Handler) refers to ange_systick.o(i.SysTickreduce) for SysTickreduce
    stm32f10x_it.o(i.SysTick_Handler) refers to ange_systick.o(i.SysTickreduce2) for SysTickreduce2
    ange_da.o(i.ange_DA_Config) refers to stm32f10x_rcc.o(i.RCC_APB1PeriphClockCmd) for RCC_APB1PeriphClockCmd
    ange_da.o(i.ange_DA_Config) refers to stm32f10x_dac.o(i.DAC_Init) for DAC_Init
    ange_da.o(i.ange_DA_Config) refers to stm32f10x_dac.o(i.DAC_Cmd) for DAC_Cmd
    ange_da.o(i.ange_DA_DMA_Config) refers to stm32f10x_rcc.o(i.RCC_AHBPeriphClockCmd) for RCC_AHBPeriphClockCmd
    ange_da.o(i.ange_DA_DMA_Config) refers to stm32f10x_dma.o(i.DMA_Init) for DMA_Init
    ange_da.o(i.ange_DA_DMA_Config) refers to stm32f10x_dma.o(i.DMA_Cmd) for DMA_Cmd
    ange_da.o(i.ange_DA_DMA_Config) refers to stm32f10x_dac.o(i.DAC_DMACmd) for DAC_DMACmd
    ange_da.o(i.ange_DA_GPIO_Config) refers to stm32f10x_rcc.o(i.RCC_APB2PeriphClockCmd) for RCC_APB2PeriphClockCmd
    ange_da.o(i.ange_DA_GPIO_Config) refers to stm32f10x_gpio.o(i.GPIO_Init) for GPIO_Init
    ange_da.o(i.ange_DA_TIM_Config) refers to stm32f10x_rcc.o(i.RCC_APB1PeriphClockCmd) for RCC_APB1PeriphClockCmd
    ange_da.o(i.ange_DA_TIM_Config) refers to stm32f10x_tim.o(i.TIM_TimeBaseInit) for TIM_TimeBaseInit
    ange_da.o(i.ange_DA_TIM_Config) refers to stm32f10x_tim.o(i.TIM_SelectOutputTrigger) for TIM_SelectOutputTrigger
    ange_da.o(i.ange_DA_TIM_Config) refers to stm32f10x_tim.o(i.TIM_Cmd) for TIM_Cmd
    ange_da.o(i.ange_DA_TIM_Config) refers to ange_da.o(.data) for ange_DA_TIM_Period
    ange_da.o(i.ange_DA_easy_Config) refers to stm32f10x_rcc.o(i.RCC_APB1PeriphClockCmd) for RCC_APB1PeriphClockCmd
    ange_da.o(i.ange_DA_easy_Config) refers to stm32f10x_dac.o(i.DAC_Init) for DAC_Init
    ange_da.o(i.ange_DA_easy_Config) refers to stm32f10x_dac.o(i.DAC_Cmd) for DAC_Cmd
    ange_da.o(i.ange_DA_easy_GPIO_Config) refers to stm32f10x_rcc.o(i.RCC_APB2PeriphClockCmd) for RCC_APB2PeriphClockCmd
    ange_da.o(i.ange_DA_easy_GPIO_Config) refers to stm32f10x_gpio.o(i.GPIO_Init) for GPIO_Init
    ange_da.o(i.ange_DA_easy_init) refers to ange_da.o(i.ange_DA_easy_GPIO_Config) for ange_DA_easy_GPIO_Config
    ange_da.o(i.ange_DA_easy_init) refers to ange_da.o(i.ange_DA_easy_Config) for ange_DA_easy_Config
    ange_da.o(i.ange_DA_easy_trigger) refers to f2d.o(.text) for __aeabi_f2d
    ange_da.o(i.ange_DA_easy_trigger) refers to ddiv.o(.text) for __aeabi_ddiv
    ange_da.o(i.ange_DA_easy_trigger) refers to dmul.o(.text) for __aeabi_dmul
    ange_da.o(i.ange_DA_easy_trigger) refers to dfixui.o(.text) for __aeabi_d2uiz
    ange_da.o(i.ange_DA_easy_trigger) refers to ffltui.o(.text) for __aeabi_ui2f
    ange_da.o(i.ange_DA_easy_trigger) refers to ffixui.o(.text) for __aeabi_f2uiz
    ange_da.o(i.ange_DA_easy_trigger) refers to stm32f10x_dac.o(i.DAC_SetChannel2Data) for DAC_SetChannel2Data
    ange_da.o(i.ange_DA_easy_trigger) refers to stm32f10x_dac.o(i.DAC_SoftwareTriggerCmd) for DAC_SoftwareTriggerCmd
    ange_da.o(i.ange_DA_init) refers to ange_da.o(i.ange_DA_GPIO_Config) for ange_DA_GPIO_Config
    ange_da.o(i.ange_DA_init) refers to ange_da.o(i.ange_DA_Config) for ange_DA_Config
    ange_da.o(i.ange_DA_init) refers to ange_da.o(i.ange_DA_TIM_Config) for ange_DA_TIM_Config
    ange_da.o(i.dafudu) refers to f2d.o(.text) for __aeabi_f2d
    ange_da.o(i.dafudu) refers to ddiv.o(.text) for __aeabi_ddiv
    ange_da.o(i.dafudu) refers to d2f.o(.text) for __aeabi_d2f
    ange_da.o(i.dafudu) refers to fmul.o(.text) for __aeabi_fmul
    ange_da.o(i.dafudu) refers to fdiv.o(.text) for __aeabi_fdiv
    ange_da.o(i.dafudu) refers to dfltui.o(.text) for __aeabi_ui2d
    ange_da.o(i.dafudu) refers to dflti.o(.text) for __aeabi_i2d
    ange_da.o(i.dafudu) refers to dmul.o(.text) for __aeabi_dmul
    ange_da.o(i.dafudu) refers to sin.o(i.sin) for sin
    ange_da.o(i.dafudu) refers to dadd.o(.text) for __aeabi_dadd
    ange_da.o(i.dafudu) refers to dfixi.o(.text) for __aeabi_d2iz
    ange_da.o(i.dapinlv) refers to dfltui.o(.text) for __aeabi_ui2d
    ange_da.o(i.dapinlv) refers to dfixui.o(.text) for __aeabi_d2uiz
    ange_da.o(i.dapinlv) refers to stm32f10x_tim.o(i.TIM_SetAutoreload) for TIM_SetAutoreload
    ange_da.o(i.dapinlv) refers to ange_da.o(.data) for ange_DA_TIM_Period
    ange_dma.o(i.ange_DMA_CC_Config) refers to stm32f10x_rcc.o(i.RCC_AHBPeriphClockCmd) for RCC_AHBPeriphClockCmd
    ange_dma.o(i.ange_DMA_CC_Config) refers to stm32f10x_dma.o(i.DMA_Init) for DMA_Init
    ange_dma.o(i.ange_DMA_CC_Config) refers to stm32f10x_dma.o(i.DMA_Cmd) for DMA_Cmd
[...]
    Removing stm32f10x_sdio.o(i.SDIO_SendCommand), (44 bytes).
    Removing stm32f10x_sdio.o(i.SDIO_SendSDIOSuspendCmd), (12 bytes).
    Removing stm32f10x_sdio.o(i.SDIO_SetPowerState), (28 bytes).
    Removing stm32f10x_sdio.o(i.SDIO_SetSDIOOperation), (12 bytes).
    Removing stm32f10x_sdio.o(i.SDIO_SetSDIOReadWaitMode), (12 bytes).
    Removing stm32f10x_sdio.o(i.SDIO_StartSDIOReadWait), (12 bytes).
    Removing stm32f10x_sdio.o(i.SDIO_StopSDIOReadWait), (12 bytes).
    Removing stm32f10x_sdio.o(i.SDIO_StructInit), (16 bytes).
    Removing stm32f10x_sdio.o(i.SDIO_WriteData), (12 bytes).
    Removing stm32f10x_spi.o(.rev16_text), (4 bytes).
    Removing stm32f10x_spi.o(.revsh_text), (4 bytes).
    Removing stm32f10x_spi.o(.rrx_text), (6 bytes).
    Removing stm32f10x_spi.o(i.I2S_Cmd), (24 bytes).
    Removing stm32f10x_spi.o(i.I2S_Init), (232 bytes).
    Removing stm32f10x_spi.o(i.I2S_StructInit), (20 bytes).
    Removing stm32f10x_spi.o(i.SPI_BiDirectionalLineConfig), (28 bytes).
    Removing stm32f10x_spi.o(i.SPI_CalculateCRC), (24 bytes).
    Removing stm32f10x_spi.o(i.SPI_Cmd), (24 bytes).
    Removing stm32f10x_spi.o(i.SPI_DataSizeConfig), (18 bytes).
    Removing stm32f10x_spi.o(i.SPI_GetCRC), (16 bytes).
    Removing stm32f10x_spi.o(i.SPI_GetCRCPolynomial), (6 bytes).
    Removing stm32f10x_spi.o(i.SPI_I2S_ClearFlag), (6 bytes).
    Removing stm32f10x_spi.o(i.SPI_I2S_ClearITPendingBit), (20 bytes).
    Removing stm32f10x_spi.o(i.SPI_I2S_DMACmd), (18 bytes).
    Removing stm32f10x_spi.o(i.SPI_I2S_DeInit), (88 bytes).
    Removing stm32f10x_spi.o(i.SPI_I2S_GetFlagStatus), (18 bytes).
    Removing stm32f10x_spi.o(i.SPI_I2S_GetITStatus), (52 bytes).
    Removing stm32f10x_spi.o(i.SPI_I2S_ITConfig), (32 bytes).
    Removing stm32f10x_spi.o(i.SPI_I2S_ReceiveData), (6 bytes).
    Removing stm32f10x_spi.o(i.SPI_I2S_SendData), (4 bytes).
    Removing stm32f10x_spi.o(i.SPI_Init), (60 bytes).
    Removing stm32f10x_spi.o(i.SPI_NSSInternalSoftwareConfig), (30 bytes).
    Removing stm32f10x_spi.o(i.SPI_SSOutputCmd), (24 bytes).
    Removing stm32f10x_spi.o(i.SPI_StructInit), (24 bytes).
    Removing stm32f10x_spi.o(i.SPI_TransmitCRC), (10 bytes).
    Removing stm32f10x_tim.o(.rev16_text), (4 bytes).
    Removing stm32f10x_tim.o(.revsh_text), (4 bytes).
    Removing stm32f10x_tim.o(.rrx_text), (6 bytes).
    Removing stm32f10x_tim.o(i.TI1_Config), (128 bytes).
    Removing stm32f10x_tim.o(i.TI2_Config), (152 bytes).
    Removing stm32f10x_tim.o(i.TI3_Config), (144 bytes).
    Removing stm32f10x_tim.o(i.TI4_Config), (152 bytes).
    Removing stm32f10x_tim.o(i.TIM_ARRPreloadConfig), (24 bytes).
    Removing stm32f10x_tim.o(i.TIM_BDTRStructInit), (18 bytes).
    Removing stm32f10x_tim.o(i.TIM_CCPreloadControl), (24 bytes).
    Removing stm32f10x_tim.o(i.TIM_CCxCmd), (30 bytes).
    Removing stm32f10x_tim.o(i.TIM_CCxNCmd), (30 bytes).
    Removing stm32f10x_tim.o(i.TIM_ClearFlag), (6 bytes).
    Removing stm32f10x_tim.o(i.TIM_ClearOC1Ref), (18 bytes).
    Removing stm32f10x_tim.o(i.TIM_ClearOC2Ref), (24 bytes).
    Removing stm32f10x_tim.o(i.TIM_ClearOC3Ref), (18 bytes).
    Removing stm32f10x_tim.o(i.TIM_ClearOC4Ref), (24 bytes).
    Removing stm32f10x_tim.o(i.TIM_CounterModeConfig), (18 bytes).
    Removing stm32f10x_tim.o(i.TIM_DMACmd), (18 bytes).
    Removing stm32f10x_tim.o(i.TIM_DMAConfig), (10 bytes).
    Removing stm32f10x_tim.o(i.TIM_DeInit), (488 bytes).
    Removing stm32f10x_tim.o(i.TIM_ETRClockMode1Config), (54 bytes).
    Removing stm32f10x_tim.o(i.TIM_ETRClockMode2Config), (32 bytes).
    Removing stm32f10x_tim.o(i.TIM_ETRConfig), (28 bytes).
    Removing stm32f10x_tim.o(i.TIM_EncoderInterfaceConfig), (66 bytes).
    Removing stm32f10x_tim.o(i.TIM_ForcedOC1Config), (18 bytes).
    Removing stm32f10x_tim.o(i.TIM_ForcedOC2Config), (26 bytes).
    Removing stm32f10x_tim.o(i.TIM_ForcedOC3Config), (18 bytes).
    Removing stm32f10x_tim.o(i.TIM_ForcedOC4Config), (26 bytes).
    Removing stm32f10x_tim.o(i.TIM_GenerateEvent), (4 bytes).
    Removing stm32f10x_tim.o(i.TIM_GetCapture3), (6 bytes).
    Removing stm32f10x_tim.o(i.TIM_GetCapture4), (8 bytes).
    Removing stm32f10x_tim.o(i.TIM_GetCounter), (6 bytes).
    Removing stm32f10x_tim.o(i.TIM_GetFlagStatus), (18 bytes).
    Removing stm32f10x_tim.o(i.TIM_GetPrescaler), (6 bytes).
    Removing stm32f10x_tim.o(i.TIM_ICInit), (172 bytes).
    Removing stm32f10x_tim.o(i.TIM_ICStructInit), (18 bytes).
    Removing stm32f10x_tim.o(i.TIM_ITConfig), (18 bytes).
    Removing stm32f10x_tim.o(i.TIM_ITRxExternalClockConfig), (24 bytes).
    Removing stm32f10x_tim.o(i.TIM_InternalClockConfig), (12 bytes).
    Removing stm32f10x_tim.o(i.TIM_OC1FastConfig), (18 bytes).
    Removing stm32f10x_tim.o(i.TIM_OC1NPolarityConfig), (18 bytes).
    Removing stm32f10x_tim.o(i.TIM_OC2FastConfig), (26 bytes).
    Removing stm32f10x_tim.o(i.TIM_OC2Init), (164 bytes).
    Removing stm32f10x_tim.o(i.TIM_OC2NPolarityConfig), (26 bytes).
    Removing stm32f10x_tim.o(i.TIM_OC2PolarityConfig), (26 bytes).
    Removing stm32f10x_tim.o(i.TIM_OC2PreloadConfig), (26 bytes).
    Removing stm32f10x_tim.o(i.TIM_OC3FastConfig), (18 bytes).
    Removing stm32f10x_tim.o(i.TIM_OC3Init), (160 bytes).
    Removing stm32f10x_tim.o(i.TIM_OC3NPolarityConfig), (26 bytes).
    Removing stm32f10x_tim.o(i.TIM_OC3PolarityConfig), (26 bytes).
    Removing stm32f10x_tim.o(i.TIM_OC3PreloadConfig), (18 bytes).
    Removing stm32f10x_tim.o(i.TIM_OC4FastConfig), (26 bytes).
    Removing stm32f10x_tim.o(i.TIM_OC4Init), (124 bytes).
    Removing stm32f10x_tim.o(i.TIM_OC4PolarityConfig), (26 bytes).
    Removing stm32f10x_tim.o(i.TIM_OC4PreloadConfig), (26 bytes).
    Removing stm32f10x_tim.o(i.TIM_OCStructInit), (20 bytes).
    Removing stm32f10x_tim.o(i.TIM_PWMIConfig), (124 bytes).
    Removing stm32f10x_tim.o(i.TIM_PrescalerConfig), (6 bytes).
    Removing stm32f10x_tim.o(i.TIM_SelectCCDMA), (24 bytes).
    Removing stm32f10x_tim.o(i.TIM_SelectCOM), (24 bytes).
    Removing stm32f10x_tim.o(i.TIM_SelectHallSensor), (24 bytes).
    Removing stm32f10x_tim.o(i.TIM_SelectInputTrigger), (18 bytes).
    Removing stm32f10x_tim.o(i.TIM_SelectMasterSlaveMode), (18 bytes).
    Removing stm32f10x_tim.o(i.TIM_SelectOCxM), (82 bytes).
    Removing stm32f10x_tim.o(i.TIM_SelectOnePulseMode), (18 bytes).
    Removing stm32f10x_tim.o(i.TIM_SelectOutputTrigger), (18 bytes).
    Removing stm32f10x_tim.o(i.TIM_SelectSlaveMode), (18 bytes).
    Removing stm32f10x_tim.o(i.TIM_SetAutoreload), (4 bytes).
    Removing stm32f10x_tim.o(i.TIM_SetClockDivision), (18 bytes).
    Removing stm32f10x_tim.o(i.TIM_SetCompare1), (4 bytes).
    Removing stm32f10x_tim.o(i.TIM_SetCompare2), (4 bytes).
    Removing stm32f10x_tim.o(i.TIM_SetCompare3), (4 bytes).
    Removing stm32f10x_tim.o(i.TIM_SetCompare4), (6 bytes).
    Removing stm32f10x_tim.o(i.TIM_SetIC1Prescaler), (18 bytes).
    Removing stm32f10x_tim.o(i.TIM_SetIC2Prescaler), (26 bytes).
    Removing stm32f10x_tim.o(i.TIM_SetIC3Prescaler), (18 bytes).
    Removing stm32f10x_tim.o(i.TIM_SetIC4Prescaler), (26 bytes).
    Removing stm32f10x_tim.o(i.TIM_TIxExternalClockConfig), (62 bytes).
    Removing stm32f10x_tim.o(i.TIM_TimeBaseStructInit), (18 bytes).
    Removing stm32f10x_tim.o(i.TIM_UpdateDisableConfig), (24 bytes).
    Removing stm32f10x_tim.o(i.TIM_UpdateRequestConfig), (24 bytes).
    Removing stm32f10x_usart.o(.rev16_text), (4 bytes).
    Removing stm32f10x_usart.o(.revsh_text), (4 bytes).
    Removing stm32f10x_usart.o(.rrx_text), (6 bytes).
    Removing stm32f10x_usart.o(i.USART_ClearFlag), (18 bytes).
    Removing stm32f10x_usart.o(i.USART_ClearITPendingBit), (30 bytes).
    Removing stm32f10x_usart.o(i.USART_ClockInit), (34 bytes).
    Removing stm32f10x_usart.o(i.USART_ClockStructInit), (12 bytes).
    Removing stm32f10x_usart.o(i.USART_Cmd), (24 bytes).
    Removing stm32f10x_usart.o(i.USART_DMACmd), (18 bytes).
    Removing stm32f10x_usart.o(i.USART_DeInit), (156 bytes).
    Removing stm32f10x_usart.o(i.USART_GetITStatus), (84 bytes).
    Removing stm32f10x_usart.o(i.USART_HalfDuplexCmd), (24 bytes).
    Removing stm32f10x_usart.o(i.USART_ITConfig), (74 bytes).
    Removing stm32f10x_usart.o(i.USART_Init), (216 bytes).
    Removing stm32f10x_usart.o(i.USART_IrDACmd), (24 bytes).
    Removing stm32f10x_usart.o(i.USART_IrDAConfig), (18 bytes).
    Removing stm32f10x_usart.o(i.USART_LINBreakDetectLengthConfig), (18 bytes).
    Removing stm32f10x_usart.o(i.USART_LINCmd), (24 bytes).
    Removing stm32f10x_usart.o(i.USART_OneBitMethodCmd), (24 bytes).
    Removing stm32f10x_usart.o(i.USART_OverSampling8Cmd), (22 bytes).
    Removing stm32f10x_usart.o(i.USART_ReceiveData), (10 bytes).
    Removing stm32f10x_usart.o(i.USART_ReceiverWakeUpCmd), (24 bytes).
    Removing stm32f10x_usart.o(i.USART_SendBreak), (10 bytes).
    Removing stm32f10x_usart.o(i.USART_SetAddress), (18 bytes).
    Removing stm32f10x_usart.o(i.USART_SetGuardTime), (16 bytes).
    Removing stm32f10x_usart.o(i.USART_SetPrescaler), (16 bytes).
    Removing stm32f10x_usart.o(i.USART_SmartCardCmd), (24 bytes).
    Removing stm32f10x_usart.o(i.USART_SmartCardNACKCmd), (24 bytes).
    Removing stm32f10x_usart.o(i.USART_StructInit), (24 bytes).
    Removing stm32f10x_usart.o(i.USART_WakeUpConfig), (18 bytes).
    Removing stm32f10x_wwdg.o(.rev16_text), (4 bytes).
    Removing stm32f10x_wwdg.o(.revsh_text), (4 bytes).
    Removing stm32f10x_wwdg.o(.rrx_text), (6 bytes).
    Removing stm32f10x_wwdg.o(i.WWDG_DeInit), (22 bytes).
    Removing stm32f10x_wwdg.o(i.WWDG_Enable), (16 bytes).
    Removing stm32f10x_wwdg.o(i.WWDG_EnableIT), (12 bytes).
    Removing stm32f10x_wwdg.o(i.WWDG_GetFlagStatus), (12 bytes).
    Removing stm32f10x_wwdg.o(i.WWDG_SetCounter), (16 bytes).
    Removing stm32f10x_wwdg.o(i.WWDG_SetPrescaler), (24 bytes).
    Removing stm32f10x_wwdg.o(i.WWDG_SetWindowValue), (40 bytes).
    Removing startup_stm32f10x_hd.o(HEAP), (512 bytes).
    Removing core_cm3.o(.emb_text), (32 bytes).
    Removing system_stm32f10x.o(.rev16_text), (4 bytes).
    Removing system_stm32f10x.o(.revsh_text), (4 bytes).
    Removing system_stm32f10x.o(.rrx_text), (6 bytes).
    Removing system_stm32f10x.o(i.SystemCoreClockUpdate), (164 bytes).
    Removing system_stm32f10x.o(.data), (20 bytes).
    Removing ad5410.o(.rev16_text), (4 bytes).
    Removing ad5410.o(.revsh_text), (4 bytes).
    Removing ad5410.o(.rrx_text), (6 bytes).
    Removing ad5410.o(i.AD5410_GPIO_Init), (132 bytes).
    Removing ad5410.o(i.AD5410_Init), (36 bytes).
    Removing ad5410.o(i.AD5410_ReadByte), (100 bytes).
    Removing ad5410.o(i.AD5410_ReadDate), (20 bytes).
    Removing ad5410.o(i.AD5410_SendDate), (100 bytes).
    Removing ad7799.o(.rev16_text), (4 bytes).
    Removing ad7799.o(.revsh_text), (4 bytes).
    Removing ad7799.o(.rrx_text), (6 bytes).
    Removing ad7799.o(i.AD7799_CRead), (80 bytes).
    Removing ad7799.o(i.AD7799_CReadMode), (52 bytes).
    Removing ad7799.o(i.AD7799_Calibrate), (142 bytes).
    Removing ad7799.o(i.AD7799_DMA), (168 bytes).
    Removing ad7799.o(i.AD7799_GPIO_Init), (196 bytes).
    Removing ad7799.o(i.AD7799_GetRegisterValue), (132 bytes).
    Removing ad7799.o(i.AD7799_Init), (44 bytes).
    Removing ad7799.o(i.AD7799_REG_Init), (102 bytes).
    Removing ad7799.o(i.AD7799_Read), (28 bytes).
    Removing ad7799.o(i.AD7799_Ready), (26 bytes).
    Removing ad7799.o(i.AD7799_Reset), (56 bytes).
    Removing ad7799.o(i.AD7799_SRead), (60 bytes).
    Removing ad7799.o(i.AD7799_SetChannel), (36 bytes).
    Removing ad7799.o(i.AD7799_SetGain), (38 bytes).
    Removing ad7799.o(i.AD7799_SetMode), (38 bytes).
    Removing ad7799.o(i.AD7799_SetReference), (40 bytes).
    Removing ad7799.o(i.AD7799_SetRegisterValue), (124 bytes).
    Removing ad7799.o(i.AD7799_Speed), (36 bytes).
    Removing ad7799.o(i.AD7799_TUIRead), (16 bytes).
    Removing ad7799.o(i.AD7799_Write), (26 bytes).
    Removing ad7799.o(i.Average_Filter), (148 bytes).
    Removing ad7799.o(i.Delay_10us), (22 bytes).
    Removing ad7799.o(i.Delay_ms), (26 bytes).
    Removing ad7799.o(i.FIR_Filter), (240 bytes).
    Removing ad7799.o(i.IIR_Filter), (272 bytes).
    Removing ad7799.o(i.Non_Filter), (84 bytes).
    Removing ad7799.o(i.SPIByte), (56 bytes).
    Removing ad7799.o(i.average_fir_lvbo), (368 bytes).
    Removing ad7799.o(i.fir_lvbo), (572 bytes).
    Removing ad7799.o(i.iir_lvbo), (92 bytes).
    Removing ad7799.o(i.readad1), (94 bytes).
    Removing ad7799.o(i.readad16), (72 bytes).
    Removing ad7799.o(.bss), (312 bytes).
    Removing ad7799.o(.data), (120 bytes).
    Removing ad9910v1.o(.rev16_text), (4 bytes).
    Removing ad9910v1.o(.revsh_text), (4 bytes).
    Removing ad9910v1.o(.rrx_text), (6 bytes).
    Removing ad9910v1.o(i.AD9110_IOInit), (184 bytes).
    Removing ad9910v1.o(i.Amp_convert), (72 bytes).
    Removing ad9910v1.o(i.Delay_10us), (22 bytes).
    Removing ad9910v1.o(i.Delay_ms), (26 bytes).
    Removing ad9910v1.o(i.Freq_convert), (68 bytes).
    Removing ad9910v1.o(i.Init_ad9910), (108 bytes).
    Removing ad9910v1.o(i.Sawtooth_wave), (96 bytes).
    Removing ad9910v1.o(i.Square_wave), (96 bytes).
    Removing ad9910v1.o(i.SweepFre), (256 bytes).
    Removing ad9910v1.o(i.Txcfr), (204 bytes).
    Removing ad9910v1.o(i.Txdrg), (196 bytes).
    Removing ad9910v1.o(i.Txprodile0), (72 bytes).
    Removing ad9910v1.o(i.Txramdata), (184 bytes).
    Removing ad9910v1.o(i.Txramprofile), (96 bytes).
    Removing ad9910v1.o(i.txd_8bit), (76 bytes).
    Removing ad9910v1.o(.bss), (20 bytes).
    Removing ad9910v1.o(.constdata), (8192 bytes).
    Removing ad9910v1.o(.data), (28 bytes).
    Removing adda.o(.rev16_text), (4 bytes).
    Removing adda.o(.revsh_text), (4 bytes).
    Removing adda.o(.rrx_text), (6 bytes).
    Removing adda.o(i.ADCX_Config), (308 bytes).
    Removing adda.o(i.DAC_Config), (236 bytes).
    Removing adda.o(.bss), (12 bytes).
    Removing adda.o(.data), (262 bytes).
    Removing ads8361.o(.rev16_text), (4 bytes).
    Removing ads8361.o(.revsh_text), (4 bytes).
    Removing ads8361.o(.rrx_text), (6 bytes).
    Removing ads8361.o(i.ADS8361_SPI_Read), (172 bytes).
    Removing ads8361.o(i.Delay_10us), (22 bytes).
    Removing ads8361.o(i.Delay_ms), (26 bytes).
    Removing ads8361.o(i.ads8361_init), (308 bytes).
    Removing ads8361.o(.data), (16 bytes).
    Removing chuankouping.o(.rev16_text), (4 bytes).
    Removing chuankouping.o(.revsh_text), (4 bytes).
    Removing chuankouping.o(.rrx_text), (6 bytes).
    Removing chuankouping.o(i.Delay_10us), (22 bytes).
    Removing chuankouping.o(i.Delay_ms), (26 bytes).
    Removing chuankouping.o(i.ckpfasong), (24 bytes).
    Removing chuankouping.o(i.ckpjieshu), (76 bytes).
    Removing chuankouping.o(i.ckpqx), (60 bytes).
    Removing chuankouping.o(i.ckpxianshid), (48 bytes).
    Removing chuankouping.o(i.ckpxianshids), (48 bytes).
    Removing chuankouping.o(i.ckpxianshifs), (56 bytes).
    Removing chuankouping.o(i.ckpxianshis), (48 bytes).
    Removing key.o(.rev16_text), (4 bytes).
    Removing key.o(.revsh_text), (4 bytes).
    Removing key.o(.rrx_text), (6 bytes).
    Removing key.o(i.Delay_10us), (22 bytes).
    Removing key.o(i.Delay_ms), (26 bytes).
    Removing key.o(i.GPIOA_init), (44 bytes).
    Removing key.o(i.GPIOB_init), (44 bytes).
    Removing key.o(i.GPIOC_init), (44 bytes).
    Removing key.o(i.GPIOD_init), (44 bytes).
    Removing key.o(i.GPIOE_init), (44 bytes).
    Removing pwm.o(.rev16_text), (4 bytes).
    Removing pwm.o(.revsh_text), (4 bytes).
    Removing pwm.o(.rrx_text), (6 bytes).
    Removing pwm.o(i.Delay_10us), (22 bytes).
    Removing pwm.o(i.Delay_ms), (26 bytes).
    Removing shumaguan.o(.rev16_text), (4 bytes).
    Removing shumaguan.o(.revsh_text), (4 bytes).
    Removing shumaguan.o(.rrx_text), (6 bytes).
    Removing shumaguan.o(i.Delay_10us), (22 bytes).
    Removing shumaguan.o(i.Delay_ms), (26 bytes).
    Removing shumaguan.o(i.ShuMaGuan_Init), (44 bytes).
    Removing shumaguan.o(i.ange_595_GPIO_init), (76 bytes).
    Removing shumaguan.o(i.ange_595_xianshi), (136 bytes).
    Removing shumaguan.o(i.display), (572 bytes).
    Removing shumaguan.o(.data), (54 bytes).
    Removing hanshu.o(.rev16_text), (4 bytes).
    Removing hanshu.o(.revsh_text), (4 bytes).
    Removing hanshu.o(.rrx_text), (6 bytes).
    Removing hanshu.o(i.fengduannihe), (212 bytes).
    Removing hanshu.o(i.xianxingnihe), (180 bytes).
    Removing hanshu.o(.bss), (2040 bytes).
    Removing hanshu.o(.data), (8 bytes).
    Removing dds_api.o(.rev16_text), (4 bytes).
    Removing dds_api.o(.revsh_text), (4 bytes).
    Removing dds_api.o(.rrx_text), (6 bytes).
    Removing dds_api.o(i.Delay_10us), (22 bytes).
    Removing dds_api.o(i.Delay_ms), (26 bytes).
    Removing dds_api.o(i.sine), (44 bytes).
    Removing dds_api.o(i.sweep1), (38 bytes).
    Removing dds_api.o(i.sweep2), (132 bytes).
    Removing oled12864.o(.rev16_text), (4 bytes).
    Removing oled12864.o(.revsh_text), (4 bytes).
    Removing oled12864.o(.rrx_text), (6 bytes).
    Removing oled12864.o(i.Delay_10us), (22 bytes).
    Removing oled12864.o(i.Delay_ms), (26 bytes).
    Removing oled12864.o(i.GUI_DrawBMP), (172 bytes).
    Removing oled12864.o(i.GUI_DrawCircle), (82 bytes).
    Removing oled12864.o(i.GUI_DrawLine), (176 bytes).
    Removing oled12864.o(i.GUI_DrawPoint), (24 bytes).
    Removing oled12864.o(i.GUI_DrawRectangle), (74 bytes).
    Removing oled12864.o(i.GUI_DrawTriangel), (64 bytes).
    Removing oled12864.o(i.GUI_Fill), (78 bytes).
    Removing oled12864.o(i.GUI_FillCircle), (96 bytes).
    Removing oled12864.o(i.GUI_FillRectangle), (36 bytes).
    Removing oled12864.o(i.GUI_FillTriangel), (508 bytes).
    Removing oled12864.o(i.GUI_ShowCHinese), (106 bytes).
    Removing oled12864.o(i.GUI_ShowChar), (272 bytes).
    Removing oled12864.o(i.GUI_ShowFont16), (240 bytes).
    Removing oled12864.o(i.GUI_ShowFont24), (260 bytes).
    Removing oled12864.o(i.GUI_ShowFont32), (248 bytes).
    Removing oled12864.o(i.GUI_ShowNum), (170 bytes).
    Removing oled12864.o(i.GUI_ShowString), (110 bytes).
    Removing oled12864.o(i.OLED_Clear), (40 bytes).
    Removing oled12864.o(i.OLED_Display), (72 bytes).
    Removing oled12864.o(i.OLED_Display_Off), (28 bytes).
    Removing oled12864.o(i.OLED_Display_On), (28 bytes).
    Removing oled12864.o(i.OLED_Init), (222 bytes).
    Removing oled12864.o(i.OLED_Init_GPIO), (56 bytes).
    Removing oled12864.o(i.OLED_Reset), (52 bytes).
    Removing oled12864.o(i.OLED_SPI_init), (12 bytes).
    Removing oled12864.o(i.OLED_Set_Pixel), (128 bytes).
    Removing oled12864.o(i.OLED_Set_Pos), (56 bytes).
    Removing oled12864.o(i.OLED_WR_Byte), (64 bytes).
    Removing oled12864.o(i.OLED_sendbyte), (12 bytes).
    Removing oled12864.o(i.TEST_BMP), (100 bytes).
    Removing oled12864.o(i.TEST_Chinese), (196 bytes).
    Removing oled12864.o(i.TEST_English), (212 bytes).
    Removing oled12864.o(i.TEST_MainPage), (136 bytes).
    Removing oled12864.o(i.TEST_Menu1), (768 bytes).
    Removing oled12864.o(i.TEST_Menu2), (488 bytes).
    Removing oled12864.o(i.TEST_Number_Character), (204 bytes).
    Removing oled12864.o(i.Test_Circle), (98 bytes).
    Removing oled12864.o(i.Test_Color), (76 bytes).
    Removing oled12864.o(i.Test_Rectangular), (114 bytes).
    Removing oled12864.o(i.Test_Triangle), (134 bytes).
    Removing oled12864.o(i._draw_circle_8), (132 bytes).
    Removing oled12864.o(i._draw_h_line), (40 bytes).
    Removing oled12864.o(i._swap), (10 bytes).
    Removing oled12864.o(i.mypow), (22 bytes).
    Removing oled12864.o(.bss), (1024 bytes).
    Removing oled12864.o(.constdata), (4048 bytes).
    Removing oled12864.o(.data), (4320 bytes).
    Removing nrf2401.o(.rev16_text), (4 bytes).
    Removing nrf2401.o(.revsh_text), (4 bytes).
    Removing nrf2401.o(.rrx_text), (6 bytes).
    Removing nrf2401.o(i.Delay), (18 bytes).
    Removing nrf2401.o(i.Delay_10us), (22 bytes).
    Removing nrf2401.o(i.Delay_ms), (26 bytes).
    Removing nrf2401.o(i.NRF2_Check), (76 bytes).
    Removing nrf2401.o(i.NRF2_RX_Mode), (88 bytes).
    Removing nrf2401.o(i.NRF2_Rx_Dat), (96 bytes).
    Removing nrf2401.o(i.NRF2_TX_Mode), (104 bytes).
    Removing nrf2401.o(i.NRF2_Tx_Dat), (104 bytes).
    Removing nrf2401.o(i.NRF_Check), (76 bytes).
    Removing nrf2401.o(i.NRF_RX_Mode), (108 bytes).
    Removing nrf2401.o(i.NRF_Rx_Dat), (92 bytes).
    Removing nrf2401.o(i.NRF_Rx_extiinit), (84 bytes).
    Removing nrf2401.o(i.NRF_Rx_nvicinit), (38 bytes).
    Removing nrf2401.o(i.NRF_TX_Mode), (108 bytes).
    Removing nrf2401.o(i.NRF_Tx_Dat), (96 bytes).
    Removing nrf2401.o(i.SPI_NRF2_Init), (224 bytes).
    Removing nrf2401.o(i.SPI_NRF2_RW), (56 bytes).
    Removing nrf2401.o(i.SPI_NRF2_ReadBuf), (80 bytes).
    Removing nrf2401.o(i.SPI_NRF2_ReadReg), (60 bytes).
    Removing nrf2401.o(i.SPI_NRF2_WriteBuf), (80 bytes).
    Removing nrf2401.o(i.SPI_NRF2_WriteReg), (60 bytes).
    Removing nrf2401.o(i.SPI_NRF_Init), (184 bytes).
    Removing nrf2401.o(i.SPI_NRF_WriteBuf), (72 bytes).
    Removing fadd.o(.text), (176 bytes).
    Removing fmul.o(.text), (100 bytes).
    Removing fdiv.o(.text), (124 bytes).
    Removing fflti.o(.text), (18 bytes).
    Removing ffltui.o(.text), (10 bytes).
    Removing dflti.o(.text), (34 bytes).
    Removing dfltui.o(.text), (26 bytes).
    Removing ffixui.o(.text), (40 bytes).
    Removing dfixi.o(.text), (62 bytes).
    Removing dfixui.o(.text), (50 bytes).
    Removing f2d.o(.text), (38 bytes).
    Removing d2f.o(.text), (56 bytes).
    Removing fepilogue.o(.text), (110 bytes).
    Removing dscalb.o(.text), (46 bytes).

913 unused section(s) (total 67620 bytes) removed from the image.

==============================================================================

Image Symbol Table

    Local Symbols

    Symbol Name                              Value     Ov Type        Size  Object(Section)

    ../clib/microlib/division.c              0x00000000   Number         0  uldiv.o ABSOLUTE
    ../clib/microlib/division.c              0x00000000   Number         0  uidiv.o ABSOLUTE
    ../clib/microlib/errno.c                 0x00000000   Number         0  errno.o ABSOLUTE
    ../clib/microlib/init/entry.s            0x00000000   Number         0  entry2.o ABSOLUTE
    ../clib/microlib/init/entry.s            0x00000000   Number         0  entry10b.o ABSOLUTE
    ../clib/microlib/init/entry.s            0x00000000   Number         0  entry.o ABSOLUTE
    ../clib/microlib/init/entry.s            0x00000000   Number         0  entry7b.o ABSOLUTE
    ../clib/microlib/init/entry.s            0x00000000   Number         0  entry8b.o ABSOLUTE
    ../clib/microlib/init/entry.s            0x00000000   Number         0  entry5.o ABSOLUTE
    ../clib/microlib/init/entry.s            0x00000000   Number         0  entry10a.o ABSOLUTE
    ../clib/microlib/init/entry.s            0x00000000   Number         0  entry9b.o ABSOLUTE
    ../clib/microlib/init/entry.s            0x00000000   Number         0  entry7a.o ABSOLUTE
    ../clib/microlib/init/entry.s            0x00000000   Number         0  entry9a.o ABSOLUTE
    ../clib/microlib/init/entry.s            0x00000000   Number         0  entry8a.o ABSOLUTE
    ../clib/microlib/init/entry.s            0x00000000   Number         0  entry11a.o ABSOLUTE
    ../clib/microlib/init/entry.s            0x00000000   Number         0  entry11b.o ABSOLUTE
    ../clib/microlib/longlong.c              0x00000000   Number         0  llushr.o ABSOLUTE
    ../clib/microlib/longlong.c              0x00000000   Number         0  llsshr.o ABSOLUTE
    ../clib/microlib/longlong.c              0x00000000   Number         0  llshl.o ABSOLUTE
    ../clib/microlib/printf/printf.c         0x00000000   Number         0  printf4.o ABSOLUTE
    ../clib/microlib/printf/printf.c         0x00000000   Number         0  printf2.o ABSOLUTE
    ../clib/microlib/printf/printf.c         0x00000000   Number         0  printf3.o ABSOLUTE
    ../clib/microlib/printf/printf.c         0x00000000   Number         0  printf1.o ABSOLUTE
    ../clib/microlib/printf/printf.c         0x00000000   Number         0  printfb.o ABSOLUTE
    ../clib/microlib/printf/printf.c         0x00000000   Number         0  printf8.o ABSOLUTE
    ../clib/microlib/printf/printf.c         0x00000000   Number         0  printf7.o ABSOLUTE
    ../clib/microlib/printf/printf.c         0x00000000   Number         0  printf6.o ABSOLUTE
    ../clib/microlib/printf/printf.c         0x00000000   Number         0  printfa.o ABSOLUTE
    ../clib/microlib/printf/printf.c         0x00000000   Number         0  printf0.o ABSOLUTE
    ../clib/microlib/printf/printf.c         0x00000000   Number         0  printf5.o ABSOLUTE
    ../clib/microlib/printf/stubs.s          0x00000000   Number         0  stubs.o ABSOLUTE
    ../clib/microlib/stdio/streams.c         0x00000000   Number         0  stdout.o ABSOLUTE
    ../clib/microlib/stdlib/rand.c           0x00000000   Number         0  rand.o ABSOLUTE
    ../clib/microlib/string/memset.c         0x00000000   Number         0  memseta.o ABSOLUTE
    ../clib/microlib/stubs.s                 0x00000000   Number         0  iusefp.o ABSOLUTE
    ../fplib/microlib/d2f.c                  0x00000000   Number         0  d2f.o ABSOLUTE
    ../fplib/microlib/f2d.c                  0x00000000   Number         0  f2d.o ABSOLUTE
    ../fplib/microlib/fpadd.c                0x00000000   Number         0  dadd.o ABSOLUTE
    ../fplib/microlib/fpadd.c                0x00000000   Number         0  fadd.o ABSOLUTE
    ../fplib/microlib/fpdiv.c                0x00000000   Number         0  ddiv.o ABSOLUTE
    ../fplib/microlib/fpdiv.c                0x00000000   Number         0  fdiv.o ABSOLUTE
    ../fplib/microlib/fpepilogue.c           0x00000000   Number         0  fepilogue.o ABSOLUTE
    ../fplib/microlib/fpepilogue.c           0x00000000   Number         0  depilogue.o ABSOLUTE
    ../fplib/microlib/fpfix.c                0x00000000   Number         0  dfixui.o ABSOLUTE
    ../fplib/microlib/fpfix.c                0x00000000   Number         0  ffixui.o ABSOLUTE
    ../fplib/microlib/fpfix.c                0x00000000   Number         0  dfixi.o ABSOLUTE
    ../fplib/microlib/fpfix.c                0x00000000   Number         0  dfixul.o ABSOLUTE
    ../fplib/microlib/fpflt.c                0x00000000   Number         0  fflti.o ABSOLUTE
    ../fplib/microlib/fpflt.c                0x00000000   Number         0  dflti.o ABSOLUTE
    ../fplib/microlib/fpflt.c                0x00000000   Number         0  dfltui.o ABSOLUTE
    ../fplib/microlib/fpflt.c                0x00000000   Number         0  ffltui.o ABSOLUTE
    ../fplib/microlib/fpmul.c                0x00000000   Number         0  dmul.o ABSOLUTE
    ../fplib/microlib/fpmul.c                0x00000000   Number         0  fmul.o ABSOLUTE
    ../fplib/microlib/fpscalb.c              0x00000000   Number         0  dscalb.o ABSOLUTE
    ../mathlib/cos_i.c                       0x00000000   Number         0  cos_i.o ABSOLUTE
    ../mathlib/dunder.c                      0x00000000   Number         0  dunder.o ABSOLUTE
    ../mathlib/fpclassify.c                  0x00000000   Number         0  fpclassify.o ABSOLUTE
    ../mathlib/poly.c                        0x00000000   Number         0  poly.o ABSOLUTE
    ../mathlib/rred.c                        0x00000000   Number         0  rred.o ABSOLUTE
    ../mathlib/sin.c                         0x00000000   Number         0  sin_x.o ABSOLUTE
    ../mathlib/sin.c                         0x00000000   Number         0  sin.o ABSOLUTE
    ../mathlib/sin_i.c                       0x00000000   Number         0  sin_i.o ABSOLUTE
    ../mathlib/sin_i.c                       0x00000000   Number         0  sin_i_x.o ABSOLUTE
    ..\Hardware\src\AD5410.C                 0x00000000   Number         0  ad5410.o ABSOLUTE
    ..\Hardware\src\AD9910V1.C               0x00000000   Number         0  ad9910v1.o ABSOLUTE
    ..\Hardware\src\ADDA.C                   0x00000000   Number         0  adda.o ABSOLUTE
    ..\Hardware\src\DDS_API.c                0x00000000   Number         0  dds_api.o ABSOLUTE
    ..\Hardware\src\NRF2401.c                0x00000000   Number         0  nrf2401.o ABSOLUTE
    ..\Hardware\src\OLED12864.c              0x00000000   Number         0  oled12864.o ABSOLUTE
    ..\Hardware\src\ad7799.c                 0x00000000   Number         0  ad7799.o ABSOLUTE
    ..\Hardware\src\ads8361.c                0x00000000   Number         0  ads8361.o ABSOLUTE
    ..\Hardware\src\chuankouping.c           0x00000000   Number         0  chuankouping.o ABSOLUTE
    ..\Hardware\src\hanshu.c                 0x00000000   Number         0  hanshu.o ABSOLUTE
    ..\Hardware\src\key.c                    0x00000000   Number         0  key.o ABSOLUTE
    ..\Hardware\src\pwm.c                    0x00000000   Number         0  pwm.o ABSOLUTE
    ..\Hardware\src\shumaguan.c              0x00000000   Number         0  shumaguan.o ABSOLUTE
    ..\Libraries\CMSIS\core_cm3.c            0x00000000   Number         0  core_cm3.o ABSOLUTE
    ..\Libraries\CMSIS\startup\startup_stm32f10x_hd.s 0x00000000   Number         0  startup_stm32f10x_hd.o ABSOLUTE
    ..\Libraries\CMSIS\system_stm32f10x.c    0x00000000   Number         0  system_stm32f10x.o ABSOLUTE
    ..\Libraries\FWLIB\src\misc.c            0x00000000   Number         0  misc.o ABSOLUTE
    ..\Libraries\FWLIB\src\stm32f10x_adc.c   0x00000000   Number         0  stm32f10x_adc.o ABSOLUTE
    ..\Libraries\FWLIB\src\stm32f10x_bkp.c   0x00000000   Number         0  stm32f10x_bkp.o ABSOLUTE
    ..\Libraries\FWLIB\src\stm32f10x_can.c   0x00000000   Number         0  stm32f10x_can.o ABSOLUTE
    ..\Libraries\FWLIB\src\stm32f10x_cec.c   0x00000000   Number         0  stm32f10x_cec.o ABSOLUTE
    ..\Libraries\FWLIB\src\stm32f10x_crc.c   0x00000000   Number         0  stm32f10x_crc.o ABSOLUTE
    ..\Libraries\FWLIB\src\stm32f10x_dac.c   0x00000000   Number         0  stm32f10x_dac.o ABSOLUTE
    ..\Libraries\FWLIB\src\stm32f10x_dbgmcu.c 0x00000000   Number         0  stm32f10x_dbgmcu.o ABSOLUTE
    ..\Libraries\FWLIB\src\stm32f10x_dma.c   0x00000000   Number         0  stm32f10x_dma.o ABSOLUTE
    ..\Libraries\FWLIB\src\stm32f10x_exti.c  0x00000000   Number         0  stm32f10x_exti.o ABSOLUTE
    ..\Libraries\FWLIB\src\stm32f10x_flash.c 0x00000000   Number         0  stm32f10x_flash.o ABSOLUTE
    ..\Libraries\FWLIB\src\stm32f10x_fsmc.c  0x00000000   Number         0  stm32f10x_fsmc.o ABSOLUTE
    ..\Libraries\FWLIB\src\stm32f10x_gpio.c  0x00000000   Number         0  stm32f10x_gpio.o ABSOLUTE
    ..\Libraries\FWLIB\src\stm32f10x_i2c.c   0x00000000   Number         0  stm32f10x_i2c.o ABSOLUTE
    ..\Libraries\FWLIB\src\stm32f10x_iwdg.c  0x00000000   Number         0  stm32f10x_iwdg.o ABSOLUTE
    ..\Libraries\FWLIB\src\stm32f10x_pwr.c   0x00000000   Number         0  stm32f10x_pwr.o ABSOLUTE
    ..\Libraries\FWLIB\src\stm32f10x_rcc.c   0x00000000   Number         0  stm32f10x_rcc.o ABSOLUTE
    ..\Libraries\FWLIB\src\stm32f10x_rtc.c   0x00000000   Number         0  stm32f10x_rtc.o ABSOLUTE
    ..\Libraries\FWLIB\src\stm32f10x_sdio.c  0x00000000   Number         0  stm32f10x_sdio.o ABSOLUTE
    ..\Libraries\FWLIB\src\stm32f10x_spi.c   0x00000000   Number         0  stm32f10x_spi.o ABSOLUTE
    ..\Libraries\FWLIB\src\stm32f10x_tim.c   0x00000000   Number         0  stm32f10x_tim.o ABSOLUTE
    ..\Libraries\FWLIB\src\stm32f10x_usart.c 0x00000000   Number         0  stm32f10x_usart.o ABSOLUTE
    ..\Libraries\FWLIB\src\stm32f10x_wwdg.c  0x00000000   Number         0  stm32f10x_wwdg.o ABSOLUTE
    ..\MyLibraries\src\ange_DMA.c            0x00000000   Number         0  ange_dma.o ABSOLUTE
    ..\MyLibraries\src\ange_SysTick.c        0x00000000   Number         0  ange_systick.o ABSOLUTE
    ..\MyLibraries\src\ange_USART.c          0x00000000   Number         0  ange_usart.o ABSOLUTE
    ..\MyLibraries\src\ange_ad.c             0x00000000   Number         0  ange_ad.o ABSOLUTE
    ..\MyLibraries\src\ange_da.c             0x00000000   Number         0  ange_da.o ABSOLUTE
    ..\MyLibraries\src\ange_exti.c           0x00000000   Number         0  ange_exti.o ABSOLUTE
    ..\MyLibraries\src\ange_flash.c          0x00000000   Number         0  ange_flash.o ABSOLUTE
    ..\MyLibraries\src\ange_iic.c            0x00000000   Number         0  ange_iic.o ABSOLUTE
    ..\MyLibraries\src\ange_pwr.c            0x00000000   Number         0  ange_pwr.o ABSOLUTE
    ..\MyLibraries\src\ange_rcc.c            0x00000000   Number         0  ange_rcc.o ABSOLUTE
    ..\MyLibraries\src\ange_rtc_bkp.c        0x00000000   Number         0  ange_rtc_bkp.o ABSOLUTE
    ..\MyLibraries\src\ange_spi.c            0x00000000   Number         0  ange_spi.o ABSOLUTE
    ..\MyLibraries\src\ange_timg.c           0x00000000   Number         0  ange_timg.o ABSOLUTE
    ..\MyLibraries\src\ange_timj.c           0x00000000   Number         0  ange_timj.o ABSOLUTE
    ..\MyLibraries\src\ange_timt.c           0x00000000   Number         0  ange_timt.o ABSOLUTE
    ..\MyLibraries\src\ange_wdg.c            0x00000000   Number         0  ange_wdg.o ABSOLUTE
    ..\MyLibraries\src\bsp_led.c             0x00000000   Number         0  bsp_led.o ABSOLUTE
    ..\MyLibraries\src\flash.c               0x00000000   Number         0  flash.o ABSOLUTE
    ..\User\main.c                           0x00000000   Number         0  main.o ABSOLUTE
    ..\User\mainfuzhu.c                      0x00000000   Number         0  mainfuzhu.o ABSOLUTE
    ..\User\stm32f10x_it.c                   0x00000000   Number         0  stm32f10x_it.o ABSOLUTE
    ..\\Hardware\\src\\AD5410.C              0x00000000   Number         0  ad5410.o ABSOLUTE
    ..\\Hardware\\src\\AD9910V1.C            0x00000000   Number         0  ad9910v1.o ABSOLUTE
    ..\\Hardware\\src\\ADDA.C                0x00000000   Number         0  adda.o ABSOLUTE
    ..\\Hardware\\src\\DDS_API.c             0x00000000   Number         0  dds_api.o ABSOLUTE
    ..\\Hardware\\src\\NRF2401.c             0x00000000   Number         0  nrf2401.o ABSOLUTE
    ..\\Hardware\\src\\OLED12864.c           0x00000000   Number         0  oled12864.o ABSOLUTE
    ..\\Hardware\\src\\ad7799.c              0x00000000   Number         0  ad7799.o ABSOLUTE
    ..\\Hardware\\src\\ads8361.c             0x00000000   Number         0  ads8361.o ABSOLUTE
    ..\\Hardware\\src\\chuankouping.c        0x00000000   Number         0  chuankouping.o ABSOLUTE
    ..\\Hardware\\src\\hanshu.c              0x00000000   Number         0  hanshu.o ABSOLUTE
    ..\\Hardware\\src\\key.c                 0x00000000   Number         0  key.o ABSOLUTE
    ..\\Hardware\\src\\pwm.c                 0x00000000   Number         0  pwm.o ABSOLUTE
    ..\\Hardware\\src\\shumaguan.c           0x00000000   Number         0  shumaguan.o ABSOLUTE
    ..\\Libraries\\CMSIS\\core_cm3.c         0x00000000   Number         0  core_cm3.o ABSOLUTE
    ..\\Libraries\\CMSIS\\system_stm32f10x.c 0x00000000   Number         0  system_stm32f10x.o ABSOLUTE
    ..\\Libraries\\FWLIB\\src\\misc.c        0x00000000   Number         0  misc.o ABSOLUTE
    ..\\Libraries\\FWLIB\\src\\stm32f10x_adc.c 0x00000000   Number         0  stm32f10x_adc.o ABSOLUTE
    ..\\Libraries\\FWLIB\\src\\stm32f10x_bkp.c 0x00000000   Number         0  stm32f10x_bkp.o ABSOLUTE
    ..\\Libraries\\FWLIB\\src\\stm32f10x_can.c 0x00000000   Number         0  stm32f10x_can.o ABSOLUTE
    ..\\Libraries\\FWLIB\\src\\stm32f10x_cec.c 0x00000000   Number         0  stm32f10x_cec.o ABSOLUTE
    ..\\Libraries\\FWLIB\\src\\stm32f10x_crc.c 0x00000000   Number         0  stm32f10x_crc.o ABSOLUTE
    ..\\Libraries\\FWLIB\\src\\stm32f10x_dac.c 0x00000000   Number         0  stm32f10x_dac.o ABSOLUTE
    ..\\Libraries\\FWLIB\\src\\stm32f10x_dbgmcu.c 0x00000000   Number         0  stm32f10x_dbgmcu.o ABSOLUTE
    ..\\Libraries\\FWLIB\\src\\stm32f10x_dma.c 0x00000000   Number         0  stm32f10x_dma.o ABSOLUTE
    ..\\Libraries\\FWLIB\\src\\stm32f10x_exti.c 0x00000000   Number         0  stm32f10x_exti.o ABSOLUTE
    ..\\Libraries\\FWLIB\\src\\stm32f10x_flash.c 0x00000000   Number         0  stm32f10x_flash.o ABSOLUTE
    ..\\Libraries\\FWLIB\\src\\stm32f10x_fsmc.c 0x00000000   Number         0  stm32f10x_fsmc.o ABSOLUTE
    ..\\Libraries\\FWLIB\\src\\stm32f10x_gpio.c 0x00000000   Number         0  stm32f10x_gpio.o ABSOLUTE
    ..\\Libraries\\FWLIB\\src\\stm32f10x_i2c.c 0x00000000   Number         0  stm32f10x_i2c.o ABSOLUTE
    ..\\Libraries\\FWLIB\\src\\stm32f10x_iwdg.c 0x00000000   Number         0  stm32f10x_iwdg.o ABSOLUTE
    ..\\Libraries\\FWLIB\\src\\stm32f10x_pwr.c 0x00000000   Number         0  stm32f10x_pwr.o ABSOLUTE
    ..\\Libraries\\FWLIB\\src\\stm32f10x_rcc.c 0x00000000   Number         0  stm32f10x_rcc.o ABSOLUTE
    ..\\Libraries\\FWLIB\\src\\stm32f10x_rtc.c 0x00000000   Number         0  stm32f10x_rtc.o ABSOLUTE
    ..\\Libraries\\FWLIB\\src\\stm32f10x_sdio.c 0x00000000   Number         0  stm32f10x_sdio.o ABSOLUTE
    ..\\Libraries\\FWLIB\\src\\stm32f10x_spi.c 0x00000000   Number         0  stm32f10x_spi.o ABSOLUTE
    ..\\Libraries\\FWLIB\\src\\stm32f10x_tim.c 0x00000000   Number         0  stm32f10x_tim.o ABSOLUTE
    ..\\Libraries\\FWLIB\\src\\stm32f10x_usart.c 0x00000000   Number         0  stm32f10x_usart.o ABSOLUTE
    ..\\Libraries\\FWLIB\\src\\stm32f10x_wwdg.c 0x00000000   Number         0  stm32f10x_wwdg.o ABSOLUTE
    ..\\MyLibraries\\src\\ange_DMA.c         0x00000000   Number         0  ange_dma.o ABSOLUTE
    ..\\MyLibraries\\src\\ange_SysTick.c     0x00000000   Number         0  ange_systick.o ABSOLUTE
    ..\\MyLibraries\\src\\ange_USART.c       0x00000000   Number         0  ange_usart.o ABSOLUTE
    ..\\MyLibraries\\src\\ange_ad.c          0x00000000   Number         0  ange_ad.o ABSOLUTE
    ..\\MyLibraries\\src\\ange_da.c          0x00000000   Number         0  ange_da.o ABSOLUTE
    ..\\MyLibraries\\src\\ange_exti.c        0x00000000   Number         0  ange_exti.o ABSOLUTE
    ..\\MyLibraries\\src\\ange_flash.c       0x00000000   Number         0  ange_flash.o ABSOLUTE
    ..\\MyLibraries\\src\\ange_iic.c         0x00000000   Number         0  ange_iic.o ABSOLUTE
    ..\\MyLibraries\\src\\ange_pwr.c         0x00000000   Number         0  ange_pwr.o ABSOLUTE
    ..\\MyLibraries\\src\\ange_rcc.c         0x00000000   Number         0  ange_rcc.o ABSOLUTE
    ..\\MyLibraries\\src\\ange_rtc_bkp.c     0x00000000   Number         0  ange_rtc_bkp.o ABSOLUTE
    ..\\MyLibraries\\src\\ange_spi.c         0x00000000   Number         0  ange_spi.o ABSOLUTE
    ..\\MyLibraries\\src\\ange_timg.c        0x00000000   Number         0  ange_timg.o ABSOLUTE
    ..\\MyLibraries\\src\\ange_timj.c        0x00000000   Number         0  ange_timj.o ABSOLUTE
    ..\\MyLibraries\\src\\ange_timt.c        0x00000000   Number         0  ange_timt.o ABSOLUTE
    ..\\MyLibraries\\src\\ange_wdg.c         0x00000000   Number         0  ange_wdg.o ABSOLUTE
    ..\\MyLibraries\\src\\bsp_led.c          0x00000000   Number         0  bsp_led.o ABSOLUTE
    ..\\MyLibraries\\src\\flash.c            0x00000000   Number         0  flash.o ABSOLUTE
    ..\\User\\main.c                         0x00000000   Number         0  main.o ABSOLUTE
    ..\\User\\mainfuzhu.c                    0x00000000   Number         0  mainfuzhu.o ABSOLUTE
    ..\\User\\stm32f10x_it.c                 0x00000000   Number         0  stm32f10x_it.o ABSOLUTE
    cdrcmple.s                               0x00000000   Number         0  cdrcmple.o ABSOLUTE
    dc.s                                     0x00000000   Number         0  dc.o ABSOLUTE
    handlers.s                               0x00000000   Number         0  handlers.o ABSOLUTE
    init.s                                   0x00000000   Number         0  init.o ABSOLUTE
    RESET                                    0x08000000   Section      304  startup_stm32f10x_hd.o(RESET)
    .ARM.Collect$$$$00000000                 0x08000130   Section        0  entry.o(.ARM.Collect$$$$00000000)
    .ARM.Collect$$$$00000001                 0x08000130   Section        4  entry2.o(.ARM.Collect$$$$00000001)
    .ARM.Collect$$$$00000004                 0x08000134   Section        4  entry5.o(.ARM.Collect$$$$00000004)
    .ARM.Collect$$$$00000008                 0x08000138   Section        0  entry7b.o(.ARM.Collect$$$$00000008)
    .ARM.Collect$$$$0000000A                 0x08000138   Section        0  entry8b.o(.ARM.Collect$$$$0000000A)
    .ARM.Collect$$$$0000000B                 0x08000138   Section        8  entry9a.o(.ARM.Collect$$$$0000000B)
    .ARM.Collect$$$$0000000D                 0x08000140   Section        0  entry10a.o(.ARM.Collect$$$$0000000D)
    .ARM.Collect$$$$0000000F                 0x08000140   Section        0  entry11a.o(.ARM.Collect$$$$0000000F)
    .ARM.Collect$$$$00002712                 0x08000140   Section        4  entry2.o(.ARM.Collect$$$$00002712)
    __lit__00000000                          0x08000140   Data           4  entry2.o(.ARM.Collect$$$$00002712)
    .text                                    0x08000144   Section       36  startup_stm32f10x_hd.o(.text)
    .text                                    0x08000168   Section        0  dadd.o(.text)
    .text                                    0x080002b6   Section        0  dmul.o(.text)
    .text                                    0x0800039a   Section        0  ddiv.o(.text)
    .text                                    0x08000478   Section        0  uidiv.o(.text)
    .text                                    0x080004a4   Section        0  uldiv.o(.text)
    .text                                    0x08000506   Section        0  llshl.o(.text)
    .text                                    0x08000524   Section        0  llushr.o(.text)
    .text                                    0x08000544   Section        0  llsshr.o(.text)
    .text                                    0x08000568   Section        0  depilogue.o(.text)
    .text                                    0x08000568   Section        0  iusefp.o(.text)
    .text                                    0x08000622   Section        0  dfixul.o(.text)
    .text                                    0x08000654   Section       48  cdrcmple.o(.text)
    .text                                    0x08000684   Section       36  init.o(.text)
    i.ADC1_2_IRQHandler                      0x080006a8   Section        0  ange_ad.o(i.ADC1_2_IRQHandler)
    i.ADC_ClearITPendingBit                  0x080006d4   Section        0  stm32f10x_adc.o(i.ADC_ClearITPendingBit)
    i.ADC_GetConversionValue                 0x080006de   Section        0  stm32f10x_adc.o(i.ADC_GetConversionValue)
    i.ADC_GetITStatus                        0x080006e6   Section        0  stm32f10x_adc.o(i.ADC_GetITStatus)
    i.BKP_ClearFlag                          0x0800070c   Section        0  stm32f10x_bkp.o(i.BKP_ClearFlag)
    i.BKP_ClearITPendingBit                  0x08000720   Section        0  stm32f10x_bkp.o(i.BKP_ClearITPendingBit)
    i.BKP_GetITStatus                        0x08000734   Section        0  stm32f10x_bkp.o(i.BKP_GetITStatus)
    i.BusFault_Handler                       0x08000740   Section        0  stm32f10x_it.o(i.BusFault_Handler)
    i.DBGMCU_Config                          0x08000744   Section        0  stm32f10x_dbgmcu.o(i.DBGMCU_Config)
    i.DebugMon_Handler                       0x08000764   Section        0  stm32f10x_it.o(i.DebugMon_Handler)
    i.Delay_10us                             0x08000766   Section        0  main.o(i.Delay_10us)
    Delay_10us                               0x08000767   Thumb Code    22  main.o(i.Delay_10us)
    i.EXTI0_IRQHandler                       0x0800077c   Section        0  ange_exti.o(i.EXTI0_IRQHandler)
    i.EXTI4_IRQHandler                       0x080007a0   Section        0  nrf2401.o(i.EXTI4_IRQHandler)
    i.EXTI_ClearITPendingBit                 0x08000840   Section        0  stm32f10x_exti.o(i.EXTI_ClearITPendingBit)
    i.EXTI_GetITStatus                       0x0800084c   Section        0  stm32f10x_exti.o(i.EXTI_GetITStatus)
    i.GPIO_Init                              0x08000874   Section        0  stm32f10x_gpio.o(i.GPIO_Init)
    i.GPIO_ResetBits                         0x0800098a   Section        0  stm32f10x_gpio.o(i.GPIO_ResetBits)
    i.GPIO_SetBits                           0x0800098e   Section        0  stm32f10x_gpio.o(i.GPIO_SetBits)
    i.HardFault_Handler                      0x08000992   Section        0  stm32f10x_it.o(i.HardFault_Handler)
    i.MemManage_Handler                      0x08000996   Section        0  stm32f10x_it.o(i.MemManage_Handler)
    i.NMI_Handler                            0x0800099a   Section        0  stm32f10x_it.o(i.NMI_Handler)
    i.PVD_IRQHandler                         0x0800099c   Section        0  ange_pwr.o(i.PVD_IRQHandler)
    i.PWR_GetFlagStatus                      0x080009b0   Section        0  stm32f10x_pwr.o(i.PWR_GetFlagStatus)
    i.PendSV_Handler                         0x080009c8   Section        0  stm32f10x_it.o(i.PendSV_Handler)
    i.RCC_APB2PeriphClockCmd                 0x080009cc   Section        0  stm32f10x_rcc.o(i.RCC_APB2PeriphClockCmd)
    i.RTC_ClearITPendingBit                  0x080009ec   Section        0  stm32f10x_rtc.o(i.RTC_ClearITPendingBit)
    i.RTC_GetCounter                         0x080009fc   Section        0  stm32f10x_rtc.o(i.RTC_GetCounter)
    i.RTC_GetITStatus                        0x08000a10   Section        0  stm32f10x_rtc.o(i.RTC_GetITStatus)
    i.RTC_IRQHandler                         0x08000a34   Section        0  ange_rtc_bkp.o(i.RTC_IRQHandler)
    i.SPI_NRF_RW                             0x08000a80   Section        0  nrf2401.o(i.SPI_NRF_RW)
    i.SPI_NRF_ReadBuf                        0x08000ae4   Section        0  nrf2401.o(i.SPI_NRF_ReadBuf)
    i.SPI_NRF_ReadReg                        0x08000b2c   Section        0  nrf2401.o(i.SPI_NRF_ReadReg)
    i.SPI_NRF_WriteReg                       0x08000b60   Section        0  nrf2401.o(i.SPI_NRF_WriteReg)
    i.SVC_Handler                            0x08000b94   Section        0  stm32f10x_it.o(i.SVC_Handler)
    i.SetSysClock                            0x08000b96   Section        0  system_stm32f10x.o(i.SetSysClock)
    SetSysClock                              0x08000b97   Thumb Code     8  system_stm32f10x.o(i.SetSysClock)
    i.SetSysClockTo72                        0x08000ba0   Section        0  system_stm32f10x.o(i.SetSysClockTo72)
    SetSysClockTo72                          0x08000ba1   Thumb Code   214  system_stm32f10x.o(i.SetSysClockTo72)
    i.SysTick_Handler                        0x08000c80   Section        0  stm32f10x_it.o(i.SysTick_Handler)
    i.SysTickreduce                          0x08000c8c   Section        0  ange_systick.o(i.SysTickreduce)
    i.SysTickreduce2                         0x08000ca4   Section        0  ange_systick.o(i.SysTickreduce2)
    i.SystemInit                             0x08000cbc   Section        0  system_stm32f10x.o(i.SystemInit)
    i.TAMPER_IRQHandler                      0x08000d1c   Section        0  ange_rtc_bkp.o(i.TAMPER_IRQHandler)
    i.TIM1_CC_IRQHandler                     0x08000d50   Section        0  ange_timg.o(i.TIM1_CC_IRQHandler)
    i.TIM1_UP_IRQHandler                     0x08000d94   Section        0  ange_timj.o(i.TIM1_UP_IRQHandler)
    i.TIM2_IRQHandler                        0x08000dc0   Section        0  ange_timt.o(i.TIM2_IRQHandler)
    i.TIM_BDTRConfig                         0x08000e44   Section        0  stm32f10x_tim.o(i.TIM_BDTRConfig)
    i.TIM_ClearITPendingBit                  0x08000e64   Section        0  stm32f10x_tim.o(i.TIM_ClearITPendingBit)
    i.TIM_Cmd                                0x08000e6a   Section        0  stm32f10x_tim.o(i.TIM_Cmd)
    i.TIM_CtrlPWMOutputs                     0x08000e82   Section        0  stm32f10x_tim.o(i.TIM_CtrlPWMOutputs)
    i.TIM_GetCapture1                        0x08000ea0   Section        0  stm32f10x_tim.o(i.TIM_GetCapture1)
    i.TIM_GetCapture2                        0x08000ea6   Section        0  stm32f10x_tim.o(i.TIM_GetCapture2)
    i.TIM_GetITStatus                        0x08000eac   Section        0  stm32f10x_tim.o(i.TIM_GetITStatus)
    i.TIM_OC1Init                            0x08000ed0   Section        0  stm32f10x_tim.o(i.TIM_OC1Init)
    i.TIM_OC1PolarityConfig                  0x08000f68   Section        0  stm32f10x_tim.o(i.TIM_OC1PolarityConfig)
    i.TIM_OC1PreloadConfig                   0x08000f7a   Section        0  stm32f10x_tim.o(i.TIM_OC1PreloadConfig)
    i.TIM_SetCounter                         0x08000f8c   Section        0  stm32f10x_tim.o(i.TIM_SetCounter)
    i.TIM_TimeBaseInit                       0x08000f90   Section        0  stm32f10x_tim.o(i.TIM_TimeBaseInit)
    i.USART_GetFlagStatus                    0x08001034   Section        0  stm32f10x_usart.o(i.USART_GetFlagStatus)
    i.USART_SendData                         0x0800104e   Section        0  stm32f10x_usart.o(i.USART_SendData)
    i.UsageFault_Handler                     0x08001056   Section        0  stm32f10x_it.o(i.UsageFault_Handler)
    i.WWDG_ClearFlag                         0x0800105c   Section        0  stm32f10x_wwdg.o(i.WWDG_ClearFlag)
    i.WWDG_IRQHandler                        0x08001068   Section        0  ange_wdg.o(i.WWDG_IRQHandler)
    i.__0printf                              0x08001070   Section        0  printfa.o(i.__0printf)
    i.__scatterload_copy                     0x08001090   Section       14  handlers.o(i.__scatterload_copy)
    i.__scatterload_null                     0x0800109e   Section        2  handlers.o(i.__scatterload_null)
    i.__scatterload_zeroinit                 0x080010a0   Section       14  handlers.o(i.__scatterload_zeroinit)
    i._fp_digits                             0x080010b0   Section        0  printfa.o(i._fp_digits)
    _fp_digits                               0x080010b1   Thumb Code   366  printfa.o(i._fp_digits)
    i._printf_core                           0x08001234   Section        0  printfa.o(i._printf_core)
    _printf_core                             0x08001235   Thumb Code  1744  printfa.o(i._printf_core)
    i._printf_post_padding                   0x08001910   Section        0  printfa.o(i._printf_post_padding)
    _printf_post_padding                     0x08001911   Thumb Code    36  printfa.o(i._printf_post_padding)
    i._printf_pre_padding                    0x08001934   Section        0  printfa.o(i._printf_pre_padding)
    _printf_pre_padding                      0x08001935   Thumb Code    46  printfa.o(i._printf_pre_padding)
    i.ange_TIMg_PWM_BDTR_Config              0x08001964   Section        0  ange_timg.o(i.ange_TIMg_PWM_BDTR_Config)
    i.ange_TIMg_PWM_BDTR_GPIO_Config         0x080019a4   Section        0  ange_timg.o(i.ange_TIMg_PWM_BDTR_GPIO_Config)
    i.ange_TIMg_PWM_Config                   0x080019dc   Section        0  ange_timg.o(i.ange_TIMg_PWM_Config)
    i.ange_TIMg_PWM_GPIO_Config              0x08001a68   Section        0  ange_timg.o(i.ange_TIMg_PWM_GPIO_Config)
    i.ange_TIMg_PWM_init                     0x08001ac8   Section        0  ange_timg.o(i.ange_TIMg_PWM_init)
    i.ange_usart_sendbyte                    0x08001adc   Section        0  ange_usart.o(i.ange_usart_sendbyte)
    i.fputc                                  0x08001afc   Section        0  ange_usart.o(i.fputc)
    i.main                                   0x08001b20   Section        0  main.o(i.main)
    .data                                    0x20000000   Section        8  ange_systick.o(.data)
    .data                                    0x20000008   Section        5  ange_timg.o(.data)
    .data                                    0x20000010   Section        4  ange_timj.o(.data)
    .data                                    0x20000014   Section        6  ange_timt.o(.data)
    .data                                    0x2000001a   Section        2  ange_ad.o(.data)
    .data                                    0x2000001c   Section       18  nrf2401.o(.data)
    .data                                    0x20000030   Section        4  stdout.o(.data)
    .bss                                     0x20000034   Section       96  nrf2401.o(.bss)
    STACK                                    0x20000098   Section     1024  startup_stm32f10x_hd.o(STACK)

    Global Symbols

    Symbol Name                              Value     Ov Type        Size  Object(Section)

    BuildAttributes$$THM_ISAv4$P$D$K$B$S$PE$A:L22UL41UL21$X:L11$S22US41US21$IEEE1$IW$USESV6$~STKCKD$USESV7$~SHL$OTIME$ROPI$IEEEX$EBA8$MICROLIB$REQ8$PRES8$EABIv2 0x00000000   Number         0  anon$$obj.o ABSOLUTE
    __ARM_use_no_argv                        0x00000000   Number         0  main.o ABSOLUTE
    _printf_a                                0x00000000   Number         0  stubs.o ABSOLUTE
    _printf_c                                0x00000000   Number         0  stubs.o ABSOLUTE
    _printf_charcount                        0x00000000   Number         0  stubs.o ABSOLUTE
    _printf_d                                0x00000000   Number         0  stubs.o ABSOLUTE
    _printf_e                                0x00000000   Number         0  stubs.o ABSOLUTE
    _printf_f                                0x00000000   Number         0  stubs.o ABSOLUTE
    _printf_flags                            0x00000000   Number         0  stubs.o ABSOLUTE
    _printf_fp_dec                           0x00000000   Number         0  stubs.o ABSOLUTE
    _printf_fp_hex                           0x00000000   Number         0  stubs.o ABSOLUTE
    _printf_g                                0x00000000   Number         0  stubs.o ABSOLUTE
    _printf_i                                0x00000000   Number         0  stubs.o ABSOLUTE
    _printf_int_dec                          0x00000000   Number         0  stubs.o ABSOLUTE
    _printf_l                                0x00000000   Number         0  stubs.o ABSOLUTE
    _printf_lc                               0x00000000   Number         0  stubs.o ABSOLUTE
    _printf_ll                               0x00000000   Number         0  stubs.o ABSOLUTE
    _printf_lld                              0x00000000   Number         0  stubs.o ABSOLUTE
    _printf_lli                              0x00000000   Number         0  stubs.o ABSOLUTE
    _printf_llo                              0x00000000   Number         0  stubs.o ABSOLUTE
    _printf_llu                              0x00000000   Number         0  stubs.o ABSOLUTE
    _printf_llx                              0x00000000   Number         0  stubs.o ABSOLUTE
    _printf_longlong_dec                     0x00000000   Number         0  stubs.o ABSOLUTE
    _printf_longlong_hex                     0x00000000   Number         0  stubs.o ABSOLUTE
    _printf_longlong_oct                     0x00000000   Number         0  stubs.o ABSOLUTE
    _printf_ls                               0x00000000   Number         0  stubs.o ABSOLUTE
    _printf_mbtowc                           0x00000000   Number         0  stubs.o ABSOLUTE
    _printf_n                                0x00000000   Number         0  stubs.o ABSOLUTE
    _printf_o                                0x00000000   Number         0  stubs.o ABSOLUTE
    _printf_p                                0x00000000   Number         0  stubs.o ABSOLUTE
    _printf_percent                          0x00000000   Number         0  stubs.o ABSOLUTE
    _printf_pre_padding                      0x00000000   Number         0  stubs.o ABSOLUTE
    _printf_return_value                     0x00000000   Number         0  stubs.o ABSOLUTE
    _printf_s                                0x00000000   Number         0  stubs.o ABSOLUTE
    _printf_sizespec                         0x00000000   Number         0  stubs.o ABSOLUTE
    _printf_str                              0x00000000   Number         0  stubs.o ABSOLUTE
    _printf_truncate_signed                  0x00000000   Number         0  stubs.o ABSOLUTE
    _printf_truncate_unsigned                0x00000000   Number         0  stubs.o ABSOLUTE
    _printf_u                                0x00000000   Number         0  stubs.o ABSOLUTE
    _printf_wc                               0x00000000   Number         0  stubs.o ABSOLUTE
    _printf_wctomb                           0x00000000   Number         0  stubs.o ABSOLUTE
    _printf_widthprec                        0x00000000   Number         0  stubs.o ABSOLUTE
    _printf_x                                0x00000000   Number         0  stubs.o ABSOLUTE
    __cpp_initialize__aeabi_                  - Undefined Weak Reference
    __cxa_finalize                            - Undefined Weak Reference
    __decompress                              - Undefined Weak Reference
    _clock_init                               - Undefined Weak Reference
    _microlib_exit                            - Undefined Weak Reference
    __Vectors_Size                           0x00000130   Number         0  startup_stm32f10x_hd.o ABSOLUTE
    __Vectors                                0x08000000   Data           4  startup_stm32f10x_hd.o(RESET)
    __Vectors_End                            0x08000130   Data           0  startup_stm32f10x_hd.o(RESET)
    __main                                   0x08000131   Thumb Code     0  entry.o(.ARM.Collect$$$$00000000)
    _main_stk                                0x08000131   Thumb Code     0  entry2.o(.ARM.Collect$$$$00000001)
    _main_scatterload                        0x08000135   Thumb Code     0  entry5.o(.ARM.Collect$$$$00000004)
    __main_after_scatterload                 0x08000139   Thumb Code     0  entry5.o(.ARM.Collect$$$$00000004)
    _main_clock                              0x08000139   Thumb Code     0  entry7b.o(.ARM.Collect$$$$00000008)
    _main_cpp_init                           0x08000139   Thumb Code     0  entry8b.o(.ARM.Collect$$$$0000000A)
    _main_init                               0x08000139   Thumb Code     0  entry9a.o(.ARM.Collect$$$$0000000B)
    __rt_final_cpp                           0x08000141   Thumb Code     0  entry10a.o(.ARM.Collect$$$$0000000D)
    __rt_final_exit                          0x08000141   Thumb Code     0  entry11a.o(.ARM.Collect$$$$0000000F)
    Reset_Handler                            0x08000145   Thumb Code     8  startup_stm32f10x_hd.o(.text)
    ADC3_IRQHandler                          0x0800015f   Thumb Code     0  startup_stm32f10x_hd.o(.text)
    CAN1_RX1_IRQHandler                      0x0800015f   Thumb Code     0  startup_stm32f10x_hd.o(.text)
    CAN1_SCE_IRQHandler                      0x0800015f   Thumb Code     0  startup_stm32f10x_hd.o(.text)
    DMA1_Channel1_IRQHandler                 0x0800015f   Thumb Code     0  startup_stm32f10x_hd.o(.text)
    DMA1_Channel2_IRQHandler                 0x0800015f   Thumb Code     0  startup_stm32f10x_hd.o(.text)
    DMA1_Channel3_IRQHandler                 0x0800015f   Thumb Code     0  startup_stm32f10x_hd.o(.text)
    DMA1_Channel4_IRQHandler                 0x0800015f   Thumb Code     0  startup_stm32f10x_hd.o(.text)
    DMA1_Channel5_IRQHandler                 0x0800015f   Thumb Code     0  startup_stm32f10x_hd.o(.text)
    DMA1_Channel6_IRQHandler                 0x0800015f   Thumb Code     0  startup_stm32f10x_hd.o(.text)
    DMA1_Channel7_IRQHandler                 0x0800015f   Thumb Code     0  startup_stm32f10x_hd.o(.text)
    DMA2_Channel1_IRQHandler                 0x0800015f   Thumb Code     0  startup_stm32f10x_hd.o(.text)
    DMA2_Channel2_IRQHandler                 0x0800015f   Thumb Code     0  startup_stm32f10x_hd.o(.text)
    DMA2_Channel3_IRQHandler                 0x0800015f   Thumb Code     0  startup_stm32f10x_hd.o(.text)
    DMA2_Channel4_5_IRQHandler               0x0800015f   Thumb Code     0  startup_stm32f10x_hd.o(.text)
    EXTI15_10_IRQHandler                     0x0800015f   Thumb Code     0  startup_stm32f10x_hd.o(.text)
    EXTI1_IRQHandler                         0x0800015f   Thumb Code     0  startup_stm32f10x_hd.o(.text)
    EXTI2_IRQHandler                         0x0800015f   Thumb Code     0  startup_stm32f10x_hd.o(.text)
    EXTI3_IRQHandler                         0x0800015f   Thumb Code     0  startup_stm32f10x_hd.o(.text)
    EXTI9_5_IRQHandler                       0x0800015f   Thumb Code     0  startup_stm32f10x_hd.o(.text)
    FLASH_IRQHandler                         0x0800015f   Thumb Code     0  startup_stm32f10x_hd.o(.text)
    FSMC_IRQHandler                          0x0800015f   Thumb Code     0  startup_stm32f10x_hd.o(.text)
    I2C1_ER_IRQHandler                       0x0800015f   Thumb Code     0  startup_stm32f10x_hd.o(.text)
    I2C1_EV_IRQHandler                       0x0800015f   Thumb Code     0  startup_stm32f10x_hd.o(.text)
    I2C2_ER_IRQHandler                       0x0800015f   Thumb Code     0  startup_stm32f10x_hd.o(.text)
    I2C2_EV_IRQHandler                       0x0800015f   Thumb Code     0  startup_stm32f10x_hd.o(.text)
    RCC_IRQHandler                           0x0800015f   Thumb Code     0  startup_stm32f10x_hd.o(.text)
    RTCAlarm_IRQHandler                      0x0800015f   Thumb Code     0  startup_stm32f10x_hd.o(.text)
    SDIO_IRQHandler                          0x0800015f   Thumb Code     0  startup_stm32f10x_hd.o(.text)
    SPI1_IRQHandler                          0x0800015f   Thumb Code     0  startup_stm32f10x_hd.o(.text)
    SPI2_IRQHandler                          0x0800015f   Thumb Code     0  startup_stm32f10x_hd.o(.text)
    SPI3_IRQHandler                          0x0800015f   Thumb Code     0  startup_stm32f10x_hd.o(.text)
    TIM1_BRK_IRQHandler                      0x0800015f   Thumb Code     0  startup_stm32f10x_hd.o(.text)
    TIM1_TRG_COM_IRQHandler                  0x0800015f   Thumb Code     0  startup_stm32f10x_hd.o(.text)
    TIM3_IRQHandler                          0x0800015f   Thumb Code     0  startup_stm32f10x_hd.o(.text)
    TIM4_IRQHandler                          0x0800015f   Thumb Code     0  startup_stm32f10x_hd.o(.text)
    TIM5_IRQHandler                          0x0800015f   Thumb Code     0  startup_stm32f10x_hd.o(.text)
    TIM6_IRQHandler                          0x0800015f   Thumb Code     0  startup_stm32f10x_hd.o(.text)
    TIM7_IRQHandler                          0x0800015f   Thumb Code     0  startup_stm32f10x_hd.o(.text)
    TIM8_BRK_IRQHandler                      0x0800015f   Thumb Code     0  startup_stm32f10x_hd.o(.text)
    TIM8_CC_IRQHandler                       0x0800015f   Thumb Code     0  startup_stm32f10x_hd.o(.text)
    TIM8_TRG_COM_IRQHandler                  0x0800015f   Thumb Code     0  startup_stm32f10x_hd.o(.text)
    TIM8_UP_IRQHandler                       0x0800015f   Thumb Code     0  startup_stm32f10x_hd.o(.text)
    UART4_IRQHandler                         0x0800015f   Thumb Code     0  startup_stm32f10x_hd.o(.text)
    UART5_IRQHandler                         0x0800015f   Thumb Code     0  startup_stm32f10x_hd.o(.text)
    USART1_IRQHandler                        0x0800015f   Thumb Code     0  startup_stm32f10x_hd.o(.text)
    USART2_IRQHandler                        0x0800015f   Thumb Code     0  startup_stm32f10x_hd.o(.text)
    USART3_IRQHandler                        0x0800015f   Thumb Code     0  startup_stm32f10x_hd.o(.text)
    USBWakeUp_IRQHandler                     0x0800015f   Thumb Code     0  startup_stm32f10x_hd.o(.text)
    USB_HP_CAN1_TX_IRQHandler                0x0800015f   Thumb Code     0  startup_stm32f10x_hd.o(.text)
    USB_LP_CAN1_RX0_IRQHandler               0x0800015f   Thumb Code     0  startup_stm32f10x_hd.o(.text)
    __aeabi_dadd                             0x08000169   Thumb Code   322  dadd.o(.text)
    __aeabi_dsub                             0x080002ab   Thumb Code     6  dadd.o(.text)
    __aeabi_drsub                            0x080002b1   Thumb Code     6  dadd.o(.text)
    __aeabi_dmul                             0x080002b7   Thumb Code   228  dmul.o(.text)
    __aeabi_ddiv                             0x0800039b   Thumb Code   222  ddiv.o(.text)
    __aeabi_uidiv                            0x08000479   Thumb Code     0  uidiv.o(.text)
    __aeabi_uidivmod                         0x08000479   Thumb Code    44  uidiv.o(.text)
    __aeabi_uldivmod                         0x080004a5   Thumb Code    98  uldiv.o(.text)
    __aeabi_llsl                             0x08000507   Thumb Code    30  llshl.o(.text)
    _ll_shift_l                              0x08000507   Thumb Code     0  llshl.o(.text)
    __aeabi_llsr                             0x08000525   Thumb Code    32  llushr.o(.text)
    _ll_ushift_r                             0x08000525   Thumb Code     0  llushr.o(.text)
    __aeabi_lasr                             0x08000545   Thumb Code    36  llsshr.o(.text)
    _ll_sshift_r                             0x08000545   Thumb Code     0  llsshr.o(.text)
    __I$use$fp                               0x08000569   Thumb Code     0  iusefp.o(.text)
    _double_round                            0x08000569   Thumb Code    30  depilogue.o(.text)
    _double_epilogue                         0x08000587   Thumb Code   156  depilogue.o(.text)
    __aeabi_d2ulz                            0x08000623   Thumb Code    48  dfixul.o(.text)
    __aeabi_cdrcmple                         0x08000655   Thumb Code    48  cdrcmple.o(.text)
    __scatterload                            0x08000685   Thumb Code    28  init.o(.text)
    __scatterload_rt2                        0x08000685   Thumb Code     0  init.o(.text)
    ADC1_2_IRQHandler                        0x080006a9   Thumb Code    36  ange_ad.o(i.ADC1_2_IRQHandler)
    ADC_ClearITPendingBit                    0x080006d5   Thumb Code    10  stm32f10x_adc.o(i.ADC_ClearITPendingBit)
    ADC_GetConversionValue                   0x080006df   Thumb Code     8  stm32f10x_adc.o(i.ADC_GetConversionValue)
    ADC_GetITStatus                          0x080006e7   Thumb Code    36  stm32f10x_adc.o(i.ADC_GetITStatus)
    BKP_ClearFlag                            0x0800070d   Thumb Code    14  stm32f10x_bkp.o(i.BKP_ClearFlag)
    BKP_ClearITPendingBit                    0x08000721   Thumb Code    14  stm32f10x_bkp.o(i.BKP_ClearITPendingBit)
    BKP_GetITStatus                          0x08000735   Thumb Code     8  stm32f10x_bkp.o(i.BKP_GetITStatus)
    BusFault_Handler                         0x08000741   Thumb Code     4  stm32f10x_it.o(i.BusFault_Handler)
    DBGMCU_Config                            0x08000745   Thumb Code    26  stm32f10x_dbgmcu.o(i.DBGMCU_Config)
    DebugMon_Handler                         0x08000765   Thumb Code     2  stm32f10x_it.o(i.DebugMon_Handler)
    EXTI0_IRQHandler                         0x0800077d   Thumb Code    30  ange_exti.o(i.EXTI0_IRQHandler)
    EXTI4_IRQHandler                         0x080007a1   Thumb Code   136  nrf2401.o(i.EXTI4_IRQHandler)
    EXTI_ClearITPendingBit                   0x08000841   Thumb Code     6  stm32f10x_exti.o(i.EXTI_ClearITPendingBit)
    EXTI_GetITStatus                         0x0800084d   Thumb Code    34  stm32f10x_exti.o(i.EXTI_GetITStatus)
    GPIO_Init                                0x08000875   Thumb Code   278  stm32f10x_gpio.o(i.GPIO_Init)
    GPIO_ResetBits                           0x0800098b   Thumb Code     4  stm32f10x_gpio.o(i.GPIO_ResetBits)
    GPIO_SetBits                             0x0800098f   Thumb Code     4  stm32f10x_gpio.o(i.GPIO_SetBits)
    HardFault_Handler                        0x08000993   Thumb Code     4  stm32f10x_it.o(i.HardFault_Handler)
    MemManage_Handler                        0x08000997   Thumb Code     4  stm32f10x_it.o(i.MemManage_Handler)
    NMI_Handler                              0x0800099b   Thumb Code     2  stm32f10x_it.o(i.NMI_Handler)
    PVD_IRQHandler                           0x0800099d   Thumb Code    18  ange_pwr.o(i.PVD_IRQHandler)
    PWR_GetFlagStatus                        0x080009b1   Thumb Code    20  stm32f10x_pwr.o(i.PWR_GetFlagStatus)
    PendSV_Handler                           0x080009c9   Thumb Code     2  stm32f10x_it.o(i.PendSV_Handler)
    RCC_APB2PeriphClockCmd                   0x080009cd   Thumb Code    26  stm32f10x_rcc.o(i.RCC_APB2PeriphClockCmd)
    RTC_ClearITPendingBit                    0x080009ed   Thumb Code    12  stm32f10x_rtc.o(i.RTC_ClearITPendingBit)
    RTC_GetCounter                           0x080009fd   Thumb Code    16  stm32f10x_rtc.o(i.RTC_GetCounter)
    RTC_GetITStatus                          0x08000a11   Thumb Code    32  stm32f10x_rtc.o(i.RTC_GetITStatus)
    RTC_IRQHandler                           0x08000a35   Thumb Code    58  ange_rtc_bkp.o(i.RTC_IRQHandler)
    SPI_NRF_RW                               0x08000a81   Thumb Code    90  nrf2401.o(i.SPI_NRF_RW)
    SPI_NRF_ReadBuf                          0x08000ae5   Thumb Code    68  nrf2401.o(i.SPI_NRF_ReadBuf)
    SPI_NRF_ReadReg                          0x08000b2d   Thumb Code    46  nrf2401.o(i.SPI_NRF_ReadReg)
    SPI_NRF_WriteReg                         0x08000b61   Thumb Code    48  nrf2401.o(i.SPI_NRF_WriteReg)
    SVC_Handler                              0x08000b95   Thumb Code     2  stm32f10x_it.o(i.SVC_Handler)
    SysTick_Handler                          0x08000c81   Thumb Code    12  stm32f10x_it.o(i.SysTick_Handler)
    SysTickreduce                            0x08000c8d   Thumb Code    18  ange_systick.o(i.SysTickreduce)
    SysTickreduce2                           0x08000ca5   Thumb Code    18  ange_systick.o(i.SysTickreduce2)
    SystemInit                               0x08000cbd   Thumb Code    78  system_stm32f10x.o(i.SystemInit)
    TAMPER_IRQHandler                        0x08000d1d   Thumb Code    26  ange_rtc_bkp.o(i.TAMPER_IRQHandler)
    TIM1_CC_IRQHandler                       0x08000d51   Thumb Code    50  ange_timg.o(i.TIM1_CC_IRQHandler)
    TIM1_UP_IRQHandler                       0x08000d95   Thumb Code    34  ange_timj.o(i.TIM1_UP_IRQHandler)
    TIM2_IRQHandler                          0x08000dc1   Thumb Code   128  ange_timt.o(i.TIM2_IRQHandler)
    TIM_BDTRConfig                           0x08000e45   Thumb Code    32  stm32f10x_tim.o(i.TIM_BDTRConfig)
    TIM_ClearITPendingBit                    0x08000e65   Thumb Code     6  stm32f10x_tim.o(i.TIM_ClearITPendingBit)
    TIM_Cmd                                  0x08000e6b   Thumb Code    24  stm32f10x_tim.o(i.TIM_Cmd)
    TIM_CtrlPWMOutputs                       0x08000e83   Thumb Code    30  stm32f10x_tim.o(i.TIM_CtrlPWMOutputs)
    TIM_GetCapture1                          0x08000ea1   Thumb Code     6  stm32f10x_tim.o(i.TIM_GetCapture1)
    TIM_GetCapture2                          0x08000ea7   Thumb Code     6  stm32f10x_tim.o(i.TIM_GetCapture2)
    TIM_GetITStatus                          0x08000ead   Thumb Code    34  stm32f10x_tim.o(i.TIM_GetITStatus)
    TIM_OC1Init                              0x08000ed1   Thumb Code   132  stm32f10x_tim.o(i.TIM_OC1Init)
    TIM_OC1PolarityConfig                    0x08000f69   Thumb Code    18  stm32f10x_tim.o(i.TIM_OC1PolarityConfig)
    TIM_OC1PreloadConfig                     0x08000f7b   Thumb Code    18  stm32f10x_tim.o(i.TIM_OC1PreloadConfig)
    TIM_SetCounter                           0x08000f8d   Thumb Code     4  stm32f10x_tim.o(i.TIM_SetCounter)
    TIM_TimeBaseInit                         0x08000f91   Thumb Code   122  stm32f10x_tim.o(i.TIM_TimeBaseInit)
    USART_GetFlagStatus                      0x08001035   Thumb Code    26  stm32f10x_usart.o(i.USART_GetFlagStatus)
    USART_SendData                           0x0800104f   Thumb Code     8  stm32f10x_usart.o(i.USART_SendData)
    UsageFault_Handler                       0x08001057   Thumb Code     4  stm32f10x_it.o(i.UsageFault_Handler)
    WWDG_ClearFlag                           0x0800105d   Thumb Code     8  stm32f10x_wwdg.o(i.WWDG_ClearFlag)
    WWDG_IRQHandler                          0x08001069   Thumb Code     8  ange_wdg.o(i.WWDG_IRQHandler)
    __0printf                                0x08001071   Thumb Code    22  printfa.o(i.__0printf)
    __1printf                                0x08001071   Thumb Code     0  printfa.o(i.__0printf)
    __2printf                                0x08001071   Thumb Code     0  printfa.o(i.__0printf)
    __c89printf                              0x08001071   Thumb Code     0  printfa.o(i.__0printf)
    printf                                   0x08001071   Thumb Code     0  printfa.o(i.__0printf)
    __scatterload_copy                       0x08001091   Thumb Code    14  handlers.o(i.__scatterload_copy)
    __scatterload_null                       0x0800109f   Thumb Code     2  handlers.o(i.__scatterload_null)
    __scatterload_zeroinit                   0x080010a1   Thumb Code    14  handlers.o(i.__scatterload_zeroinit)
    ange_TIMg_PWM_BDTR_Config                0x08001965   Thumb Code    58  ange_timg.o(i.ange_TIMg_PWM_BDTR_Config)
    ange_TIMg_PWM_BDTR_GPIO_Config           0x080019a5   Thumb Code    50  ange_timg.o(i.ange_TIMg_PWM_BDTR_GPIO_Config)
    ange_TIMg_PWM_Config                     0x080019dd   Thumb Code   134  ange_timg.o(i.ange_TIMg_PWM_Config)
    ange_TIMg_PWM_GPIO_Config                0x08001a69   Thumb Code    88  ange_timg.o(i.ange_TIMg_PWM_GPIO_Config)
    ange_TIMg_PWM_init                       0x08001ac9   Thumb Code    20  ange_timg.o(i.ange_TIMg_PWM_init)
    ange_usart_sendbyte                      0x08001add   Thumb Code    30  ange_usart.o(i.ange_usart_sendbyte)
    fputc                                    0x08001afd   Thumb Code    32  ange_usart.o(i.fputc)
    main                                     0x08001b21   Thumb Code    28  main.o(i.main)
    Region$$Table$$Base                      0x08001b40   Number         0  anon$$obj.o(Region$$Table)
    Region$$Table$$Limit                     0x08001b60   Number         0  anon$$obj.o(Region$$Table)
    SysTickdelayj                            0x20000000   Data           4  ange_systick.o(.data)
    SysTickdelayj2                           0x20000004   Data           4  ange_systick.o(.data)
    ic1value                                 0x20000008   Data           2  ange_timg.o(.data)
    ic2value                                 0x2000000a   Data           2  ange_timg.o(.data)
    icfinish                                 0x2000000c   Data           1  ange_timg.o(.data)
    time                                     0x20000010   Data           4  ange_timj.o(.data)
    TIMt_IC_Value                            0x20000014   Data           6  ange_timt.o(.data)
    adc1zhi11                                0x2000001a   Data           2  ange_ad.o(.data)
    TX_ADDRESS                               0x2000001c   Data           5  nrf2401.o(.data)
    RX_ADDRESS                               0x20000021   Data           5  nrf2401.o(.data)
    RX_ADDRESS1                              0x20000026   Data           5  nrf2401.o(.data)
    nrfrx_chx                                0x2000002c   Data           2  nrf2401.o(.data)
    __stdout                                 0x20000030   Data           4  stdout.o(.data)
    RX_BUF                                   0x20000034   Data          32  nrf2401.o(.bss)
    TX_BUF                                   0x20000054   Data          32  nrf2401.o(.bss)
    nrfrx_data                               0x20000074   Data          32  nrf2401.o(.bss)
    __initial_sp                             0x20000498   Data           0  startup_stm32f10x_hd.o(STACK)



==============================================================================

Memory Map of the image

  Image Entry point : 0x08000131

  Load Region LR_IROM1 (Base: 0x08000000, Size: 0x00001b94, Max: 0x00040000, ABSOLUTE)

    Execution Region ER_IROM1 (Exec base: 0x08000000, Load base: 0x08000000, Size: 0x00001b60, Max: 0x00040000, ABSOLUTE)

    Exec Addr    Load Addr    Size         Type   Attr      Idx    E Section Name        Object

    0x08000000   0x08000000   0x00000130   Data   RO         4699    RESET               startup_stm32f10x_hd.o
    0x08000130   0x08000130   0x00000000   Code   RO         6058  * .ARM.Collect$$$$00000000  mc_w.l(entry.o)
    0x08000130   0x08000130   0x00000004   Code   RO         6385    .ARM.Collect$$$$00000001  mc_w.l(entry2.o)
    0x08000134   0x08000134   0x00000004   Code   RO         6388    .ARM.Collect$$$$00000004  mc_w.l(entry5.o)
    0x08000138   0x08000138   0x00000000   Code   RO         6390    .ARM.Collect$$$$00000008  mc_w.l(entry7b.o)
    0x08000138   0x08000138   0x00000000   Code   RO         6392    .ARM.Collect$$$$0000000A  mc_w.l(entry8b.o)
    0x08000138   0x08000138   0x00000008   Code   RO         6393    .ARM.Collect$$$$0000000B  mc_w.l(entry9a.o)
    0x08000140   0x08000140   0x00000000   Code   RO         6395    .ARM.Collect$$$$0000000D  mc_w.l(entry10a.o)
    0x08000140   0x08000140   0x00000000   Code   RO         6397    .ARM.Collect$$$$0000000F  mc_w.l(entry11a.o)
    0x08000140   0x08000140   0x00000004   Code   RO         6386    .ARM.Collect$$$$00002712  mc_w.l(entry2.o)
    0x08000144   0x08000144   0x00000024   Code   RO         4700    .text               startup_stm32f10x_hd.o
    0x08000168   0x08000168   0x0000014e   Code   RO         6333    .text               mf_w.l(dadd.o)
    0x080002b6   0x080002b6   0x000000e4   Code   RO         6335    .text               mf_w.l(dmul.o)
    0x0800039a   0x0800039a   0x000000de   Code   RO         6337    .text               mf_w.l(ddiv.o)
    0x08000478   0x08000478   0x0000002c   Code   RO         6400    .text               mc_w.l(uidiv.o)
    0x080004a4   0x080004a4   0x00000062   Code   RO         6402    .text               mc_w.l(uldiv.o)
    0x08000506   0x08000506   0x0000001e   Code   RO         6404    .text               mc_w.l(llshl.o)
    0x08000524   0x08000524   0x00000020   Code   RO         6406    .text               mc_w.l(llushr.o)
    0x08000544   0x08000544   0x00000024   Code   RO         6408    .text               mc_w.l(llsshr.o)
    0x08000568   0x08000568   0x00000000   Code   RO         6417    .text               mc_w.l(iusefp.o)
    0x08000568   0x08000568   0x000000ba   Code   RO         6420    .text               mf_w.l(depilogue.o)
    0x08000622   0x08000622   0x00000030   Code   RO         6422    .text               mf_w.l(dfixul.o)
    0x08000652   0x08000652   0x00000002   PAD
    0x08000654   0x08000654   0x00000030   Code   RO         6424    .text               mf_w.l(cdrcmple.o)
    0x08000684   0x08000684   0x00000024   Code   RO         6430    .text               mc_w.l(init.o)
    0x080006a8   0x080006a8   0x0000002c   Code   RO         1358    i.ADC1_2_IRQHandler  ange_ad.o
    0x080006d4   0x080006d4   0x0000000a   Code   RO         1510    i.ADC_ClearITPendingBit  stm32f10x_adc.o
    0x080006de   0x080006de   0x00000008   Code   RO         1520    i.ADC_GetConversionValue  stm32f10x_adc.o
    0x080006e6   0x080006e6   0x00000024   Code   RO         1523    i.ADC_GetITStatus   stm32f10x_adc.o
    0x0800070a   0x0800070a   0x00000002   PAD
    0x0800070c   0x0800070c   0x00000014   Code   RO         1739    i.BKP_ClearFlag     stm32f10x_bkp.o
    0x08000720   0x08000720   0x00000014   Code   RO         1740    i.BKP_ClearITPendingBit  stm32f10x_bkp.o
    0x08000734   0x08000734   0x0000000c   Code   RO         1743    i.BKP_GetITStatus   stm32f10x_bkp.o
    0x08000740   0x08000740   0x00000004   Code   RO          246    i.BusFault_Handler  stm32f10x_it.o
    0x08000744   0x08000744   0x00000020   Code   RO         2242    i.DBGMCU_Config     stm32f10x_dbgmcu.o
    0x08000764   0x08000764   0x00000002   Code   RO          247    i.DebugMon_Handler  stm32f10x_it.o
    0x08000766   0x08000766   0x00000016   Code   RO            4    i.Delay_10us        main.o
    0x0800077c   0x0800077c   0x00000024   Code   RO          466    i.EXTI0_IRQHandler  ange_exti.o
    0x080007a0   0x080007a0   0x000000a0   Code   RO         5861    i.EXTI4_IRQHandler  nrf2401.o
    0x08000840   0x08000840   0x0000000c   Code   RO         2363    i.EXTI_ClearITPendingBit  stm32f10x_exti.o
    0x0800084c   0x0800084c   0x00000028   Code   RO         2367    i.EXTI_GetITStatus  stm32f10x_exti.o
    0x08000874   0x08000874   0x00000116   Code   RO         2752    i.GPIO_Init         stm32f10x_gpio.o
    0x0800098a   0x0800098a   0x00000004   Code   RO         2759    i.GPIO_ResetBits    stm32f10x_gpio.o
    0x0800098e   0x0800098e   0x00000004   Code   RO         2760    i.GPIO_SetBits      stm32f10x_gpio.o
    0x08000992   0x08000992   0x00000004   Code   RO          250    i.HardFault_Handler  stm32f10x_it.o
    0x08000996   0x08000996   0x00000004   Code   RO          251    i.MemManage_Handler  stm32f10x_it.o
    0x0800099a   0x0800099a   0x00000002   Code   RO          252    i.NMI_Handler       stm32f10x_it.o
    0x0800099c   0x0800099c   0x00000012   Code   RO          582    i.PVD_IRQHandler    ange_pwr.o
    0x080009ae   0x080009ae   0x00000002   PAD
    0x080009b0   0x080009b0   0x00000018   Code   RO         3147    i.PWR_GetFlagStatus  stm32f10x_pwr.o
    0x080009c8   0x080009c8   0x00000002   Code   RO          253    i.PendSV_Handler    stm32f10x_it.o
    0x080009ca   0x080009ca   0x00000002   PAD
    0x080009cc   0x080009cc   0x00000020   Code   RO         3218    i.RCC_APB2PeriphClockCmd  stm32f10x_rcc.o
    0x080009ec   0x080009ec   0x00000010   Code   RO         3427    i.RTC_ClearITPendingBit  stm32f10x_rtc.o
    0x080009fc   0x080009fc   0x00000014   Code   RO         3430    i.RTC_GetCounter    stm32f10x_rtc.o
    0x08000a10   0x08000a10   0x00000024   Code   RO         3433    i.RTC_GetITStatus   stm32f10x_rtc.o
    0x08000a34   0x08000a34   0x0000004c   Code   RO          644    i.RTC_IRQHandler    ange_rtc_bkp.o
    0x08000a80   0x08000a80   0x00000064   Code   RO         5881    i.SPI_NRF_RW        nrf2401.o
    0x08000ae4   0x08000ae4   0x00000048   Code   RO         5882    i.SPI_NRF_ReadBuf   nrf2401.o
    0x08000b2c   0x08000b2c   0x00000034   Code   RO         5883    i.SPI_NRF_ReadReg   nrf2401.o
    0x08000b60   0x08000b60   0x00000034   Code   RO         5885    i.SPI_NRF_WriteReg  nrf2401.o
    0x08000b94   0x08000b94   0x00000002   Code   RO          254    i.SVC_Handler       stm32f10x_it.o
    0x08000b96   0x08000b96   0x00000008   Code   RO         4717    i.SetSysClock       system_stm32f10x.o
    0x08000b9e   0x08000b9e   0x00000002   PAD
    0x08000ba0   0x08000ba0   0x000000e0   Code   RO         4718    i.SetSysClockTo72   system_stm32f10x.o
    0x08000c80   0x08000c80   0x0000000c   Code   RO          255    i.SysTick_Handler   stm32f10x_it.o
    0x08000c8c   0x08000c8c   0x00000018   Code   RO          800    i.SysTickreduce     ange_systick.o
    0x08000ca4   0x08000ca4   0x00000018   Code   RO          801    i.SysTickreduce2    ange_systick.o
    0x08000cbc   0x08000cbc   0x00000060   Code   RO         4720    i.SystemInit        system_stm32f10x.o
    0x08000d1c   0x08000d1c   0x00000034   Code   RO          645    i.TAMPER_IRQHandler  ange_rtc_bkp.o
    0x08000d50   0x08000d50   0x00000044   Code   RO          881    i.TIM1_CC_IRQHandler  ange_timg.o
    0x08000d94   0x08000d94   0x0000002c   Code   RO          965    i.TIM1_UP_IRQHandler  ange_timj.o
    0x08000dc0   0x08000dc0   0x00000084   Code   RO         1012    i.TIM2_IRQHandler   ange_timt.o
    0x08000e44   0x08000e44   0x00000020   Code   RO         3887    i.TIM_BDTRConfig    stm32f10x_tim.o
    0x08000e64   0x08000e64   0x00000006   Code   RO         3893    i.TIM_ClearITPendingBit  stm32f10x_tim.o
    0x08000e6a   0x08000e6a   0x00000018   Code   RO         3898    i.TIM_Cmd           stm32f10x_tim.o
    0x08000e82   0x08000e82   0x0000001e   Code   RO         3900    i.TIM_CtrlPWMOutputs  stm32f10x_tim.o
    0x08000ea0   0x08000ea0   0x00000006   Code   RO         3913    i.TIM_GetCapture1   stm32f10x_tim.o
    0x08000ea6   0x08000ea6   0x00000006   Code   RO         3914    i.TIM_GetCapture2   stm32f10x_tim.o
    0x08000eac   0x08000eac   0x00000022   Code   RO         3919    i.TIM_GetITStatus   stm32f10x_tim.o
    0x08000ece   0x08000ece   0x00000002   PAD
    0x08000ed0   0x08000ed0   0x00000098   Code   RO         3927    i.TIM_OC1Init       stm32f10x_tim.o
    0x08000f68   0x08000f68   0x00000012   Code   RO         3929    i.TIM_OC1PolarityConfig  stm32f10x_tim.o
    0x08000f7a   0x08000f7a   0x00000012   Code   RO         3930    i.TIM_OC1PreloadConfig  stm32f10x_tim.o
    0x08000f8c   0x08000f8c   0x00000004   Code   RO         3963    i.TIM_SetCounter    stm32f10x_tim.o
    0x08000f90   0x08000f90   0x000000a4   Code   RO         3969    i.TIM_TimeBaseInit  stm32f10x_tim.o
    0x08001034   0x08001034   0x0000001a   Code   RO         4449    i.USART_GetFlagStatus  stm32f10x_usart.o
    0x0800104e   0x0800104e   0x00000008   Code   RO         4463    i.USART_SendData    stm32f10x_usart.o
    0x08001056   0x08001056   0x00000004   Code   RO          256    i.UsageFault_Handler  stm32f10x_it.o
    0x0800105a   0x0800105a   0x00000002   PAD
    0x0800105c   0x0800105c   0x0000000c   Code   RO         4634    i.WWDG_ClearFlag    stm32f10x_wwdg.o
    0x08001068   0x08001068   0x00000008   Code   RO         1175    i.WWDG_IRQHandler   ange_wdg.o
    0x08001070   0x08001070   0x00000020   Code   RO         6299    i.__0printf         mc_w.l(printfa.o)
    0x08001090   0x08001090   0x0000000e   Code   RO         6436    i.__scatterload_copy  mc_w.l(handlers.o)
    0x0800109e   0x0800109e   0x00000002   Code   RO         6437    i.__scatterload_null  mc_w.l(handlers.o)
    0x080010a0   0x080010a0   0x0000000e   Code   RO         6438    i.__scatterload_zeroinit  mc_w.l(handlers.o)
    0x080010ae   0x080010ae   0x00000002   PAD
    0x080010b0   0x080010b0   0x00000184   Code   RO         6306    i._fp_digits        mc_w.l(printfa.o)
    0x08001234   0x08001234   0x000006dc   Code   RO         6307    i._printf_core      mc_w.l(printfa.o)
    0x08001910   0x08001910   0x00000024   Code   RO         6308    i._printf_post_padding  mc_w.l(printfa.o)
    0x08001934   0x08001934   0x0000002e   Code   RO         6309    i._printf_pre_padding  mc_w.l(printfa.o)
    0x08001962   0x08001962   0x00000002   PAD
    0x08001964   0x08001964   0x00000040   Code   RO          886    i.ange_TIMg_PWM_BDTR_Config  ange_timg.o
    0x080019a4   0x080019a4   0x00000038   Code   RO          887    i.ange_TIMg_PWM_BDTR_GPIO_Config  ange_timg.o
    0x080019dc   0x080019dc   0x0000008c   Code   RO          888    i.ange_TIMg_PWM_Config  ange_timg.o
    0x08001a68   0x08001a68   0x00000060   Code   RO          889    i.ange_TIMg_PWM_GPIO_Config  ange_timg.o
    0x08001ac8   0x08001ac8   0x00000014   Code   RO          890    i.ange_TIMg_PWM_init  ange_timg.o
    0x08001adc   0x08001adc   0x0000001e   Code   RO         1085    i.ange_usart_sendbyte  ange_usart.o
    0x08001afa   0x08001afa   0x00000002   PAD
    0x08001afc   0x08001afc   0x00000024   Code   RO         1090    i.fputc             ange_usart.o
    0x08001b20   0x08001b20   0x00000020   Code   RO            6    i.main              main.o
    0x08001b40   0x08001b40   0x00000020   Data   RO         6434    Region$$Table       anon$$obj.o


    Execution Region RW_IRAM1 (Exec base: 0x20000000, Load base: 0x08001b60, Size: 0x00000498, Max: 0x0000c000, ABSOLUTE)

    Exec Addr    Load Addr    Size         Type   Attr      Idx    E Section Name        Object

    0x20000000   0x08001b60   0x00000008   Data   RW          804    .data               ange_systick.o
    0x20000008   0x08001b68   0x00000005   Data   RW          891    .data               ange_timg.o
    0x2000000d   0x08001b6d   0x00000003   PAD
    0x20000010   0x08001b70   0x00000004   Data   RW          969    .data               ange_timj.o
    0x20000014   0x08001b74   0x00000006   Data   RW         1020    .data               ange_timt.o
    0x2000001a   0x08001b7a   0x00000002   Data   RW         1371    .data               ange_ad.o
    0x2000001c   0x08001b7c   0x00000012   Data   RW         5887    .data               nrf2401.o
    0x2000002e   0x08001b8e   0x00000002   PAD
    0x20000030   0x08001b90   0x00000004   Data   RW         6399    .data               mc_w.l(stdout.o)
    0x20000034        -       0x00000060   Zero   RW         5886    .bss                nrf2401.o
    0x20000094   0x08001b94   0x00000004   PAD
    0x20000098        -       0x00000400   Zero   RW         4697    STACK               startup_stm32f10x_hd.o


==============================================================================

Image component sizes


      Code (inc. data)   RO Data    RW Data    ZI Data      Debug   Object Name

        44          8          0          2          0        708   ange_ad.o
        36          6          0          0          0        475   ange_exti.o
        18          0          0          0          0        465   ange_pwr.o
       128         44          0          0          0        989   ange_rtc_bkp.o
        48         12          0          8          0       1628   ange_systick.o
       444         44          0          5          0       3511   ange_timg.o
        44         10          0          4          0        704   ange_timj.o
       132          4          0          6          0       2982   ange_timt.o
        66          4          0          0          0       2870   ange_usart.o
         8          0          0          0          0        466   ange_wdg.o
        54          4          0          0          0     252451   main.o
       436         48          0         18         96       4118   nrf2401.o
        36          8        304          0       1024        820   startup_stm32f10x_hd.o
        54          0          0          0          0       3959   stm32f10x_adc.o
        52         16          0          0          0       1410   stm32f10x_bkp.o
        32          6          0          0          0        552   stm32f10x_dbgmcu.o
        52         12          0          0          0       1120   stm32f10x_exti.o
       286          0          0          0          0       3136   stm32f10x_gpio.o
        36          0          0          0          0       3842   stm32f10x_it.o
        24          4          0          0          0        572   stm32f10x_pwr.o
        32          6          0          0          0        565   stm32f10x_rcc.o
        72         12          0          0          0       1579   stm32f10x_rtc.o
       494         62          0          0          0       7647   stm32f10x_tim.o
        34          0          0          0          0       2699   stm32f10x_usart.o
        12          4          0          0          0        461   stm32f10x_wwdg.o
       328         28          0          0          0       2077   system_stm32f10x.o

    ----------------------------------------------------------------------
      3016        342        336         48       1124     301806   Object Totals
         0          0         32          0          0          0   (incl. Generated)
        14          0          0          5          4          0   (incl. Padding)

    ----------------------------------------------------------------------

      Code (inc. data)   RO Data    RW Data    ZI Data      Debug   Library Member Name

         0          0          0          0          0          0   entry.o
         0          0          0          0          0          0   entry10a.o
         0          0          0          0          0          0   entry11a.o
         8          4          0          0          0          0   entry2.o
         4          0          0          0          0          0   entry5.o
         0          0          0          0          0          0   entry7b.o
         0          0          0          0          0          0   entry8b.o
         8          4          0          0          0          0   entry9a.o
        30          0          0          0          0          0   handlers.o
        36          8          0          0          0         68   init.o
         0          0          0          0          0          0   iusefp.o
        30          0          0          0          0         68   llshl.o
        36          0          0          0          0         68   llsshr.o
        32          0          0          0          0         68   llushr.o
      2258         90          0          0          0        452   printfa.o
         0          0          0          4          0          0   stdout.o
        44          0          0          0          0         80   uidiv.o
        98          0          0          0          0         92   uldiv.o
        48          0          0          0          0         68   cdrcmple.o
       334          0          0          0          0        148   dadd.o
       222          0          0          0          0        100   ddiv.o
       186          0          0          0          0        176   depilogue.o
        48          0          0          0          0         68   dfixul.o
       228          0          0          0          0         96   dmul.o

    ----------------------------------------------------------------------
      3656        106          0          4          0       1552   Library Totals
         6          0          0          0          0          0   (incl. Padding)

    ----------------------------------------------------------------------

      Code (inc. data)   RO Data    RW Data    ZI Data      Debug   Library Name

      2584        106          0          4          0        896   mc_w.l
      1066          0          0          0          0        656   mf_w.l

    ----------------------------------------------------------------------
      3656        106          0          4          0       1552   Library Totals

    ----------------------------------------------------------------------

==============================================================================


      Code (inc. data)   RO Data    RW Data    ZI Data      Debug   

      6672        448        336         52       1124     299350   Grand Totals
      6672        448        336         52       1124     299350   ELF Image Totals
      6672        448        336         52          0          0   ROM Totals

==============================================================================

    Total RO  Size (Code + RO Data)                 7008 (   6.84kB)
    Total RW  Size (RW Data + ZI Data)              1176 (   1.15kB)
    Total ROM Size (Code + RO Data + RW Data)       7060 (   6.89kB)

==============================================================================

