C51 COMPILER V9.59.0.0   ANGE                                                              01/10/2024 21:42:40 PAGE 1   


C51 COMPILER V9.59.0.0, COMPILATION OF MODULE ANGE
OBJECT MODULE PLACED IN .\Objects\ange.obj
COMPILER INVOKED BY: D:\My Program File\keil\C51\BIN\C51.EXE ..\¹«¹²ÎÄ¼þ\ange.c OPTIMIZE(8,SPEED) BROWSE INCDIR(..\¹«¹²Î
                    -Ä¼þ) DEBUG OBJECTEXTEND PRINT(.\Listings\ange.lst) TABS(2) OBJECT(.\Objects\ange.obj)

line level    source

   1          #include "ange.h"
   2          #include <reg51.h>
   3          void delay(unsigned int n)  //ÑÓÊ±º¯Êý
   4          {
   5   1          unsigned char a,b,c;  /////////////
   6   1        for(;n>0;n--)          // /////////
   7   1        {
   8   2          for(c=1;c>0;c--)
   9   2              for(b=142;b>0;b--)
  10   2                  for(a=2;a>0;a--);
  11   2        }
  12   1      }


MODULE INFORMATION:   STATIC OVERLAYABLE
   CODE SIZE        =     62    ----
   CONSTANT SIZE    =   ----    ----
   XDATA SIZE       =   ----    ----
   PDATA SIZE       =   ----    ----
   DATA SIZE        =   ----    ----
   IDATA SIZE       =   ----    ----
   BIT SIZE         =   ----    ----
END OF MODULE INFORMATION.


C51 COMPILATION COMPLETE.  0 WARNING(S),  0 ERROR(S)
