C51 COMPILER V9.59.0.0   ADDA                                                              01/11/2024 00:04:40 PAGE 1   


C51 COMPILER V9.59.0.0, COMPILATION OF MODULE ADDA
OBJECT MODULE PLACED IN .\Objects\adda.obj
COMPILER INVOKED BY: D:\My Program File\keil\C51\BIN\C51.EXE adda.c OPTIMIZE(8,SPEED) BROWSE DEBUG OBJECTEXTEND PRINT(.\
                    -Listings\adda.lst) TABS(2) OBJECT(.\Objects\adda.obj)

line level    source

   1          #include <reg51.h>
   2          #include <absacc.h>
   3          #include <intrins.h>
   4          #include <stdio.h>
   5          #include "ange.h"
   6          #include "lcd1602.h"
   7          #include "anjian.h"
   8          uint code sin[]={0x1ff,0x20c,0x218,0x225,0x231,0x23e,0x24a,0x257,0x263,0x270,0x27c,0x288,
   9            0x294,0x2a0,0x2ac,0x2b8,0x2c3,0x2cf,0x2da,0x2e6,0x2f1,0x2fc,0x307,0x312,0x31c,0x327,0x331,
  10            0x33b,0x345,0x34e,0x358,0x361,0x36a,0x373,0x37b,0x383,0x38c,0x393,0x39b,0x3a2,0x3a9,0x3b0,
  11            0x3b7,0x3bd,0x3c3,0x3c9,0x3ce,0x3d4,0x3d8,0x3dd,0x3e1,0x3e5,0x3e9,0x3ed,0x3f0,0x3f3,0x3f5,
  12            0x3f7,0x3f9,0x3fb,0x3fc,0x3fd,0x3fe,0x3fe,0x3fe,0x3fe,0x3fe,0x3fd,0x3fc,0x3fa,0x3f8,0x3f6,
  13            0x3f4,0x3f1,0x3ee,0x3eb,0x3e7,0x3e3,0x3df,0x3db,0x3d6,0x3d1,0x3cc,0x3c6,0x3c0,0x3ba,0x3b4,
  14            0x3ad,0x3a6,0x39f,0x397,0x38f,0x388,0x37f,0x377,0x36e,0x365,0x35c,0x353,0x349,0x340,0x336,
  15            0x32c,0x321,0x317,0x30c,0x301,0x2f7,0x2eb,0x2e0,0x2d5,0x2c9,0x2be,0x2b2,0x2a6,0x29a,0x28e,
  16            0x282,0x276,0x269,0x25d,0x251,0x244,0x238,0x22b,0x21e,0x212,0x205,0x1f9,0x1ec,0x1e0,0x1d3,
  17            0x1c6,0x1ba,0x1ad,0x1a1,0x195,0x188,0x17c,0x170,0x164,0x158,0x14c,0x140,0x135,0x129,0x11e,
  18            0x113,0x107,0xfd,0xf2,0xe7,0xdd,0xd2,0xc8,0xbe,0xb5,0xab,0xa2,0x99,0x90,0x87,0x7f,0x76,0x6f,
  19            0x67,0x5f,0x58,0x51,0x4a,0x44,0x3e,0x38,0x32,0x2d,0x28,0x23,0x1f,0x1b,0x17,0x13,0x10,0xd,0xa
  20            ,0x8,0x6,0x4,0x2,0x1,0x0,0x0,0x0,0x0,0x0,0x1,0x2,0x3,0x5,0x7,0x9,0xb,0xe,0x11,0x15,0x19,0x1d,
  21            0x21,0x26,0x2a,0x30,0x35,0x3b,0x41,0x47,0x4e,0x55,0x5c,0x63,0x6b,0x72,0x7b,0x83,0x8b,0x94,
  22            0x9d,0xa6,0xb0,0xb9,0xc3,0xcd,0xd7,0xe2,0xec,0xf7,0x102,0x10d,0x118,0x124,0x12f,0x13b,0x146,
  23            0x152,0x15e,0x16a,0x176,0x182,0x18e,0x19b,0x1a7,0x1b4,0x1c0,0x1cd,0x1d9,0x1e6,0x1f2,0x1ff};
  24          uint code san[]={0x0,0x7,0xf,0x17,0x1f,0x27,0x2f,0x37,0x3f,0x47,0x4f,0x57,0x5f
  25            ,0x67,0x6f,0x77,0x7f,0x87,0x8f,0x97,0x9f,0xa7,0xaf,0xb7,0xbf,0xc7,0xcf,0xd7,0xdf,
  26            0xe7,0xef,0xf7,0xff,0x107,0x10f,0x117,0x11f,0x127,0x12f,0x137,0x13f,0x147,0x14f,
  27            0x157,0x15f,0x167,0x16f,0x177,0x17f,0x187,0x18f,0x197,0x19f,0x1a7,0x1af,0x1b7,0x1bf,
  28            0x1c7,0x1cf,0x1d7,0x1df,0x1e7,0x1ef,0x1f7,0x1ff,0x207,0x20f,0x217,0x21f,0x227,0x22f,
  29            0x237,0x23f,0x247,0x24f,0x257,0x25f,0x267,0x26f,0x277,0x27f,0x287,0x28f,0x297,0x29f,
  30            0x2a7,0x2af,0x2b7,0x2bf,0x2c7,0x2cf,0x2d7,0x2df,0x2e7,0x2ef,0x2f7,0x2ff,0x307,0x30f,
  31            0x317,0x31f,0x327,0x32f,0x337,0x33f,0x347,0x34f,0x357,0x35f,0x367,0x36f,0x377,0x37f,
  32            0x387,0x38f,0x397,0x39f,0x3a7,0x3af,0x3b7,0x3bf,0x3c7,0x3cf,0x3d7,0x3df,0x3e7,0x3ef,
  33            0x3f7,0x3f7,0x3ef,0x3e7,0x3df,0x3d7,0x3cf,0x3c7,0x3bf,0x3b7,0x3af,0x3a7,0x39f,0x397,
  34            0x38f,0x387,0x37f,0x377,0x36f,0x367,0x35f,0x357,0x34f,0x347,0x33f,0x337,0x32f,0x327,
  35            0x31f,0x317,0x30f,0x307,0x2ff,0x2f7,0x2ef,0x2e7,0x2df,0x2d7,0x2cf,0x2c7,0x2bf,0x2b7,
  36            0x2af,0x2a7,0x29f,0x297,0x28f,0x287,0x27f,0x277,0x26f,0x267,0x25f,0x257,0x24f,0x247,
  37            0x23f,0x237,0x22f,0x227,0x21f,0x217,0x20f,0x207,0x1ff,0x1f7,0x1ef,0x1e7,0x1df,0x1d7,
  38            0x1cf,0x1c7,0x1bf,0x1b7,0x1af,0x1a7,0x19f,0x197,0x18f,0x187,0x17f,0x177,0x16f,0x167,
  39            0x15f,0x157,0x14f,0x147,0x13f,0x137,0x12f,0x127,0x11f,0x117,0x10f,0x107,0xff,0xf7,0xef,
  40            0xe7,0xdf,0xd7,0xcf,0xc7,0xbf,0xb7,0xaf,0xa7,0x9f,0x97,0x8f,0x87,0x7f,0x77,0x6f,0x67,0x5f,
  41          0x57,0x4f,0x47,0x3f,0x37,0x2f,0x27,0x1f,0x17,0xf,0x7,0x0};
  42          ucode ye0[2][17]={"      adda      ","     zzuli-509"};
  43          sbit sdo2543=P1^0;sbit sdi2543=P1^1;sbit cs2543=P1^2;sbit clk2543=P1^3;sbit eoc2543=P1^4;
  44          sbit clk5615=P2^0;sbit cs5615=P2^1;sbit din5615=P2^2;
  45          sbit clk522=P2^0;sbit cs522=P2^1;sbit din522=P2^2;
  46          void delaydingshi();
  47          uint getdata(uchar tong);
  48          void outdata();
  49          uchar bohao=1,lvhao=1;
  50          uchar dier[16];
  51          uchar zqth,zqtl; //周期高八位和低八位
  52          uchar bdata ado10l,ado10h,quzhijian=4,adi8_0,adi8_1; //5615的高位和低位，数组取值增加量，2543通道0和1的值
  53          uint ado10,zq16,pinlv=100,jishu=0;  //5615输出值，周期，频率，数组下标
  54          uchar fuzhi=1;      //幅度
C51 COMPILER V9.59.0.0   ADDA                                                              01/11/2024 00:04:40 PAGE 2   

  55          sbit ado10h_7=ado10h^7;  //5615高位的第七位
  56          sbit ado10l_7=ado10l^7;  //5615低位的第七位
  57          bit yunxingbiaozhi=0;
  58          uchar dingshijishu=0;    //
  59          void zhengxian();
  60          void sanjiao();
  61          void fangbo();
  62          void main()
  63          {
  64   1            PT0=1;
  65   1            TMOD=0x11;
  66   1            IE=0x8a;
  67   1            zq16=(unsigned long)10000000 / 64 / pinlv;
  68   1            zqth=(65535-zq16)/256;
  69   1            zqtl=(65535-zq16)%256;
  70   1           TH1=zqth;//中断重新装如初值
  71   1           TL1=zqtl;
  72   1           TH0=0xdb;//中断重新装如初值
  73   1           TL0=0xf0;
  74   1            TR1=1;
  75   1        //xieru164(0x00);
  76   1        chushihua();
  77   1        diyihang(ye0[0],0);
  78   1        dierhang(ye0[1],0);
  79   1          while(1)
  80   1          {
  81   2            ajpd();
  82   2        }
  83   1      }
  84          void zhengxian()
  85          {
  86   1        yunxingbiaozhi=1;
  87   1        while(1)
  88   1        {
  89   2          adi8_0=getdata(0);
  90   2          while(!eoc2543);
  91   2          adi8_0/=5;
  92   2          if(adi8_0<=15)
  93   2          {
  94   3            quzhijian=4;
  95   3            zq16=15625/adi8_0;
  96   3          }
  97   2          else if(adi8_0>15&&adi8_0<=30)
  98   2          {
  99   3            quzhijian=5;
 100   3            zq16=23437/adi8_0;
 101   3          }
 102   2          else if(adi8_0>30)
 103   2          {
 104   3            quzhijian=8;
 105   3            zq16=31250/adi8_0;
 106   3          }
 107   2          zqth=(65535-zq16)/256;
 108   2          zqtl=(65535-zq16)%256;
 109   2          adi8_1=getdata(1);
 110   2          while(!eoc2543);
 111   2          fuzhi=(uint)adi8_1*100/255;
 112   2          if(yunxingbiaozhi==0)
 113   2          {
 114   3            TR0=0;
 115   3            anjianexit();
 116   3            TR1=1;
C51 COMPILER V9.59.0.0   ADDA                                                              01/11/2024 00:04:40 PAGE 3   

 117   3            return;
 118   3          }
 119   2       }
 120   1      }
 121          void sanjiao()
 122          {
 123   1        zhengxian();
 124   1        return;
 125   1      }
 126          void fangbo()
 127          {
 128   1        zhengxian();
 129   1        return;
 130   1      }
 131          void T1ms() interrupt 3 using 1
 132          { 
 133   1        TH1=zqth;//中断重新装如初值
 134   1        TL1=zqtl;
 135   1        if(yunxingbiaozhi==1)
 136   1        {
 137   2      if(bohao==1)
 138   2             {
 139   3              // if(sin[jishu]<655)
 140   3              ado10=sin[jishu]*fuzhi/100+(0x1ff*(100-fuzhi));
 141   3      //         else
 142   3      //        ado10=sin[jishu]/255*fuzhi/100*255+sin[jishu]%255*fuzhi/100; 
 143   3              outdata();
 144   3              jishu=(jishu+quzhijian)%256;
 145   3              }
 146   2            else if(bohao==2)
 147   2            {
 148   3              ado10=san[jishu]*fuzhi/100+(0x1ff*(100-fuzhi));
 149   3              outdata();
 150   3              jishu=(jishu+quzhijian)%256;
 151   3            }
 152   2            else if(bohao==3)
 153   2            {
 154   3              if(jishu<=128)
 155   3                ado10=0+(0x1ff*(100-fuzhi));
 156   3              else
 157   3                ado10=0x3ff*fuzhi/100+(0x1ff*(100-fuzhi));
 158   3              outdata();
 159   3                 jishu=(jishu+quzhijian)%256;
 160   3            }
 161   2         if(exit==0)
 162   2         {
 163   3           TR0=0;
 164   3           delay(10);
 165   3           if(exit==0)
 166   3           {
 167   4             while(exit==0);
 168   4             yunxingbiaozhi=0;
 169   4             TR0=1;
 170   4             return;
 171   4           }
 172   3         }
 173   2          }
 174   1            return;
 175   1      }
 176          void T0ms() interrupt 1 using 2
 177          {
 178   1           TH0=0xdb;//中断重新装如初值
C51 COMPILER V9.59.0.0   ADDA                                                              01/11/2024 00:04:40 PAGE 4   

 179   1           TL0=0xf0;
 180   1           if(dingshijishu>0)
 181   1             dingshijishu--;
 182   1           else
 183   1             TR0=0;
 184   1      }
 185          
 186          uint getdata(uchar tong)
 187          {
 188   1        uchar i,ming;
 189   1        uint sj=0;
 190   1        tong=tong<<4;
 191   1        clk2543=0;
 192   1        cs2543=0;
 193   1        ming=tong|0x04;
 194   1        for(i=0;i<8;i++)
 195   1        {
 196   2          clk2543=0;
 197   2          if(sdo2543)
 198   2            sj=sj|0x01;
 199   2          sdi2543=(bit)(ming&0x80);
 200   2          clk2543=1;
 201   2          _nop_();_nop_();_nop_();
 202   2          clk2543=0;
 203   2          _nop_();_nop_();_nop_();
 204   2          ming=ming<<1;
 205   2          sj<<=1;
 206   2        }
 207   1        cs2543=1;
 208   1        sj>>=1;
 209   1        return sj;
 210   1      }
 211          void outdata()
 212          {
 213   1        uchar i;
 214   1        clk5615=0;
 215   1        cs5615=0;
 216   1         ado10h=ado10/256;
 217   1         ado10l=ado10%256;
 218   1        ado10h<<=6;
 219   1        for(i=0;i<2;i++)
 220   1        {
 221   2          if (ado10h_7)
 222   2            din5615=1;
 223   2          else
 224   2            din5615=0;
 225   2          clk5615=1;
 226   2          _nop_();
 227   2          clk5615=0;
 228   2          ado10h<<=1;
 229   2        }
 230   1        for(i=0;i<8;i++)
 231   1        {
 232   2          if (ado10l_7)
 233   2            din5615=1;
 234   2          else
 235   2            din5615=0;
 236   2          clk5615=1;
 237   2          _nop_();
 238   2          clk5615=0;
 239   2          ado10l<<=1;
 240   2        }
C51 COMPILER V9.59.0.0   ADDA                                                              01/11/2024 00:04:40 PAGE 5   

 241   1        for(i=0;i<2;i++)
 242   1        {
 243   2          din5615=0;
 244   2          clk5615=1;
 245   2          _nop_();
 246   2          clk5615=0;
 247   2          ado10h<<=1;
 248   2        }
 249   1        cs5615=1;
 250   1        clk5615=0;
 251   1      }
 252          /*
 253          {
 254            uchar i;
 255            xiemingling(0x80);  //光标定位到1602第一行第一个位置
 256            while(i!=16)
 257            {
 258              xieshuju(a[i]);  //写入字符
 259              i++;
 260            }
 261            return;
 262          }
 263          */
 264          /*void xieru164(uchar b)
 265          {
 266            uchar i;
 267            for (i=0;i<=7;i++)
 268            {
 269              if (b&0x01)
 270              hc164_data=1;
 271              else
 272                hc164_data=0;
 273              hc164_clk=0;
 274              _nop_();
 275              hc164_clk=1;
 276              b=_cror_(b,1);
 277            }
 278          }*/
 279            /*  uchar i=0;
 280              if (jianpan1==0||jianpan2==0)
 281              {
 282                delay(2);
 283                if (jianpan1==0||jianpan2==0)
 284                {
 285                  if (jianpan1==0)
 286                  {
 287                    for (i=0;i<=7;i++)
 288                    {
 289                      xieru164(jianpan[i]);
 290                      delay(1);
 291                      if(jianpan1==1)
 292                      {
 293                        xieru164(0);
 294                        while(jianpan1==0);
 295                        jz1=i+1;
 296                        ajb=1;
 297                        return;
 298                      }
 299                    }
 300                    return;
 301                  }
 302                  else if(jianpan2==0)
C51 COMPILER V9.59.0.0   ADDA                                                              01/11/2024 00:04:40 PAGE 6   

 303                  {
 304                    for (i=0;i<=7;i++)
 305                    {
 306                      xieru164(jianpan[i]);
 307                      delay(1);
 308                      if(jianpan2==1)
 309                      {
 310                        xieru164(0);
 311                        while(jianpan2==0);
 312                        jz2=i+9;
 313                        ajb=1;
 314                        return;
 315                      }
 316                    }
 317                    return;
 318                  }
 319                  return;
 320                }
 321                return;
 322              }
 323              return;*/
 324              /*san[]={0x0,0x1,0x3,0x5,0x7,0x9,0xb,0xd,0xf,0x11,0x13,0x15,0x17,0x19,
 325          0x1b,0x1d,0x1f,0x21,0x23,0x25,0x27,0x29,0x2b,0x2d,0x2f,0x31,0x33,0x35,0x37,0x39,
 326          0x3b,0x3d,0x3f,0x41,0x43,0x45,0x47,0x49,0x4b,0x4d,0x4f,0x51,0x53,0x55,0x57,0x59,
 327          0x5b,0x5d,0x5f,0x61,0x63,0x65,0x67,0x69,0x6b,0x6d,0x6f,0x71,0x73,0x75,0x77,0x79
 328          ,0x7b,0x7d,0x7f,0x81,0x83,0x85,0x87,0x89,0x8b,0x8d,0x8f,0x91,0x93,0x95,0x97,0x99
 329          ,0x9b,0x9d,0x9f,0xa1,0xa3,0xa5,0xa7,0xa9,0xab,0xad,0xaf,0xb1,0xb3,0xb5,0xb7,0xb9,
 330          0xbb,0xbd,0xbf,0xc1,0xc3,0xc5,0xc7,0xc9,0xcb,0xcd,0xcf,0xd1,0xd3,0xd5,0xd7,0xd9,
 331          0xdb,0xdd,0xdf,0xe1,0xe3,0xe5,0xe7,0xe9,0xeb,0xed,0xef,0xf1,0xf3,0xf5,0xf7,0xf9,
 332          0xfb,0xfd,0xfd,0xfb,0xf9,0xf7,0xf5,0xf3,0xf1,0xef,0xed,0xeb,0xe9,0xe7,0xe5,0xe3,
 333          0xe1,0xdf,0xdd,0xdb,0xd9,0xd7,0xd5,0xd3,0xd1,0xcf,0xcd,0xcb,0xc9,0xc7,0xc5,0xc3,
 334          0xc1,0xbf,0xbd,0xbb,0xb9,0xb7,0xb5,0xb3,0xb1,0xaf,0xad,0xab,0xa9,0xa7,0xa5,0xa3
 335          ,0xa1,0x9f,0x9d,0x9b,0x99,0x97,0x95,0x93,0x91,0x8f,0x8d,0x8b,0x89,0x87,0x85,0x83,
 336          0x81,0x7f,0x7d,0x7b,0x79,0x77,0x75,0x73,0x71,0x6f,0x6d,0x6b,0x69,0x67,0x65,0x63,
 337          0x61,0x5f,0x5d,0x5b,0x59,0x57,0x55,0x53,0x51,0x4f,0x4d,0x4b,0x49,0x47,0x45,0x43,
 338          0x41,0x3f,0x3d,0x3b,0x39,0x37,0x35,0x33,0x31,0x2f,0x2d,0x2b,0x29,0x27,0x25,0x23,
 339          0x21,0x1f,0x1d,0x1b,0x19,0x17,0x15,0x13,0x11,0xf,0xd,0xb,0x9,0x7,0x5,0x3,0x1,0x0};
 340          sin[]={0x7f,0x82,0x85,0x88,0x8b,0x8f,0x92,0x95,0x98,0x9b,0x9e,0xa1,
 341            0xa4,0xa7,0xaa,0xad,0xb0,0xb3,0xb6,0xb8,0xbb,0xbe,0xc1,0xc3,0xc6,0xc8,
 342            0xcb,0xcd,0xd0,0xd2,0xd5,0xd7,0xd9,0xdb,0xdd,0xe0,0xe2,0xe4,0xe5,0xe7,
 343            0xe9,0xeb,0xec,0xee,0xef,0xf1,0xf2,0xf4,0xf5,0xf6,0xf7,0xf8,0xf9,0xfa,
 344            0xfb,0xfb,0xfc,0xfd,0xfd,0xfe,0xfe,0xfe,0xfe,0xfe,0xfe,0xfe,0xfe,0xfe,
 345            0xfe,0xfe,0xfd,0xfd,0xfc,0xfb,0xfb,0xfa,0xf9,0xf8,0xf7,0xf6,0xf5,0xf4,
 346            0xf2,0xf1,0xef,0xee,0xec,0xeb,0xe9,0xe7,0xe5,0xe4,0xe2,0xe0,0xdd,0xdb,
 347            0xd9,0xd7,0xd5,0xd2,0xd0,0xcd,0xcb,0xc8,0xc6,0xc3,0xc1,0xbe,0xbb,0xb8,
 348            0xb6,0xb3,0xb0,0xad,0xaa,0xa7,0xa4,0xa1,0x9e,0x9b,0x98,0x95,0x92,0x8f,
 349            0x8c,0x88,0x85,0x82,0x7f,0x7c,0x79,0x76,0x73,0x6f,0x6c,0x69,0x66,0x63,
 350            0x60,0x5d,0x5a,0x57,0x54,0x51,0x4e,0x4b,0x48,0x46,0x43,0x40,0x3d,0x3b,
 351            0x38,0x36,0x33,0x31,0x2e,0x2c,0x29,0x27,0x25,0x23,0x21,0x1e,0x1c,0x1a,
 352            0x19,0x17,0x15,0x13,0x12,0x10,0xf,0xd,0xc,0xa,0x9,0x8,0x7,0x6,0x5,0x4,
 353            0x3,0x3,0x2,0x1,0x1,0x0,0x0,0x0,0x0,0x0,0x0,0x0,0x0,0x0,0x0,0x0,0x1,0x1,
 354            0x2,0x3,0x3,0x4,0x5,0x6,0x7,0x8,0x9,0xa,0xc,0xd,0xf,0x10,0x12,0x13,0x15,
 355            0x17,0x19,0x1a,0x1c,0x1e,0x21,0x23,0x25,0x27,0x29,0x2c,0x2e,0x31,0x33,0x36,
 356            0x38,0x3b,0x3d,0x40,0x43,0x46,0x48,0x4b,0x4e,0x51,0x54,0x57,0x5a,0x5d,0x60,
 357          0x63,0x66,0x69,0x6c,0x6f,0x72,0x76,0x79,0x7c};
 358          
 359                if (ajb==1)   //ajb表示adda正在运行
 360                {
 361                  xsb=1;
 362          
 363                    if(pinlv<=150) //100
 364                    {
C51 COMPILER V9.59.0.0   ADDA                                                              01/11/2024 00:04:40 PAGE 7   

 365                    zq16=(unsigned long)10000000 / 64 / pinlv;
 366                    zqth=(65535-zq16)/256;
 367                    zqtl=(65535-zq16)%256;
 368                    }
 369                    else
 370                    {
 371                    zqth=0xfb;  //0xf9;
 372                    zqtl=0xef;  //0x18;
 373                    quzhijian=pinlv*0.027;  //0.04
 374                    }
 375                //adi12=getdata(0);
 376                //ado10=adi12*0.2498;
 377                //outdata();
 378                }
 379                if(xsb==1)
 380                {
 381                    delay(1);
 382                    dier[0]=pinlv/100+0x30;
 383                    dier[1]=pinlv%100/10+0x30;
 384                    dier[2]='.';
 385                    dier[3]=pinlv%10+0x30;
 386                    dier[4]='h';
 387                    dier[5]='z';
 388                    dier[6]=' ';
 389                    dier[7]='+';
 390                    dier[8]='/';
 391                    dier[9]='-';
 392                    dier[10]=0;
 393                    dierhang(&dier[0],0);
 394                  switch(dangwei)
 395                  {
 396                    case 1: dierhang("0.1hz",11);
 397                  break;
 398                    case 10:dierhang("  1hz",11);
 399                  break;
 400                    case 100:dierhang("10hz",12);
 401                  break;
 402                  }
 403                    switch(bohao)
 404                  {
 405                    case 1: diyihang(boxing[0],0);
 406                  break;
 407                    case 2:diyihang(boxing[1],0);
 408                  break;
 409                    case 3:diyihang(boxing[2],0);
 410                  break;
 411                  }
 412                  if(ajb==0)
 413                    diyihang("j",15);
 414                  else
 415                  {
 416                      diyihang("n",15);
 417                  }
 418                  xsb=0;
 419                }*/


MODULE INFORMATION:   STATIC OVERLAYABLE
   CODE SIZE        =    874    ----
   CONSTANT SIZE    =   1058    ----
   XDATA SIZE       =   ----    ----
   PDATA SIZE       =   ----    ----
C51 COMPILER V9.59.0.0   ADDA                                                              01/11/2024 00:04:40 PAGE 8   

   DATA SIZE        =     35    ----
   IDATA SIZE       =   ----    ----
   BIT SIZE         =      1    ----
END OF MODULE INFORMATION.


C51 COMPILATION COMPLETE.  0 WARNING(S),  0 ERROR(S)
