Component: ARM Compiler 5.06 update 6 (build 750) Tool: armlink [4d35ed]

==============================================================================

Section Cross References

    main.o(i.main) refers to ange_usart.o(i.ange_USART_init) for ange_USART_init
    main.o(i.main) refers to malloc.o(i.malloc) for malloc
    main.o(i.main) refers to fifo_buffer.o(i.fifoBuf_init) for fifoBuf_init
    main.o(i.main) refers to fifo_buffer.o(i.fifoBuf_putData) for fifoBuf_putData
    main.o(i.main) refers to fifo_buffer.o(i.fifoBuf_getData) for fifoBuf_getData
    main.o(i.main) refers to printf8.o(i.__0printf$8) for __2printf
    main.o(i.main) refers to malloc.o(i.free) for free
    main.o(i.main) refers to main.o(.data) for shujufifo
    main.o(i.main) refers to main.o(.bss) for output
    stm32f4xx_it.o(i.SysTick_Handler) refers to ange_systick.o(i.SysTickreduce) for SysTickreduce
    stm32f4xx_it.o(i.SysTick_Handler) refers to ange_systick.o(i.SysTickreduce2) for SysTickreduce2
    ange_systick.o(i.SysTickInitms) refers to ange_systick.o(i.SysTick_Config) for SysTick_Config
    ange_systick.o(i.SysTickInitus) refers to ange_systick.o(i.SysTick_Config) for SysTick_Config
    ange_systick.o(i.SysTick_delayms) refers to ange_systick.o(i.SysTick_Config) for SysTick_Config
    ange_systick.o(i.SysTick_delayus) refers to ange_systick.o(i.SysTick_Config) for SysTick_Config
    ange_systick.o(i.SysTickreduce) refers to ange_systick.o(.data) for SysTickdelayj
    ange_systick.o(i.SysTickreduce2) refers to ange_systick.o(.data) for SysTickdelayj2
    ange_systick.o(i.sdelay) refers to ange_systick.o(.data) for SysTickdelayj
    ange_systick.o(i.sdelay2) refers to ange_systick.o(.data) for SysTickdelayj2
    ange_usart.o(i.USART1_IRQHandler) refers to stm32f4xx_usart.o(i.USART_GetITStatus) for USART_GetITStatus
    ange_usart.o(i.USART1_IRQHandler) refers to stm32f4xx_usart.o(i.USART_ClearITPendingBit) for USART_ClearITPendingBit
    ange_usart.o(i.USART1_IRQHandler) refers to ange_usart.o(.data) for jishu
    ange_usart.o(i.ange_USART_init) refers to stm32f4xx_rcc.o(i.RCC_AHB1PeriphClockCmd) for RCC_AHB1PeriphClockCmd
    ange_usart.o(i.ange_USART_init) refers to stm32f4xx_rcc.o(i.RCC_APB2PeriphClockCmd) for RCC_APB2PeriphClockCmd
    ange_usart.o(i.ange_USART_init) refers to stm32f4xx_gpio.o(i.GPIO_Init) for GPIO_Init
    ange_usart.o(i.ange_USART_init) refers to stm32f4xx_gpio.o(i.GPIO_PinAFConfig) for GPIO_PinAFConfig
    ange_usart.o(i.ange_USART_init) refers to stm32f4xx_usart.o(i.USART_Init) for USART_Init
    ange_usart.o(i.ange_USART_init) refers to ange_usart.o(i.ange_usartnvicinit) for ange_usartnvicinit
    ange_usart.o(i.ange_USART_init) refers to stm32f4xx_usart.o(i.USART_ITConfig) for USART_ITConfig
    ange_usart.o(i.ange_USART_init) refers to stm32f4xx_usart.o(i.USART_Cmd) for USART_Cmd
    ange_usart.o(i.ange_usart_sendbyte) refers to stm32f4xx_usart.o(i.USART_GetFlagStatus) for USART_GetFlagStatus
    ange_usart.o(i.ange_usart_sendbyte) refers to stm32f4xx_usart.o(i.USART_SendData) for USART_SendData
    ange_usart.o(i.ange_usart_sendnumstr) refers to ange_usart.o(i.ange_usart_sendbyte) for ange_usart_sendbyte
    ange_usart.o(i.ange_usart_sendstring) refers to ange_usart.o(i.ange_usart_sendbyte) for ange_usart_sendbyte
    ange_usart.o(i.ange_usart_sendstring) refers to stm32f4xx_usart.o(i.USART_GetFlagStatus) for USART_GetFlagStatus
    ange_usart.o(i.ange_usartnvicinit) refers to misc.o(i.NVIC_PriorityGroupConfig) for NVIC_PriorityGroupConfig
    ange_usart.o(i.ange_usartnvicinit) refers to misc.o(i.NVIC_Init) for NVIC_Init
    ange_rcc.o(i.HSE_SetSysClock) refers to stm32f4xx_rcc.o(i.RCC_DeInit) for RCC_DeInit
    ange_rcc.o(i.HSE_SetSysClock) refers to stm32f4xx_rcc.o(i.RCC_HSEConfig) for RCC_HSEConfig
    ange_rcc.o(i.HSE_SetSysClock) refers to stm32f4xx_rcc.o(i.RCC_WaitForHSEStartUp) for RCC_WaitForHSEStartUp
    ange_rcc.o(i.HSE_SetSysClock) refers to stm32f4xx_rcc.o(i.RCC_HCLKConfig) for RCC_HCLKConfig
    ange_rcc.o(i.HSE_SetSysClock) refers to stm32f4xx_rcc.o(i.RCC_PCLK2Config) for RCC_PCLK2Config
    ange_rcc.o(i.HSE_SetSysClock) refers to stm32f4xx_rcc.o(i.RCC_PCLK1Config) for RCC_PCLK1Config
    ange_rcc.o(i.HSE_SetSysClock) refers to stm32f4xx_rcc.o(i.RCC_PLLConfig) for RCC_PLLConfig
    ange_rcc.o(i.HSE_SetSysClock) refers to stm32f4xx_rcc.o(i.RCC_PLLCmd) for RCC_PLLCmd
    ange_rcc.o(i.HSE_SetSysClock) refers to stm32f4xx_rcc.o(i.RCC_GetFlagStatus) for RCC_GetFlagStatus
    ange_rcc.o(i.HSE_SetSysClock) refers to stm32f4xx_flash.o(i.FLASH_PrefetchBufferCmd) for FLASH_PrefetchBufferCmd
    ange_rcc.o(i.HSE_SetSysClock) refers to stm32f4xx_flash.o(i.FLASH_SetLatency) for FLASH_SetLatency
    ange_rcc.o(i.HSE_SetSysClock) refers to stm32f4xx_flash.o(i.FLASH_InstructionCacheCmd) for FLASH_InstructionCacheCmd
    ange_rcc.o(i.HSE_SetSysClock) refers to stm32f4xx_flash.o(i.FLASH_DataCacheCmd) for FLASH_DataCacheCmd
[...]
    Removing stm32f4xx_sdio.o(i.SDIO_CmdStructInit), (14 bytes).
    Removing stm32f4xx_sdio.o(i.SDIO_CommandCompletionCmd), (12 bytes).
    Removing stm32f4xx_sdio.o(i.SDIO_DMACmd), (12 bytes).
    Removing stm32f4xx_sdio.o(i.SDIO_DataConfig), (52 bytes).
    Removing stm32f4xx_sdio.o(i.SDIO_DataStructInit), (20 bytes).
    Removing stm32f4xx_sdio.o(i.SDIO_DeInit), (22 bytes).
    Removing stm32f4xx_sdio.o(i.SDIO_GetCommandResponse), (12 bytes).
    Removing stm32f4xx_sdio.o(i.SDIO_GetDataCounter), (12 bytes).
    Removing stm32f4xx_sdio.o(i.SDIO_GetFIFOCount), (12 bytes).
    Removing stm32f4xx_sdio.o(i.SDIO_GetFlagStatus), (24 bytes).
    Removing stm32f4xx_sdio.o(i.SDIO_GetITStatus), (24 bytes).
    Removing stm32f4xx_sdio.o(i.SDIO_GetPowerState), (16 bytes).
    Removing stm32f4xx_sdio.o(i.SDIO_GetResponse), (24 bytes).
    Removing stm32f4xx_sdio.o(i.SDIO_ITConfig), (32 bytes).
    Removing stm32f4xx_sdio.o(i.SDIO_Init), (48 bytes).
    Removing stm32f4xx_sdio.o(i.SDIO_ReadData), (12 bytes).
    Removing stm32f4xx_sdio.o(i.SDIO_SendCEATACmd), (12 bytes).
    Removing stm32f4xx_sdio.o(i.SDIO_SendCommand), (44 bytes).
    Removing stm32f4xx_sdio.o(i.SDIO_SendSDIOSuspendCmd), (12 bytes).
    Removing stm32f4xx_sdio.o(i.SDIO_SetPowerState), (12 bytes).
    Removing stm32f4xx_sdio.o(i.SDIO_SetSDIOOperation), (12 bytes).
    Removing stm32f4xx_sdio.o(i.SDIO_SetSDIOReadWaitMode), (12 bytes).
    Removing stm32f4xx_sdio.o(i.SDIO_StartSDIOReadWait), (12 bytes).
    Removing stm32f4xx_sdio.o(i.SDIO_StopSDIOReadWait), (12 bytes).
    Removing stm32f4xx_sdio.o(i.SDIO_StructInit), (16 bytes).
    Removing stm32f4xx_sdio.o(i.SDIO_WriteData), (12 bytes).
    Removing stm32f4xx_spdifrx.o(.rev16_text), (4 bytes).
    Removing stm32f4xx_spdifrx.o(.revsh_text), (4 bytes).
    Removing stm32f4xx_spdifrx.o(.rrx_text), (6 bytes).
    Removing stm32f4xx_spi.o(.rev16_text), (4 bytes).
    Removing stm32f4xx_spi.o(.revsh_text), (4 bytes).
    Removing stm32f4xx_spi.o(.rrx_text), (6 bytes).
    Removing stm32f4xx_spi.o(i.I2S_Cmd), (24 bytes).
    Removing stm32f4xx_spi.o(i.I2S_FullDuplexConfig), (80 bytes).
    Removing stm32f4xx_spi.o(i.I2S_Init), (408 bytes).
    Removing stm32f4xx_spi.o(i.I2S_StructInit), (20 bytes).
    Removing stm32f4xx_spi.o(i.SPI_BiDirectionalLineConfig), (28 bytes).
    Removing stm32f4xx_spi.o(i.SPI_CalculateCRC), (24 bytes).
    Removing stm32f4xx_spi.o(i.SPI_Cmd), (24 bytes).
    Removing stm32f4xx_spi.o(i.SPI_DataSizeConfig), (18 bytes).
    Removing stm32f4xx_spi.o(i.SPI_GetCRC), (16 bytes).
    Removing stm32f4xx_spi.o(i.SPI_GetCRCPolynomial), (6 bytes).
    Removing stm32f4xx_spi.o(i.SPI_I2S_ClearFlag), (6 bytes).
    Removing stm32f4xx_spi.o(i.SPI_I2S_ClearITPendingBit), (20 bytes).
    Removing stm32f4xx_spi.o(i.SPI_I2S_DMACmd), (18 bytes).
    Removing stm32f4xx_spi.o(i.SPI_I2S_DeInit), (176 bytes).
    Removing stm32f4xx_spi.o(i.SPI_I2S_GetFlagStatus), (18 bytes).
    Removing stm32f4xx_spi.o(i.SPI_I2S_GetITStatus), (52 bytes).
    Removing stm32f4xx_spi.o(i.SPI_I2S_ITConfig), (32 bytes).
    Removing stm32f4xx_spi.o(i.SPI_I2S_ReceiveData), (6 bytes).
    Removing stm32f4xx_spi.o(i.SPI_I2S_SendData), (4 bytes).
    Removing stm32f4xx_spi.o(i.SPI_Init), (60 bytes).
    Removing stm32f4xx_spi.o(i.SPI_NSSInternalSoftwareConfig), (30 bytes).
    Removing stm32f4xx_spi.o(i.SPI_SSOutputCmd), (24 bytes).
    Removing stm32f4xx_spi.o(i.SPI_StructInit), (24 bytes).
    Removing stm32f4xx_spi.o(i.SPI_TIModeCmd), (24 bytes).
    Removing stm32f4xx_spi.o(i.SPI_TransmitCRC), (10 bytes).
    Removing stm32f4xx_syscfg.o(.rev16_text), (4 bytes).
    Removing stm32f4xx_syscfg.o(.revsh_text), (4 bytes).
    Removing stm32f4xx_syscfg.o(.rrx_text), (6 bytes).
    Removing stm32f4xx_syscfg.o(i.SYSCFG_CompensationCellCmd), (12 bytes).
    Removing stm32f4xx_syscfg.o(i.SYSCFG_DeInit), (22 bytes).
    Removing stm32f4xx_syscfg.o(i.SYSCFG_ETH_MediaInterfaceConfig), (12 bytes).
    Removing stm32f4xx_syscfg.o(i.SYSCFG_EXTILineConfig), (64 bytes).
    Removing stm32f4xx_syscfg.o(i.SYSCFG_GetCompensationCellStatus), (24 bytes).
    Removing stm32f4xx_syscfg.o(i.SYSCFG_MemoryRemapConfig), (12 bytes).
    Removing stm32f4xx_syscfg.o(i.SYSCFG_MemorySwappingBank), (12 bytes).
    Removing stm32f4xx_tim.o(.rev16_text), (4 bytes).
    Removing stm32f4xx_tim.o(.revsh_text), (4 bytes).
    Removing stm32f4xx_tim.o(.rrx_text), (6 bytes).
    Removing stm32f4xx_tim.o(i.TI1_Config), (58 bytes).
    Removing stm32f4xx_tim.o(i.TI2_Config), (80 bytes).
    Removing stm32f4xx_tim.o(i.TI3_Config), (72 bytes).
    Removing stm32f4xx_tim.o(i.TI4_Config), (80 bytes).
    Removing stm32f4xx_tim.o(i.TIM_ARRPreloadConfig), (24 bytes).
    Removing stm32f4xx_tim.o(i.TIM_BDTRConfig), (32 bytes).
    Removing stm32f4xx_tim.o(i.TIM_BDTRStructInit), (18 bytes).
    Removing stm32f4xx_tim.o(i.TIM_CCPreloadControl), (24 bytes).
    Removing stm32f4xx_tim.o(i.TIM_CCxCmd), (30 bytes).
    Removing stm32f4xx_tim.o(i.TIM_CCxNCmd), (30 bytes).
    Removing stm32f4xx_tim.o(i.TIM_ClearFlag), (6 bytes).
    Removing stm32f4xx_tim.o(i.TIM_ClearOC1Ref), (18 bytes).
    Removing stm32f4xx_tim.o(i.TIM_ClearOC2Ref), (24 bytes).
    Removing stm32f4xx_tim.o(i.TIM_ClearOC3Ref), (18 bytes).
    Removing stm32f4xx_tim.o(i.TIM_ClearOC4Ref), (24 bytes).
    Removing stm32f4xx_tim.o(i.TIM_Cmd), (24 bytes).
    Removing stm32f4xx_tim.o(i.TIM_CounterModeConfig), (18 bytes).
    Removing stm32f4xx_tim.o(i.TIM_CtrlPWMOutputs), (30 bytes).
    Removing stm32f4xx_tim.o(i.TIM_DMACmd), (18 bytes).
    Removing stm32f4xx_tim.o(i.TIM_DMAConfig), (10 bytes).
    Removing stm32f4xx_tim.o(i.TIM_DeInit), (400 bytes).
    Removing stm32f4xx_tim.o(i.TIM_ETRClockMode1Config), (54 bytes).
    Removing stm32f4xx_tim.o(i.TIM_ETRClockMode2Config), (32 bytes).
    Removing stm32f4xx_tim.o(i.TIM_ETRConfig), (28 bytes).
    Removing stm32f4xx_tim.o(i.TIM_EncoderInterfaceConfig), (66 bytes).
    Removing stm32f4xx_tim.o(i.TIM_ForcedOC1Config), (18 bytes).
    Removing stm32f4xx_tim.o(i.TIM_ForcedOC2Config), (26 bytes).
    Removing stm32f4xx_tim.o(i.TIM_ForcedOC3Config), (18 bytes).
    Removing stm32f4xx_tim.o(i.TIM_ForcedOC4Config), (26 bytes).
    Removing stm32f4xx_tim.o(i.TIM_GenerateEvent), (4 bytes).
    Removing stm32f4xx_tim.o(i.TIM_GetCapture1), (6 bytes).
    Removing stm32f4xx_tim.o(i.TIM_GetCapture2), (6 bytes).
    Removing stm32f4xx_tim.o(i.TIM_GetCapture3), (6 bytes).
    Removing stm32f4xx_tim.o(i.TIM_GetCapture4), (6 bytes).
    Removing stm32f4xx_tim.o(i.TIM_GetCounter), (6 bytes).
    Removing stm32f4xx_tim.o(i.TIM_GetFlagStatus), (18 bytes).
    Removing stm32f4xx_tim.o(i.TIM_GetPrescaler), (6 bytes).
    Removing stm32f4xx_tim.o(i.TIM_ICInit), (110 bytes).
    Removing stm32f4xx_tim.o(i.TIM_ICStructInit), (18 bytes).
    Removing stm32f4xx_tim.o(i.TIM_ITConfig), (18 bytes).
    Removing stm32f4xx_tim.o(i.TIM_ITRxExternalClockConfig), (24 bytes).
    Removing stm32f4xx_tim.o(i.TIM_InternalClockConfig), (12 bytes).
    Removing stm32f4xx_tim.o(i.TIM_OC1FastConfig), (18 bytes).
    Removing stm32f4xx_tim.o(i.TIM_OC1Init), (124 bytes).
    Removing stm32f4xx_tim.o(i.TIM_OC1NPolarityConfig), (18 bytes).
    Removing stm32f4xx_tim.o(i.TIM_OC1PolarityConfig), (18 bytes).
    Removing stm32f4xx_tim.o(i.TIM_OC1PreloadConfig), (18 bytes).
    Removing stm32f4xx_tim.o(i.TIM_OC2FastConfig), (26 bytes).
    Removing stm32f4xx_tim.o(i.TIM_OC2Init), (164 bytes).
    Removing stm32f4xx_tim.o(i.TIM_OC2NPolarityConfig), (26 bytes).
    Removing stm32f4xx_tim.o(i.TIM_OC2PolarityConfig), (26 bytes).
    Removing stm32f4xx_tim.o(i.TIM_OC2PreloadConfig), (26 bytes).
    Removing stm32f4xx_tim.o(i.TIM_OC3FastConfig), (18 bytes).
    Removing stm32f4xx_tim.o(i.TIM_OC3Init), (160 bytes).
    Removing stm32f4xx_tim.o(i.TIM_OC3NPolarityConfig), (26 bytes).
    Removing stm32f4xx_tim.o(i.TIM_OC3PolarityConfig), (26 bytes).
    Removing stm32f4xx_tim.o(i.TIM_OC3PreloadConfig), (18 bytes).
    Removing stm32f4xx_tim.o(i.TIM_OC4FastConfig), (26 bytes).
    Removing stm32f4xx_tim.o(i.TIM_OC4Init), (120 bytes).
    Removing stm32f4xx_tim.o(i.TIM_OC4PolarityConfig), (26 bytes).
    Removing stm32f4xx_tim.o(i.TIM_OC4PreloadConfig), (26 bytes).
    Removing stm32f4xx_tim.o(i.TIM_OCStructInit), (20 bytes).
    Removing stm32f4xx_tim.o(i.TIM_PWMIConfig), (124 bytes).
    Removing stm32f4xx_tim.o(i.TIM_PrescalerConfig), (6 bytes).
    Removing stm32f4xx_tim.o(i.TIM_RemapConfig), (6 bytes).
    Removing stm32f4xx_tim.o(i.TIM_SelectCCDMA), (24 bytes).
    Removing stm32f4xx_tim.o(i.TIM_SelectCOM), (24 bytes).
    Removing stm32f4xx_tim.o(i.TIM_SelectHallSensor), (24 bytes).
    Removing stm32f4xx_tim.o(i.TIM_SelectInputTrigger), (18 bytes).
    Removing stm32f4xx_tim.o(i.TIM_SelectMasterSlaveMode), (18 bytes).
    Removing stm32f4xx_tim.o(i.TIM_SelectOCxM), (86 bytes).
    Removing stm32f4xx_tim.o(i.TIM_SelectOnePulseMode), (18 bytes).
    Removing stm32f4xx_tim.o(i.TIM_SelectOutputTrigger), (18 bytes).
    Removing stm32f4xx_tim.o(i.TIM_SelectSlaveMode), (18 bytes).
    Removing stm32f4xx_tim.o(i.TIM_SetAutoreload), (4 bytes).
    Removing stm32f4xx_tim.o(i.TIM_SetClockDivision), (18 bytes).
    Removing stm32f4xx_tim.o(i.TIM_SetCompare1), (4 bytes).
    Removing stm32f4xx_tim.o(i.TIM_SetCompare2), (4 bytes).
    Removing stm32f4xx_tim.o(i.TIM_SetCompare3), (4 bytes).
    Removing stm32f4xx_tim.o(i.TIM_SetCompare4), (4 bytes).
    Removing stm32f4xx_tim.o(i.TIM_SetCounter), (4 bytes).
    Removing stm32f4xx_tim.o(i.TIM_SetIC1Prescaler), (18 bytes).
    Removing stm32f4xx_tim.o(i.TIM_SetIC2Prescaler), (26 bytes).
    Removing stm32f4xx_tim.o(i.TIM_SetIC3Prescaler), (18 bytes).
    Removing stm32f4xx_tim.o(i.TIM_SetIC4Prescaler), (26 bytes).
    Removing stm32f4xx_tim.o(i.TIM_TIxExternalClockConfig), (62 bytes).
    Removing stm32f4xx_tim.o(i.TIM_TimeBaseInit), (132 bytes).
    Removing stm32f4xx_tim.o(i.TIM_TimeBaseStructInit), (18 bytes).
    Removing stm32f4xx_tim.o(i.TIM_UpdateDisableConfig), (24 bytes).
    Removing stm32f4xx_tim.o(i.TIM_UpdateRequestConfig), (24 bytes).
    Removing stm32f4xx_usart.o(.rev16_text), (4 bytes).
    Removing stm32f4xx_usart.o(.revsh_text), (4 bytes).
    Removing stm32f4xx_usart.o(.rrx_text), (6 bytes).
    Removing stm32f4xx_usart.o(i.USART_ClearFlag), (18 bytes).
    Removing stm32f4xx_usart.o(i.USART_ClockInit), (32 bytes).
    Removing stm32f4xx_usart.o(i.USART_ClockStructInit), (12 bytes).
    Removing stm32f4xx_usart.o(i.USART_DMACmd), (18 bytes).
    Removing stm32f4xx_usart.o(i.USART_DeInit), (240 bytes).
    Removing stm32f4xx_usart.o(i.USART_GetFlagStatus), (26 bytes).
    Removing stm32f4xx_usart.o(i.USART_HalfDuplexCmd), (24 bytes).
    Removing stm32f4xx_usart.o(i.USART_IrDACmd), (24 bytes).
    Removing stm32f4xx_usart.o(i.USART_IrDAConfig), (18 bytes).
    Removing stm32f4xx_usart.o(i.USART_LINBreakDetectLengthConfig), (18 bytes).
    Removing stm32f4xx_usart.o(i.USART_LINCmd), (24 bytes).
    Removing stm32f4xx_usart.o(i.USART_OneBitMethodCmd), (24 bytes).
    Removing stm32f4xx_usart.o(i.USART_OverSampling8Cmd), (22 bytes).
    Removing stm32f4xx_usart.o(i.USART_ReceiveData), (10 bytes).
    Removing stm32f4xx_usart.o(i.USART_ReceiverWakeUpCmd), (24 bytes).
    Removing stm32f4xx_usart.o(i.USART_SendBreak), (10 bytes).
    Removing stm32f4xx_usart.o(i.USART_SendData), (8 bytes).
    Removing stm32f4xx_usart.o(i.USART_SetAddress), (18 bytes).
    Removing stm32f4xx_usart.o(i.USART_SetGuardTime), (16 bytes).
    Removing stm32f4xx_usart.o(i.USART_SetPrescaler), (16 bytes).
    Removing stm32f4xx_usart.o(i.USART_SmartCardCmd), (24 bytes).
    Removing stm32f4xx_usart.o(i.USART_SmartCardNACKCmd), (24 bytes).
    Removing stm32f4xx_usart.o(i.USART_StructInit), (24 bytes).
    Removing stm32f4xx_usart.o(i.USART_WakeUpConfig), (18 bytes).
    Removing stm32f4xx_wwdg.o(.rev16_text), (4 bytes).
    Removing stm32f4xx_wwdg.o(.revsh_text), (4 bytes).
    Removing stm32f4xx_wwdg.o(.rrx_text), (6 bytes).
    Removing stm32f4xx_wwdg.o(i.WWDG_ClearFlag), (12 bytes).
    Removing stm32f4xx_wwdg.o(i.WWDG_DeInit), (22 bytes).
    Removing stm32f4xx_wwdg.o(i.WWDG_Enable), (16 bytes).
    Removing stm32f4xx_wwdg.o(i.WWDG_EnableIT), (12 bytes).
    Removing stm32f4xx_wwdg.o(i.WWDG_GetFlagStatus), (20 bytes).
    Removing stm32f4xx_wwdg.o(i.WWDG_SetCounter), (16 bytes).
    Removing stm32f4xx_wwdg.o(i.WWDG_SetPrescaler), (24 bytes).
    Removing stm32f4xx_wwdg.o(i.WWDG_SetWindowValue), (40 bytes).
    Removing ms5611.o(.rev16_text), (4 bytes).
    Removing ms5611.o(.revsh_text), (4 bytes).
    Removing ms5611.o(.rrx_text), (6 bytes).
    Removing ms5611.o(i.MS561101BA_GetAvg), (56 bytes).
    Removing ms5611.o(i.MS561101BA_GetTemperature), (2 bytes).
    Removing ms5611.o(i.MS561101BA_Get_Altitude), (188 bytes).
    Removing ms5611.o(i.MS561101BA_Init), (30 bytes).
    Removing ms5611.o(i.MS561101BA_NewAlt), (48 bytes).
    Removing ms5611.o(i.MS561101BA_NewPress), (48 bytes).
    Removing ms5611.o(i.MS561101BA_NewTemp), (44 bytes).
    Removing ms5611.o(i.MS561101BA_SPICS_Init), (64 bytes).
    Removing ms5611.o(i.MS561101BA_readPROM), (84 bytes).
    Removing ms5611.o(i.MS561101BA_reset), (40 bytes).
    Removing ms5611.o(i.MS5611BA_Get_D), (116 bytes).
    Removing ms5611.o(i.MS5611BA_Routing), (872 bytes).
    Removing ms5611.o(i.MS5611_Get_Press_Raw), (80 bytes).
    Removing ms5611.o(i.MS5611_Get_Temperature_Raw), (80 bytes).
    Removing ms5611.o(i.Ms5611_Send_CMD), (40 bytes).
    Removing ms5611.o(.bss), (252 bytes).
    Removing ms5611.o(.data), (80 bytes).
    Removing mpu6050.o(.rev16_text), (4 bytes).
    Removing mpu6050.o(.revsh_text), (4 bytes).
    Removing mpu6050.o(.rrx_text), (6 bytes).
    Removing mpu6050.o(i.MPU6050ReadAcc), (64 bytes).
    Removing mpu6050.o(i.MPU6050ReadGyro), (64 bytes).
    Removing mpu6050.o(i.MPU6050ReadID), (88 bytes).
    Removing mpu6050.o(i.MPU6050ReadTemp), (32 bytes).
    Removing mpu6050.o(i.MPU6050_Init), (120 bytes).
    Removing mpu6050.o(i.MPU6050_ReadData), (22 bytes).
    Removing mpu6050.o(i.MPU6050_ReturnTemp), (108 bytes).
    Removing mpu6050.o(i.MPU6050_WriteReg), (18 bytes).
    Removing mpu6050.o(i.MPU6050_int_enable), (20 bytes).
    Removing mpu6050.o(.conststring), (89 bytes).
    Removing mpu6050_2.o(.rev16_text), (4 bytes).
    Removing mpu6050_2.o(.revsh_text), (4 bytes).
    Removing mpu6050_2.o(.rrx_text), (6 bytes).
    Removing mpu6050_2.o(i.MPU_Get_Accelerometer), (80 bytes).
    Removing mpu6050_2.o(i.MPU_Get_Gyroscope), (80 bytes).
    Removing mpu6050_2.o(i.MPU_Get_Temperature), (132 bytes).
    Removing mpu6050_2.o(i.MPU_Init), (118 bytes).
    Removing mpu6050_2.o(i.MPU_Read_Byte), (22 bytes).
    Removing mpu6050_2.o(i.MPU_Read_Len), (34 bytes).
    Removing mpu6050_2.o(i.MPU_Set_Accel_Fsr), (16 bytes).
    Removing mpu6050_2.o(i.MPU_Set_Gyro_Fsr), (16 bytes).
    Removing mpu6050_2.o(i.MPU_Set_LPF), (58 bytes).
    Removing mpu6050_2.o(i.MPU_Set_Rate), (58 bytes).
    Removing mpu6050_2.o(i.MPU_Write_Byte), (20 bytes).
    Removing mpu6050_2.o(i.MPU_Write_Len), (34 bytes).
    Removing qmc5883.o(.rev16_text), (4 bytes).
    Removing qmc5883.o(.revsh_text), (4 bytes).
    Removing qmc5883.o(.rrx_text), (6 bytes).
    Removing qmc5883.o(i.QMC_IIC_Ack), (80 bytes).
    Removing qmc5883.o(i.QMC_IIC_NAck), (80 bytes).
    Removing qmc5883.o(i.QMC_IIC_Read_Byte), (108 bytes).
    Removing qmc5883.o(i.QMC_IIC_Read_Len), (116 bytes).
    Removing qmc5883.o(i.QMC_IIC_Read_RES_Byte), (72 bytes).
    Removing qmc5883.o(i.QMC_IIC_Send_Byte), (104 bytes).
    Removing qmc5883.o(i.QMC_IIC_Start), (76 bytes).
    Removing qmc5883.o(i.QMC_IIC_Stop), (76 bytes).
    Removing qmc5883.o(i.QMC_IIC_Wait_Ack), (96 bytes).
    Removing qmc5883.o(i.QMC_IIC_Write_Byte), (76 bytes).
    Removing qmc5883.o(i.QMC_IIC_Write_Len), (96 bytes).
    Removing qmc5883.o(i.qmc5883_get_raw_data), (172 bytes).
    Removing qmc5883.o(i.qmc5883_gpio_init), (88 bytes).
    Removing qmc5883.o(i.qmc5883_init), (62 bytes).
    Removing icm20689.o(.rev16_text), (4 bytes).
    Removing icm20689.o(.revsh_text), (4 bytes).
    Removing icm20689.o(.rrx_text), (6 bytes).
    Removing icm20689.o(i.Get_ICM20689_Raw), (172 bytes).
    Removing icm20689.o(i.ICM20689_GetDeviceID), (10 bytes).
    Removing icm20689.o(i.ICM20689_Init), (136 bytes).
    Removing icm20689.o(i.ICM20689_SPICS_init), (64 bytes).
    Removing icm20689.o(i.MPU9250_Acc_Set_Range), (280 bytes).
    Removing icm20689.o(i.MPU9250_Gyro_Set_Range), (288 bytes).
    Removing icm20689.o(i.MPU9250_Gyro_Set_Rate), (448 bytes).
    Removing icm20689.o(i.MPU9250_Read_Reg), (48 bytes).
    Removing icm20689.o(i.MPU9250_Write_Reg), (68 bytes).
    Removing oled2.o(.rev16_text), (4 bytes).
    Removing oled2.o(.revsh_text), (4 bytes).
    Removing oled2.o(.rrx_text), (6 bytes).
    Removing oled2.o(i.Get_data_from_ROM), (10 bytes).
    Removing oled2.o(i.OLED_Clear), (64 bytes).
    Removing oled2.o(i.OLED_ColorTurn), (28 bytes).
    Removing oled2.o(i.OLED_DisPlay_Off), (28 bytes).
    Removing oled2.o(i.OLED_DisPlay_On), (28 bytes).
    Removing oled2.o(i.OLED_DisplayTurn), (44 bytes).
    Removing oled2.o(i.OLED_Display_128x64), (48 bytes).
    Removing oled2.o(i.OLED_Display_16x16), (60 bytes).
    Removing oled2.o(i.OLED_Display_5x7), (44 bytes).
    Removing oled2.o(i.OLED_Display_8x16), (60 bytes).
    Removing oled2.o(i.OLED_Display_GB2312_string), (296 bytes).
    Removing oled2.o(i.OLED_Display_string_5x7), (108 bytes).
    Removing oled2.o(i.OLED_Init), (288 bytes).
    Removing oled2.o(i.OLED_ShowNum), (296 bytes).
    Removing oled2.o(i.OLED_WR_Byte), (76 bytes).
    Removing oled2.o(i.OLED_address), (46 bytes).
    Removing oled2.o(i.OLED_get_data_from_ROM), (88 bytes).
    Removing oled2.o(i.Send_Command_to_ROM), (12 bytes).
    Removing fifo_buffer.o(i.fifoBuf_clearData), (6 bytes).
    Removing fifo_buffer.o(i.fifoBuf_flush), (8 bytes).
    Removing fifo_buffer.o(i.fifoBuf_getByte), (58 bytes).
    Removing fifo_buffer.o(i.fifoBuf_getBytePeek), (30 bytes).
    Removing fifo_buffer.o(i.fifoBuf_getDataPeek), (112 bytes).
    Removing fifo_buffer.o(i.fifoBuf_getSize), (16 bytes).
    Removing fifo_buffer.o(i.fifoBuf_putByte), (58 bytes).
    Removing fifo_buffer.o(i.fifoBuf_removeData), (56 bytes).
    Removing system_stm32f4xx.o(.rev16_text), (4 bytes).
    Removing system_stm32f4xx.o(.revsh_text), (4 bytes).
    Removing system_stm32f4xx.o(.rrx_text), (6 bytes).
    Removing system_stm32f4xx.o(i.SystemCoreClockUpdate), (192 bytes).
    Removing system_stm32f4xx.o(.data), (20 bytes).
    Removing inv_mpu.o(.rev16_text), (4 bytes).
    Removing inv_mpu.o(.revsh_text), (4 bytes).
    Removing inv_mpu.o(.rrx_text), (6 bytes).
    Removing inv_mpu.o(i.accel_self_test), (192 bytes).
    Removing inv_mpu.o(i.get_accel_prod_shift), (208 bytes).
    Removing inv_mpu.o(i.get_st_biases), (1136 bytes).
    Removing inv_mpu.o(i.gyro_self_test), (284 bytes).
    Removing inv_mpu.o(i.inv_orientation_matrix_to_scalar), (40 bytes).
    Removing inv_mpu.o(i.inv_row_2_scale), (78 bytes).
    Removing inv_mpu.o(i.mget_ms), (2 bytes).
    Removing inv_mpu.o(i.mpu_configure_fifo), (112 bytes).
    Removing inv_mpu.o(i.mpu_dmp_get_data), (536 bytes).
    Removing inv_mpu.o(i.mpu_dmp_init), (152 bytes).
    Removing inv_mpu.o(i.mpu_get_accel_fsr), (76 bytes).
    Removing inv_mpu.o(i.mpu_get_accel_reg), (116 bytes).
    Removing inv_mpu.o(i.mpu_get_accel_sens), (84 bytes).
    Removing inv_mpu.o(i.mpu_get_compass_fsr), (8 bytes).
    Removing inv_mpu.o(i.mpu_get_compass_reg), (8 bytes).
    Removing inv_mpu.o(i.mpu_get_compass_sample_rate), (10 bytes).
    Removing inv_mpu.o(i.mpu_get_dmp_state), (20 bytes).
    Removing inv_mpu.o(i.mpu_get_fifo_config), (16 bytes).
    Removing inv_mpu.o(i.mpu_get_gyro_fsr), (68 bytes).
    Removing inv_mpu.o(i.mpu_get_gyro_reg), (116 bytes).
    Removing inv_mpu.o(i.mpu_get_gyro_sens), (96 bytes).
    Removing inv_mpu.o(i.mpu_get_int_status), (68 bytes).
    Removing inv_mpu.o(i.mpu_get_lpf), (80 bytes).
    Removing inv_mpu.o(i.mpu_get_power_state), (28 bytes).
    Removing inv_mpu.o(i.mpu_get_sample_rate), (32 bytes).
    Removing inv_mpu.o(i.mpu_get_temperature), (156 bytes).
    Removing inv_mpu.o(i.mpu_init), (496 bytes).
    Removing inv_mpu.o(i.mpu_load_firmware), (184 bytes).
    Removing inv_mpu.o(i.mpu_lp_accel_mode), (224 bytes).
    Removing inv_mpu.o(i.mpu_lp_motion_interrupt), (516 bytes).
    Removing inv_mpu.o(i.mpu_read_fifo), (504 bytes).
    Removing inv_mpu.o(i.mpu_read_fifo_stream), (192 bytes).
    Removing inv_mpu.o(i.mpu_read_mem), (128 bytes).
    Removing inv_mpu.o(i.mpu_read_reg), (72 bytes).
    Removing inv_mpu.o(i.mpu_reg_dump), (104 bytes).
    Removing inv_mpu.o(i.mpu_reset_fifo), (456 bytes).
    Removing inv_mpu.o(i.mpu_run_self_test), (284 bytes).
    Removing inv_mpu.o(i.mpu_set_accel_bias), (384 bytes).
    Removing inv_mpu.o(i.mpu_set_accel_fsr), (132 bytes).
    Removing inv_mpu.o(i.mpu_set_bypass), (332 bytes).
    Removing inv_mpu.o(i.mpu_set_compass_sample_rate), (8 bytes).
    Removing inv_mpu.o(i.mpu_set_dmp_state), (144 bytes).
    Removing inv_mpu.o(i.mpu_set_gyro_fsr), (136 bytes).
    Removing inv_mpu.o(i.mpu_set_int_latched), (108 bytes).
    Removing inv_mpu.o(i.mpu_set_int_level), (16 bytes).
    Removing inv_mpu.o(i.mpu_set_lpf), (132 bytes).
    Removing inv_mpu.o(i.mpu_set_sample_rate), (156 bytes).
    Removing inv_mpu.o(i.mpu_set_sensors), (208 bytes).
    Removing inv_mpu.o(i.mpu_write_mem), (128 bytes).
    Removing inv_mpu.o(i.run_self_test), (154 bytes).
    Removing inv_mpu.o(i.set_int_enable), (144 bytes).
    Removing inv_mpu.o(i.setup_compass), (6 bytes).
    Removing inv_mpu.o(.constdata), (80 bytes).
    Removing inv_mpu.o(.conststring), (77 bytes).
    Removing inv_mpu.o(.data), (53 bytes).
    Removing inv_mpu_dmp_motion_driver.o(.rev16_text), (4 bytes).
    Removing inv_mpu_dmp_motion_driver.o(.revsh_text), (4 bytes).
    Removing inv_mpu_dmp_motion_driver.o(.rrx_text), (6 bytes).
    Removing inv_mpu_dmp_motion_driver.o(i.decode_gesture), (100 bytes).
    Removing inv_mpu_dmp_motion_driver.o(i.dmp_enable_6x_lp_quat), (60 bytes).
    Removing inv_mpu_dmp_motion_driver.o(i.dmp_enable_feature), (540 bytes).
    Removing inv_mpu_dmp_motion_driver.o(i.dmp_enable_gyro_cal), (88 bytes).
    Removing inv_mpu_dmp_motion_driver.o(i.dmp_enable_lp_quat), (60 bytes).
    Removing inv_mpu_dmp_motion_driver.o(i.dmp_get_enabled_features), (16 bytes).
    Removing inv_mpu_dmp_motion_driver.o(i.dmp_get_fifo_rate), (16 bytes).
    Removing inv_mpu_dmp_motion_driver.o(i.dmp_get_pedometer_step_count), (66 bytes).
    Removing inv_mpu_dmp_motion_driver.o(i.dmp_get_pedometer_walk_time), (72 bytes).
    Removing inv_mpu_dmp_motion_driver.o(i.dmp_load_motion_driver_firmware), (24 bytes).
    Removing inv_mpu_dmp_motion_driver.o(i.dmp_read_fifo), (460 bytes).
    Removing inv_mpu_dmp_motion_driver.o(i.dmp_register_android_orient_cb), (16 bytes).
    Removing inv_mpu_dmp_motion_driver.o(i.dmp_register_tap_cb), (16 bytes).
    Removing inv_mpu_dmp_motion_driver.o(i.dmp_set_accel_bias), (304 bytes).
    Removing inv_mpu_dmp_motion_driver.o(i.dmp_set_fifo_rate), (112 bytes).
    Removing inv_mpu_dmp_motion_driver.o(i.dmp_set_gyro_bias), (304 bytes).
    Removing inv_mpu_dmp_motion_driver.o(i.dmp_set_interrupt_mode), (92 bytes).
    Removing inv_mpu_dmp_motion_driver.o(i.dmp_set_orientation), (312 bytes).
    Removing inv_mpu_dmp_motion_driver.o(i.dmp_set_pedometer_step_count), (42 bytes).
    Removing inv_mpu_dmp_motion_driver.o(i.dmp_set_pedometer_walk_time), (48 bytes).
    Removing inv_mpu_dmp_motion_driver.o(i.dmp_set_shake_reject_thresh), (56 bytes).
    Removing inv_mpu_dmp_motion_driver.o(i.dmp_set_shake_reject_time), (38 bytes).
    Removing inv_mpu_dmp_motion_driver.o(i.dmp_set_shake_reject_timeout), (38 bytes).
    Removing inv_mpu_dmp_motion_driver.o(i.dmp_set_tap_axes), (70 bytes).
    Removing inv_mpu_dmp_motion_driver.o(i.dmp_set_tap_count), (38 bytes).
    Removing inv_mpu_dmp_motion_driver.o(i.dmp_set_tap_thresh), (448 bytes).
    Removing inv_mpu_dmp_motion_driver.o(i.dmp_set_tap_time), (38 bytes).
    Removing inv_mpu_dmp_motion_driver.o(i.dmp_set_tap_time_multi), (38 bytes).
    Removing inv_mpu_dmp_motion_driver.o(.bss), (16 bytes).
    Removing inv_mpu_dmp_motion_driver.o(.constdata), (3062 bytes).
    Removing dadd.o(.text), (334 bytes).
    Removing dmul.o(.text), (228 bytes).
    Removing ddiv.o(.text), (222 bytes).
    Removing dflti.o(.text), (34 bytes).
    Removing dfltui.o(.text), (26 bytes).
    Removing dfixi.o(.text), (62 bytes).
    Removing dfixui.o(.text), (50 bytes).
    Removing f2d.o(.text), (38 bytes).
    Removing d2f.o(.text), (56 bytes).
    Removing fepilogue.o(.text), (110 bytes).
    Removing depilogue.o(.text), (186 bytes).
    Removing dneg.o(.text), (6 bytes).
    Removing dscalb.o(.text), (46 bytes).
    Removing dfixul.o(.text), (48 bytes).
    Removing cdrcmple.o(.text), (48 bytes).
    Removing dsqrt.o(.text), (162 bytes).
    Removing cdcmple.o(.text), (48 bytes).

1122 unused section(s) (total 68833 bytes) removed from the image.

==============================================================================

Image Symbol Table

    Local Symbols

    Symbol Name                              Value     Ov Type        Size  Object(Section)

    ../clib/../cmprslib/zerorunl2.c          0x00000000   Number         0  __dczerorl2.o ABSOLUTE
    ../clib/microlib/division.c              0x00000000   Number         0  uldiv.o ABSOLUTE
    ../clib/microlib/division.c              0x00000000   Number         0  ldiv.o ABSOLUTE
    ../clib/microlib/division.c              0x00000000   Number         0  uidiv.o ABSOLUTE
    ../clib/microlib/errno.c                 0x00000000   Number         0  errno.o ABSOLUTE
    ../clib/microlib/init/entry.s            0x00000000   Number         0  entry7b.o ABSOLUTE
    ../clib/microlib/init/entry.s            0x00000000   Number         0  entry11b.o ABSOLUTE
    ../clib/microlib/init/entry.s            0x00000000   Number         0  entry11a.o ABSOLUTE
    ../clib/microlib/init/entry.s            0x00000000   Number         0  entry10b.o ABSOLUTE
    ../clib/microlib/init/entry.s            0x00000000   Number         0  entry10a.o ABSOLUTE
    ../clib/microlib/init/entry.s            0x00000000   Number         0  entry9b.o ABSOLUTE
    ../clib/microlib/init/entry.s            0x00000000   Number         0  entry9a.o ABSOLUTE
    ../clib/microlib/init/entry.s            0x00000000   Number         0  entry8b.o ABSOLUTE
    ../clib/microlib/init/entry.s            0x00000000   Number         0  entry8a.o ABSOLUTE
    ../clib/microlib/init/entry.s            0x00000000   Number         0  entry7a.o ABSOLUTE
    ../clib/microlib/init/entry.s            0x00000000   Number         0  entry5.o ABSOLUTE
    ../clib/microlib/init/entry.s            0x00000000   Number         0  entry2.o ABSOLUTE
    ../clib/microlib/init/entry.s            0x00000000   Number         0  entry.o ABSOLUTE
    ../clib/microlib/longlong.c              0x00000000   Number         0  llushr.o ABSOLUTE
    ../clib/microlib/longlong.c              0x00000000   Number         0  llshl.o ABSOLUTE
    ../clib/microlib/longlong.c              0x00000000   Number         0  llsshr.o ABSOLUTE
    ../clib/microlib/malloc/malloc.c         0x00000000   Number         0  malloc.o ABSOLUTE
    ../clib/microlib/malloc/malloc.c         0x00000000   Number         0  mallocra.o ABSOLUTE
    ../clib/microlib/malloc/malloc.c         0x00000000   Number         0  malloca.o ABSOLUTE
    ../clib/microlib/malloc/malloc.c         0x00000000   Number         0  mallocr.o ABSOLUTE
    ../clib/microlib/malloc/mvars.c          0x00000000   Number         0  mvars.o ABSOLUTE
    ../clib/microlib/printf/printf.c         0x00000000   Number         0  printf5.o ABSOLUTE
    ../clib/microlib/printf/printf.c         0x00000000   Number         0  printf4.o ABSOLUTE
    ../clib/microlib/printf/printf.c         0x00000000   Number         0  printf3.o ABSOLUTE
    ../clib/microlib/printf/printf.c         0x00000000   Number         0  printf2.o ABSOLUTE
    ../clib/microlib/printf/printf.c         0x00000000   Number         0  printf1.o ABSOLUTE
    ../clib/microlib/printf/printf.c         0x00000000   Number         0  printf0.o ABSOLUTE
    ../clib/microlib/printf/printf.c         0x00000000   Number         0  printfb.o ABSOLUTE
    ../clib/microlib/printf/printf.c         0x00000000   Number         0  printfa.o ABSOLUTE
    ../clib/microlib/printf/printf.c         0x00000000   Number         0  printf8.o ABSOLUTE
    ../clib/microlib/printf/printf.c         0x00000000   Number         0  printf7.o ABSOLUTE
    ../clib/microlib/printf/printf.c         0x00000000   Number         0  printf6.o ABSOLUTE
    ../clib/microlib/printf/stubs.s          0x00000000   Number         0  stubs.o ABSOLUTE
    ../clib/microlib/string/memcmp.c         0x00000000   Number         0  memcmp.o ABSOLUTE
    ../clib/microlib/string/memcpy.c         0x00000000   Number         0  memcpyb.o ABSOLUTE
    ../clib/microlib/string/memcpy.c         0x00000000   Number         0  memcpya.o ABSOLUTE
    ../clib/microlib/string/memset.c         0x00000000   Number         0  memseta.o ABSOLUTE
    ../clib/microlib/stubs.s                 0x00000000   Number         0  iusefp.o ABSOLUTE
    ../clib/microlib/stubs.s                 0x00000000   Number         0  useno.o ABSOLUTE
    ../fplib/microlib/d2f.c                  0x00000000   Number         0  d2f.o ABSOLUTE
    ../fplib/microlib/f2d.c                  0x00000000   Number         0  f2d.o ABSOLUTE
    ../fplib/microlib/fpadd.c                0x00000000   Number         0  dadd.o ABSOLUTE
    ../fplib/microlib/fpdiv.c                0x00000000   Number         0  ddiv.o ABSOLUTE
    ../fplib/microlib/fpepilogue.c           0x00000000   Number         0  depilogue.o ABSOLUTE
    ../fplib/microlib/fpepilogue.c           0x00000000   Number         0  fepilogue.o ABSOLUTE
    ../fplib/microlib/fpfix.c                0x00000000   Number         0  dfixui.o ABSOLUTE
    ../fplib/microlib/fpfix.c                0x00000000   Number         0  dfixi.o ABSOLUTE
    ../fplib/microlib/fpfix.c                0x00000000   Number         0  dfixul.o ABSOLUTE
    ../fplib/microlib/fpflt.c                0x00000000   Number         0  dfltui.o ABSOLUTE
    ../fplib/microlib/fpflt.c                0x00000000   Number         0  dflti.o ABSOLUTE
    ../fplib/microlib/fpmul.c                0x00000000   Number         0  dmul.o ABSOLUTE
    ../fplib/microlib/fpneg.c                0x00000000   Number         0  dneg.o ABSOLUTE
    ../fplib/microlib/fpscalb.c              0x00000000   Number         0  dscalb.o ABSOLUTE
    ../fplib/microlib/fpsqrt.c               0x00000000   Number         0  dsqrt.o ABSOLUTE
    ../mathlib/asin.c                        0x00000000   Number         0  asin.o ABSOLUTE
    ../mathlib/asin.c                        0x00000000   Number         0  asin_x.o ABSOLUTE
    ../mathlib/atan.c                        0x00000000   Number         0  atan_x.o ABSOLUTE
    ../mathlib/atan.c                        0x00000000   Number         0  atan.o ABSOLUTE
    ../mathlib/atan2.c                       0x00000000   Number         0  atan2.o ABSOLUTE
    ../mathlib/atan2.c                       0x00000000   Number         0  atan2_x.o ABSOLUTE
    ../mathlib/cos_i.c                       0x00000000   Number         0  cos_i.o ABSOLUTE
    ../mathlib/dunder.c                      0x00000000   Number         0  dunder.o ABSOLUTE
    ../mathlib/fabs.c                        0x00000000   Number         0  fabs.o ABSOLUTE
    ../mathlib/fpclassify.c                  0x00000000   Number         0  fpclassify.o ABSOLUTE
    ../mathlib/poly.c                        0x00000000   Number         0  poly.o ABSOLUTE
    ../mathlib/pow.c                         0x00000000   Number         0  pow_x.o ABSOLUTE
    ../mathlib/pow.c                         0x00000000   Number         0  pow.o ABSOLUTE
    ../mathlib/qnan.c                        0x00000000   Number         0  qnan.o ABSOLUTE
    ../mathlib/rred.c                        0x00000000   Number         0  rred.o ABSOLUTE
    ../mathlib/sin.c                         0x00000000   Number         0  sin_x.o ABSOLUTE
    ../mathlib/sin.c                         0x00000000   Number         0  sin.o ABSOLUTE
    ../mathlib/sin_i.c                       0x00000000   Number         0  sin_i.o ABSOLUTE
    ../mathlib/sin_i.c                       0x00000000   Number         0  sin_i_x.o ABSOLUTE
    ../mathlib/sqrt.c                        0x00000000   Number         0  sqrt_x.o ABSOLUTE
    ../mathlib/sqrt.c                        0x00000000   Number         0  sqrt.o ABSOLUTE
    ..\DMP_empl\inv_mpu.c                    0x00000000   Number         0  inv_mpu.o ABSOLUTE
    ..\DMP_empl\inv_mpu_dmp_motion_driver.c  0x00000000   Number         0  inv_mpu_dmp_motion_driver.o ABSOLUTE
    ..\Libraries\CMSIS\startup\startup_stm32f40_41xxx.s 0x00000000   Number         0  startup_stm32f40_41xxx.o ABSOLUTE
    ..\Libraries\CMSIS\system_stm32f4xx.c    0x00000000   Number         0  system_stm32f4xx.o ABSOLUTE
    ..\Libraries\fwlib\src\misc.c            0x00000000   Number         0  misc.o ABSOLUTE
    ..\Libraries\fwlib\src\stm32f4xx_adc.c   0x00000000   Number         0  stm32f4xx_adc.o ABSOLUTE
    ..\Libraries\fwlib\src\stm32f4xx_can.c   0x00000000   Number         0  stm32f4xx_can.o ABSOLUTE
    ..\Libraries\fwlib\src\stm32f4xx_cec.c   0x00000000   Number         0  stm32f4xx_cec.o ABSOLUTE
    ..\Libraries\fwlib\src\stm32f4xx_crc.c   0x00000000   Number         0  stm32f4xx_crc.o ABSOLUTE
    ..\Libraries\fwlib\src\stm32f4xx_cryp.c  0x00000000   Number         0  stm32f4xx_cryp.o ABSOLUTE
    ..\Libraries\fwlib\src\stm32f4xx_cryp_aes.c 0x00000000   Number         0  stm32f4xx_cryp_aes.o ABSOLUTE
    ..\Libraries\fwlib\src\stm32f4xx_cryp_des.c 0x00000000   Number         0  stm32f4xx_cryp_des.o ABSOLUTE
    ..\Libraries\fwlib\src\stm32f4xx_cryp_tdes.c 0x00000000   Number         0  stm32f4xx_cryp_tdes.o ABSOLUTE
    ..\Libraries\fwlib\src\stm32f4xx_dac.c   0x00000000   Number         0  stm32f4xx_dac.o ABSOLUTE
    ..\Libraries\fwlib\src\stm32f4xx_dbgmcu.c 0x00000000   Number         0  stm32f4xx_dbgmcu.o ABSOLUTE
    ..\Libraries\fwlib\src\stm32f4xx_dcmi.c  0x00000000   Number         0  stm32f4xx_dcmi.o ABSOLUTE
    ..\Libraries\fwlib\src\stm32f4xx_dfsdm.c 0x00000000   Number         0  stm32f4xx_dfsdm.o ABSOLUTE
    ..\Libraries\fwlib\src\stm32f4xx_dma.c   0x00000000   Number         0  stm32f4xx_dma.o ABSOLUTE
    ..\Libraries\fwlib\src\stm32f4xx_dsi.c   0x00000000   Number         0  stm32f4xx_dsi.o ABSOLUTE
    ..\Libraries\fwlib\src\stm32f4xx_exti.c  0x00000000   Number         0  stm32f4xx_exti.o ABSOLUTE
    ..\Libraries\fwlib\src\stm32f4xx_flash.c 0x00000000   Number         0  stm32f4xx_flash.o ABSOLUTE
    ..\Libraries\fwlib\src\stm32f4xx_flash_ramfunc.c 0x00000000   Number         0  stm32f4xx_flash_ramfunc.o ABSOLUTE
    ..\Libraries\fwlib\src\stm32f4xx_fmpi2c.c 0x00000000   Number         0  stm32f4xx_fmpi2c.o ABSOLUTE
    ..\Libraries\fwlib\src\stm32f4xx_fsmc.c  0x00000000   Number         0  stm32f4xx_fsmc.o ABSOLUTE
    ..\Libraries\fwlib\src\stm32f4xx_gpio.c  0x00000000   Number         0  stm32f4xx_gpio.o ABSOLUTE
    ..\Libraries\fwlib\src\stm32f4xx_hash.c  0x00000000   Number         0  stm32f4xx_hash.o ABSOLUTE
    ..\Libraries\fwlib\src\stm32f4xx_hash_md5.c 0x00000000   Number         0  stm32f4xx_hash_md5.o ABSOLUTE
    ..\Libraries\fwlib\src\stm32f4xx_hash_sha1.c 0x00000000   Number         0  stm32f4xx_hash_sha1.o ABSOLUTE
    ..\Libraries\fwlib\src\stm32f4xx_i2c.c   0x00000000   Number         0  stm32f4xx_i2c.o ABSOLUTE
    ..\Libraries\fwlib\src\stm32f4xx_iwdg.c  0x00000000   Number         0  stm32f4xx_iwdg.o ABSOLUTE
    ..\Libraries\fwlib\src\stm32f4xx_lptim.c 0x00000000   Number         0  stm32f4xx_lptim.o ABSOLUTE
    ..\Libraries\fwlib\src\stm32f4xx_pwr.c   0x00000000   Number         0  stm32f4xx_pwr.o ABSOLUTE
    ..\Libraries\fwlib\src\stm32f4xx_qspi.c  0x00000000   Number         0  stm32f4xx_qspi.o ABSOLUTE
    ..\Libraries\fwlib\src\stm32f4xx_rcc.c   0x00000000   Number         0  stm32f4xx_rcc.o ABSOLUTE
    ..\Libraries\fwlib\src\stm32f4xx_rng.c   0x00000000   Number         0  stm32f4xx_rng.o ABSOLUTE
    ..\Libraries\fwlib\src\stm32f4xx_rtc.c   0x00000000   Number         0  stm32f4xx_rtc.o ABSOLUTE
    ..\Libraries\fwlib\src\stm32f4xx_sai.c   0x00000000   Number         0  stm32f4xx_sai.o ABSOLUTE
    ..\Libraries\fwlib\src\stm32f4xx_sdio.c  0x00000000   Number         0  stm32f4xx_sdio.o ABSOLUTE
    ..\Libraries\fwlib\src\stm32f4xx_spdifrx.c 0x00000000   Number         0  stm32f4xx_spdifrx.o ABSOLUTE
    ..\Libraries\fwlib\src\stm32f4xx_spi.c   0x00000000   Number         0  stm32f4xx_spi.o ABSOLUTE
    ..\Libraries\fwlib\src\stm32f4xx_syscfg.c 0x00000000   Number         0  stm32f4xx_syscfg.o ABSOLUTE
    ..\Libraries\fwlib\src\stm32f4xx_tim.c   0x00000000   Number         0  stm32f4xx_tim.o ABSOLUTE
    ..\Libraries\fwlib\src\stm32f4xx_usart.c 0x00000000   Number         0  stm32f4xx_usart.o ABSOLUTE
    ..\Libraries\fwlib\src\stm32f4xx_wwdg.c  0x00000000   Number         0  stm32f4xx_wwdg.o ABSOLUTE
    ..\User\main.c                           0x00000000   Number         0  main.o ABSOLUTE
    ..\User\stm32f4xx_it.c                   0x00000000   Number         0  stm32f4xx_it.o ABSOLUTE
    ..\\DMP_empl\\inv_mpu.c                  0x00000000   Number         0  inv_mpu.o ABSOLUTE
    ..\\DMP_empl\\inv_mpu_dmp_motion_driver.c 0x00000000   Number         0  inv_mpu_dmp_motion_driver.o ABSOLUTE
    ..\\Libraries\\CMSIS\\system_stm32f4xx.c 0x00000000   Number         0  system_stm32f4xx.o ABSOLUTE
    ..\\Libraries\\fwlib\\src\\misc.c        0x00000000   Number         0  misc.o ABSOLUTE
    ..\\Libraries\\fwlib\\src\\stm32f4xx_adc.c 0x00000000   Number         0  stm32f4xx_adc.o ABSOLUTE
    ..\\Libraries\\fwlib\\src\\stm32f4xx_can.c 0x00000000   Number         0  stm32f4xx_can.o ABSOLUTE
    ..\\Libraries\\fwlib\\src\\stm32f4xx_cec.c 0x00000000   Number         0  stm32f4xx_cec.o ABSOLUTE
    ..\\Libraries\\fwlib\\src\\stm32f4xx_crc.c 0x00000000   Number         0  stm32f4xx_crc.o ABSOLUTE
    ..\\Libraries\\fwlib\\src\\stm32f4xx_cryp.c 0x00000000   Number         0  stm32f4xx_cryp.o ABSOLUTE
    ..\\Libraries\\fwlib\\src\\stm32f4xx_cryp_aes.c 0x00000000   Number         0  stm32f4xx_cryp_aes.o ABSOLUTE
    ..\\Libraries\\fwlib\\src\\stm32f4xx_cryp_des.c 0x00000000   Number         0  stm32f4xx_cryp_des.o ABSOLUTE
    ..\\Libraries\\fwlib\\src\\stm32f4xx_cryp_tdes.c 0x00000000   Number         0  stm32f4xx_cryp_tdes.o ABSOLUTE
    ..\\Libraries\\fwlib\\src\\stm32f4xx_dac.c 0x00000000   Number         0  stm32f4xx_dac.o ABSOLUTE
    ..\\Libraries\\fwlib\\src\\stm32f4xx_dbgmcu.c 0x00000000   Number         0  stm32f4xx_dbgmcu.o ABSOLUTE
    ..\\Libraries\\fwlib\\src\\stm32f4xx_dcmi.c 0x00000000   Number         0  stm32f4xx_dcmi.o ABSOLUTE
    ..\\Libraries\\fwlib\\src\\stm32f4xx_dfsdm.c 0x00000000   Number         0  stm32f4xx_dfsdm.o ABSOLUTE
    ..\\Libraries\\fwlib\\src\\stm32f4xx_dma.c 0x00000000   Number         0  stm32f4xx_dma.o ABSOLUTE
    ..\\Libraries\\fwlib\\src\\stm32f4xx_dsi.c 0x00000000   Number         0  stm32f4xx_dsi.o ABSOLUTE
    ..\\Libraries\\fwlib\\src\\stm32f4xx_exti.c 0x00000000   Number         0  stm32f4xx_exti.o ABSOLUTE
    ..\\Libraries\\fwlib\\src\\stm32f4xx_flash.c 0x00000000   Number         0  stm32f4xx_flash.o ABSOLUTE
    ..\\Libraries\\fwlib\\src\\stm32f4xx_flash_ramfunc.c 0x00000000   Number         0  stm32f4xx_flash_ramfunc.o ABSOLUTE
    ..\\Libraries\\fwlib\\src\\stm32f4xx_fmpi2c.c 0x00000000   Number         0  stm32f4xx_fmpi2c.o ABSOLUTE
    ..\\Libraries\\fwlib\\src\\stm32f4xx_fsmc.c 0x00000000   Number         0  stm32f4xx_fsmc.o ABSOLUTE
    ..\\Libraries\\fwlib\\src\\stm32f4xx_gpio.c 0x00000000   Number         0  stm32f4xx_gpio.o ABSOLUTE
    ..\\Libraries\\fwlib\\src\\stm32f4xx_hash.c 0x00000000   Number         0  stm32f4xx_hash.o ABSOLUTE
    ..\\Libraries\\fwlib\\src\\stm32f4xx_hash_md5.c 0x00000000   Number         0  stm32f4xx_hash_md5.o ABSOLUTE
    ..\\Libraries\\fwlib\\src\\stm32f4xx_hash_sha1.c 0x00000000   Number         0  stm32f4xx_hash_sha1.o ABSOLUTE
    ..\\Libraries\\fwlib\\src\\stm32f4xx_i2c.c 0x00000000   Number         0  stm32f4xx_i2c.o ABSOLUTE
    ..\\Libraries\\fwlib\\src\\stm32f4xx_iwdg.c 0x00000000   Number         0  stm32f4xx_iwdg.o ABSOLUTE
    ..\\Libraries\\fwlib\\src\\stm32f4xx_lptim.c 0x00000000   Number         0  stm32f4xx_lptim.o ABSOLUTE
    ..\\Libraries\\fwlib\\src\\stm32f4xx_pwr.c 0x00000000   Number         0  stm32f4xx_pwr.o ABSOLUTE
    ..\\Libraries\\fwlib\\src\\stm32f4xx_qspi.c 0x00000000   Number         0  stm32f4xx_qspi.o ABSOLUTE
    ..\\Libraries\\fwlib\\src\\stm32f4xx_rcc.c 0x00000000   Number         0  stm32f4xx_rcc.o ABSOLUTE
    ..\\Libraries\\fwlib\\src\\stm32f4xx_rng.c 0x00000000   Number         0  stm32f4xx_rng.o ABSOLUTE
    ..\\Libraries\\fwlib\\src\\stm32f4xx_rtc.c 0x00000000   Number         0  stm32f4xx_rtc.o ABSOLUTE
    ..\\Libraries\\fwlib\\src\\stm32f4xx_sai.c 0x00000000   Number         0  stm32f4xx_sai.o ABSOLUTE
    ..\\Libraries\\fwlib\\src\\stm32f4xx_sdio.c 0x00000000   Number         0  stm32f4xx_sdio.o ABSOLUTE
    ..\\Libraries\\fwlib\\src\\stm32f4xx_spdifrx.c 0x00000000   Number         0  stm32f4xx_spdifrx.o ABSOLUTE
    ..\\Libraries\\fwlib\\src\\stm32f4xx_spi.c 0x00000000   Number         0  stm32f4xx_spi.o ABSOLUTE
    ..\\Libraries\\fwlib\\src\\stm32f4xx_syscfg.c 0x00000000   Number         0  stm32f4xx_syscfg.o ABSOLUTE
    ..\\Libraries\\fwlib\\src\\stm32f4xx_tim.c 0x00000000   Number         0  stm32f4xx_tim.o ABSOLUTE
    ..\\Libraries\\fwlib\\src\\stm32f4xx_usart.c 0x00000000   Number         0  stm32f4xx_usart.o ABSOLUTE
    ..\\Libraries\\fwlib\\src\\stm32f4xx_wwdg.c 0x00000000   Number         0  stm32f4xx_wwdg.o ABSOLUTE
    ..\\User\\main.c                         0x00000000   Number         0  main.o ABSOLUTE
    ..\\User\\stm32f4xx_it.c                 0x00000000   Number         0  stm32f4xx_it.o ABSOLUTE
    ..\\myhardware\\src\\MPU6050.c           0x00000000   Number         0  mpu6050.o ABSOLUTE
    ..\\myhardware\\src\\MPU6050_2.c         0x00000000   Number         0  mpu6050_2.o ABSOLUTE
    ..\\myhardware\\src\\MS5611.c            0x00000000   Number         0  ms5611.o ABSOLUTE
    ..\\myhardware\\src\\OLED2.c             0x00000000   Number         0  oled2.o ABSOLUTE
    ..\\myhardware\\src\\QMC5883.c           0x00000000   Number         0  qmc5883.o ABSOLUTE
    ..\\myhardware\\src\\icm20689.c          0x00000000   Number         0  icm20689.o ABSOLUTE
    ..\\mylibraries\\src\\ange_DMA.c         0x00000000   Number         0  ange_dma.o ABSOLUTE
    ..\\mylibraries\\src\\ange_SysTick.c     0x00000000   Number         0  ange_systick.o ABSOLUTE
    ..\\mylibraries\\src\\ange_USART.c       0x00000000   Number         0  ange_usart.o ABSOLUTE
    ..\\mylibraries\\src\\ange_ad.c          0x00000000   Number         0  ange_ad.o ABSOLUTE
    ..\\mylibraries\\src\\ange_da.c          0x00000000   Number         0  ange_da.o ABSOLUTE
    ..\\mylibraries\\src\\ange_exti.c        0x00000000   Number         0  ange_exti.o ABSOLUTE
    ..\\mylibraries\\src\\ange_iic.c         0x00000000   Number         0  ange_iic.o ABSOLUTE
    ..\\mylibraries\\src\\ange_iic_2.c       0x00000000   Number         0  ange_iic_2.o ABSOLUTE
    ..\\mylibraries\\src\\ange_iic_24c02.c   0x00000000   Number         0  ange_iic_24c02.o ABSOLUTE
    ..\\mylibraries\\src\\ange_rcc.c         0x00000000   Number         0  ange_rcc.o ABSOLUTE
    ..\\mylibraries\\src\\ange_spi.c         0x00000000   Number         0  ange_spi.o ABSOLUTE
    ..\\mylibraries\\src\\ange_timg.c        0x00000000   Number         0  ange_timg.o ABSOLUTE
    ..\\mylibraries\\src\\ange_timj.c        0x00000000   Number         0  ange_timj.o ABSOLUTE
    ..\\mylibraries\\src\\ange_timt.c        0x00000000   Number         0  ange_timt.o ABSOLUTE
    ..\\mylibraries\\src\\bsp_led.c          0x00000000   Number         0  bsp_led.o ABSOLUTE
    ..\doc\mainfuzhu.c                       0x00000000   Number         0  mainfuzhu.o ABSOLUTE
    ..\myhardware\src\MPU6050.c              0x00000000   Number         0  mpu6050.o ABSOLUTE
    ..\myhardware\src\MPU6050_2.c            0x00000000   Number         0  mpu6050_2.o ABSOLUTE
    ..\myhardware\src\MS5611.c               0x00000000   Number         0  ms5611.o ABSOLUTE
    ..\myhardware\src\OLED2.c                0x00000000   Number         0  oled2.o ABSOLUTE
    ..\myhardware\src\QMC5883.c              0x00000000   Number         0  qmc5883.o ABSOLUTE
    ..\myhardware\src\icm20689.c             0x00000000   Number         0  icm20689.o ABSOLUTE
    ..\mylibraries\src\ange_DMA.c            0x00000000   Number         0  ange_dma.o ABSOLUTE
    ..\mylibraries\src\ange_SysTick.c        0x00000000   Number         0  ange_systick.o ABSOLUTE
    ..\mylibraries\src\ange_USART.c          0x00000000   Number         0  ange_usart.o ABSOLUTE
    ..\mylibraries\src\ange_ad.c             0x00000000   Number         0  ange_ad.o ABSOLUTE
    ..\mylibraries\src\ange_da.c             0x00000000   Number         0  ange_da.o ABSOLUTE
    ..\mylibraries\src\ange_exti.c           0x00000000   Number         0  ange_exti.o ABSOLUTE
    ..\mylibraries\src\ange_iic.c            0x00000000   Number         0  ange_iic.o ABSOLUTE
    ..\mylibraries\src\ange_iic_2.c          0x00000000   Number         0  ange_iic_2.o ABSOLUTE
    ..\mylibraries\src\ange_iic_24c02.c      0x00000000   Number         0  ange_iic_24c02.o ABSOLUTE
    ..\mylibraries\src\ange_rcc.c            0x00000000   Number         0  ange_rcc.o ABSOLUTE
    ..\mylibraries\src\ange_spi.c            0x00000000   Number         0  ange_spi.o ABSOLUTE
    ..\mylibraries\src\ange_timg.c           0x00000000   Number         0  ange_timg.o ABSOLUTE
    ..\mylibraries\src\ange_timj.c           0x00000000   Number         0  ange_timj.o ABSOLUTE
    ..\mylibraries\src\ange_timt.c           0x00000000   Number         0  ange_timt.o ABSOLUTE
    ..\mylibraries\src\bsp_led.c             0x00000000   Number         0  bsp_led.o ABSOLUTE
    ..\software\src\fifo_buffer.c            0x00000000   Number         0  fifo_buffer.o ABSOLUTE
    cdcmple.s                                0x00000000   Number         0  cdcmple.o ABSOLUTE
    cdrcmple.s                               0x00000000   Number         0  cdrcmple.o ABSOLUTE
    dc.s                                     0x00000000   Number         0  dc.o ABSOLUTE
    handlers.s                               0x00000000   Number         0  handlers.o ABSOLUTE
    init.s                                   0x00000000   Number         0  init.o ABSOLUTE
    RESET                                    0x08000000   Section      392  startup_stm32f40_41xxx.o(RESET)
    .ARM.Collect$$$$00000000                 0x08000188   Section        0  entry.o(.ARM.Collect$$$$00000000)
    .ARM.Collect$$$$00000001                 0x08000188   Section        4  entry2.o(.ARM.Collect$$$$00000001)
    .ARM.Collect$$$$00000004                 0x0800018c   Section        4  entry5.o(.ARM.Collect$$$$00000004)
    .ARM.Collect$$$$00000008                 0x08000190   Section        0  entry7b.o(.ARM.Collect$$$$00000008)
    .ARM.Collect$$$$0000000A                 0x08000190   Section        0  entry8b.o(.ARM.Collect$$$$0000000A)
    .ARM.Collect$$$$0000000B                 0x08000190   Section        8  entry9a.o(.ARM.Collect$$$$0000000B)
    .ARM.Collect$$$$0000000D                 0x08000198   Section        0  entry10a.o(.ARM.Collect$$$$0000000D)
    .ARM.Collect$$$$0000000F                 0x08000198   Section        0  entry11a.o(.ARM.Collect$$$$0000000F)
    .ARM.Collect$$$$00002712                 0x08000198   Section        4  entry2.o(.ARM.Collect$$$$00002712)
    __lit__00000000                          0x08000198   Data           4  entry2.o(.ARM.Collect$$$$00002712)
    .text                                    0x0800019c   Section       36  startup_stm32f40_41xxx.o(.text)
    $v0                                      0x0800019c   Number         0  startup_stm32f40_41xxx.o(.text)
    .text                                    0x080001c0   Section        0  memcpya.o(.text)
    .text                                    0x080001e4   Section        0  uldiv.o(.text)
    .text                                    0x08000246   Section        0  llshl.o(.text)
    .text                                    0x08000264   Section        0  llushr.o(.text)
    .text                                    0x08000284   Section       36  init.o(.text)
    .text                                    0x080002a8   Section        0  __dczerorl2.o(.text)
    i.ADC_ClearITPendingBit                  0x080002fe   Section        0  stm32f4xx_adc.o(i.ADC_ClearITPendingBit)
    i.ADC_GetConversionValue                 0x08000308   Section        0  stm32f4xx_adc.o(i.ADC_GetConversionValue)
    i.ADC_GetITStatus                        0x08000310   Section        0  stm32f4xx_adc.o(i.ADC_GetITStatus)
    i.ADC_IRQHandler                         0x08000338   Section        0  ange_ad.o(i.ADC_IRQHandler)
    i.BusFault_Handler                       0x08000364   Section        0  stm32f4xx_it.o(i.BusFault_Handler)
    i.DebugMon_Handler                       0x08000368   Section        0  stm32f4xx_it.o(i.DebugMon_Handler)
    i.EXTI9_5_IRQHandler                     0x0800036a   Section        0  ange_exti.o(i.EXTI9_5_IRQHandler)
    i.EXTI_ClearITPendingBit                 0x0800037c   Section        0  stm32f4xx_exti.o(i.EXTI_ClearITPendingBit)
    i.EXTI_GetITStatus                       0x08000388   Section        0  stm32f4xx_exti.o(i.EXTI_GetITStatus)
    i.GPIO_Init                              0x080003a0   Section        0  stm32f4xx_gpio.o(i.GPIO_Init)
    i.GPIO_PinAFConfig                       0x08000430   Section        0  stm32f4xx_gpio.o(i.GPIO_PinAFConfig)
    i.HardFault_Handler                      0x08000476   Section        0  stm32f4xx_it.o(i.HardFault_Handler)
    i.MemManage_Handler                      0x0800047a   Section        0  stm32f4xx_it.o(i.MemManage_Handler)
    i.NMI_Handler                            0x0800047e   Section        0  stm32f4xx_it.o(i.NMI_Handler)
    i.NVIC_Init                              0x08000480   Section        0  misc.o(i.NVIC_Init)
    i.NVIC_PriorityGroupConfig               0x080004f8   Section        0  misc.o(i.NVIC_PriorityGroupConfig)
    i.PendSV_Handler                         0x0800050c   Section        0  stm32f4xx_it.o(i.PendSV_Handler)
    i.RCC_AHB1PeriphClockCmd                 0x08000510   Section        0  stm32f4xx_rcc.o(i.RCC_AHB1PeriphClockCmd)
    i.RCC_APB2PeriphClockCmd                 0x08000530   Section        0  stm32f4xx_rcc.o(i.RCC_APB2PeriphClockCmd)
    i.RCC_GetClocksFreq                      0x08000550   Section        0  stm32f4xx_rcc.o(i.RCC_GetClocksFreq)
    i.SVC_Handler                            0x08000638   Section        0  stm32f4xx_it.o(i.SVC_Handler)
    i.SetSysClock                            0x0800063c   Section        0  system_stm32f4xx.o(i.SetSysClock)
    SetSysClock                              0x0800063d   Thumb Code   220  system_stm32f4xx.o(i.SetSysClock)
    i.SysTick_Handler                        0x08000728   Section        0  stm32f4xx_it.o(i.SysTick_Handler)
    i.SysTickreduce                          0x08000734   Section        0  ange_systick.o(i.SysTickreduce)
    i.SysTickreduce2                         0x0800074c   Section        0  ange_systick.o(i.SysTickreduce2)
    i.SystemInit                             0x08000764   Section        0  system_stm32f4xx.o(i.SystemInit)
    i.TIM6_DAC_IRQHandler                    0x080007cc   Section        0  ange_timj.o(i.TIM6_DAC_IRQHandler)
    i.TIM_ClearITPendingBit                  0x080007e8   Section        0  stm32f4xx_tim.o(i.TIM_ClearITPendingBit)
    i.TIM_GetITStatus                        0x080007ee   Section        0  stm32f4xx_tim.o(i.TIM_GetITStatus)
    i.USART1_IRQHandler                      0x08000810   Section        0  ange_usart.o(i.USART1_IRQHandler)
    i.USART_ClearITPendingBit                0x08000840   Section        0  stm32f4xx_usart.o(i.USART_ClearITPendingBit)
    i.USART_Cmd                              0x0800085e   Section        0  stm32f4xx_usart.o(i.USART_Cmd)
    i.USART_GetITStatus                      0x08000876   Section        0  stm32f4xx_usart.o(i.USART_GetITStatus)
    i.USART_ITConfig                         0x080008ca   Section        0  stm32f4xx_usart.o(i.USART_ITConfig)
    i.USART_Init                             0x08000914   Section        0  stm32f4xx_usart.o(i.USART_Init)
    i.UsageFault_Handler                     0x080009e8   Section        0  stm32f4xx_it.o(i.UsageFault_Handler)
    i.__0printf$8                            0x080009ec   Section        0  printf8.o(i.__0printf$8)
    i.__scatterload_copy                     0x08000a0c   Section       14  handlers.o(i.__scatterload_copy)
    i.__scatterload_null                     0x08000a1a   Section        2  handlers.o(i.__scatterload_null)
    i.__scatterload_zeroinit                 0x08000a1c   Section       14  handlers.o(i.__scatterload_zeroinit)
    i._printf_core                           0x08000a2c   Section        0  printf8.o(i._printf_core)
    _printf_core                             0x08000a2d   Thumb Code   996  printf8.o(i._printf_core)
    i._printf_post_padding                   0x08000e3c   Section        0  printf8.o(i._printf_post_padding)
    _printf_post_padding                     0x08000e3d   Thumb Code    36  printf8.o(i._printf_post_padding)
    i._printf_pre_padding                    0x08000e60   Section        0  printf8.o(i._printf_pre_padding)
    _printf_pre_padding                      0x08000e61   Thumb Code    46  printf8.o(i._printf_pre_padding)
    i.ange_USART_init                        0x08000e90   Section        0  ange_usart.o(i.ange_USART_init)
    i.ange_usartnvicinit                     0x08000f40   Section        0  ange_usart.o(i.ange_usartnvicinit)
    i.fifoBuf_getData                        0x08000f66   Section        0  fifo_buffer.o(i.fifoBuf_getData)
    i.fifoBuf_getFree                        0x08000fd8   Section        0  fifo_buffer.o(i.fifoBuf_getFree)
    i.fifoBuf_getUsed                        0x08000fec   Section        0  fifo_buffer.o(i.fifoBuf_getUsed)
    i.fifoBuf_init                           0x08001010   Section        0  fifo_buffer.o(i.fifoBuf_init)
    i.fifoBuf_putData                        0x0800101c   Section        0  fifo_buffer.o(i.fifoBuf_putData)
    i.fputc                                  0x08001090   Section        0  ange_usart.o(i.fputc)
    i.free                                   0x080010ac   Section        0  malloc.o(i.free)
    i.main                                   0x080010fc   Section        0  main.o(i.main)
    i.malloc                                 0x080011f8   Section        0  malloc.o(i.malloc)
    .data                                    0x20000000   Section      520  main.o(.data)
    .data                                    0x20000208   Section        8  ange_systick.o(.data)
    .data                                    0x20000210   Section        8  ange_usart.o(.data)
    .data                                    0x20000218   Section        2  ange_ad.o(.data)
    .data                                    0x2000021a   Section       16  stm32f4xx_rcc.o(.data)
    APBAHBPrescTable                         0x2000021a   Data          16  stm32f4xx_rcc.o(.data)
    .data                                    0x2000022c   Section        4  mvars.o(.data)
    .data                                    0x20000230   Section        4  mvars.o(.data)
    .bss                                     0x20000234   Section      256  main.o(.bss)
    HEAP                                     0x20000338   Section      512  startup_stm32f40_41xxx.o(HEAP)
    STACK                                    0x20000538   Section     1024  startup_stm32f40_41xxx.o(STACK)

    Global Symbols

    Symbol Name                              Value     Ov Type        Size  Object(Section)

    BuildAttributes$$THM_ISAv4$E$P$D$K$B$S$7EM$VFPi3$EXTD16$VFPS$VFMA$PE$A:L22UL41UL21$X:L11$S22US41US21$IEEE1$IW$USESV6$~STKCKD$USESV7$~SHL$OTIME$ROPI$IEEEX$EBA8$MICROLIB$REQ8$PRES8$EABIv2 0x00000000   Number         0  anon$$obj.o ABSOLUTE
    __ARM_use_no_argv                        0x00000000   Number         0  main.o ABSOLUTE
    __use_no_errno                           0x00000000   Number         0  useno.o ABSOLUTE
    __use_no_exception_handling              0x00000000   Number         0  useno.o ABSOLUTE
    __use_no_fp                              0x00000000   Number         0  useno.o ABSOLUTE
    __use_no_heap                            0x00000000   Number         0  useno.o ABSOLUTE
    __use_no_heap_region                     0x00000000   Number         0  useno.o ABSOLUTE
    __use_no_semihosting                     0x00000000   Number         0  useno.o ABSOLUTE
    __use_no_semihosting_swi                 0x00000000   Number         0  useno.o ABSOLUTE
    __use_no_signal_handling                 0x00000000   Number         0  useno.o ABSOLUTE
    _printf_a                                0x00000000   Number         0  stubs.o ABSOLUTE
    _printf_c                                0x00000000   Number         0  stubs.o ABSOLUTE
    _printf_charcount                        0x00000000   Number         0  stubs.o ABSOLUTE
    _printf_d                                0x00000000   Number         0  stubs.o ABSOLUTE
    _printf_e                                0x00000000   Number         0  stubs.o ABSOLUTE
    _printf_f                                0x00000000   Number         0  stubs.o ABSOLUTE
    _printf_flags                            0x00000000   Number         0  stubs.o ABSOLUTE
    _printf_fp_dec                           0x00000000   Number         0  stubs.o ABSOLUTE
    _printf_fp_hex                           0x00000000   Number         0  stubs.o ABSOLUTE
    _printf_g                                0x00000000   Number         0  stubs.o ABSOLUTE
    _printf_i                                0x00000000   Number         0  stubs.o ABSOLUTE
    _printf_int_dec                          0x00000000   Number         0  stubs.o ABSOLUTE
    _printf_l                                0x00000000   Number         0  stubs.o ABSOLUTE
    _printf_lc                               0x00000000   Number         0  stubs.o ABSOLUTE
    _printf_ll                               0x00000000   Number         0  stubs.o ABSOLUTE
    _printf_lld                              0x00000000   Number         0  stubs.o ABSOLUTE
    _printf_lli                              0x00000000   Number         0  stubs.o ABSOLUTE
    _printf_llo                              0x00000000   Number         0  stubs.o ABSOLUTE
    _printf_llu                              0x00000000   Number         0  stubs.o ABSOLUTE
    _printf_llx                              0x00000000   Number         0  stubs.o ABSOLUTE
    _printf_longlong_dec                     0x00000000   Number         0  stubs.o ABSOLUTE
    _printf_longlong_hex                     0x00000000   Number         0  stubs.o ABSOLUTE
    _printf_longlong_oct                     0x00000000   Number         0  stubs.o ABSOLUTE
    _printf_ls                               0x00000000   Number         0  stubs.o ABSOLUTE
    _printf_mbtowc                           0x00000000   Number         0  stubs.o ABSOLUTE
    _printf_n                                0x00000000   Number         0  stubs.o ABSOLUTE
    _printf_o                                0x00000000   Number         0  stubs.o ABSOLUTE
    _printf_p                                0x00000000   Number         0  stubs.o ABSOLUTE
    _printf_percent                          0x00000000   Number         0  stubs.o ABSOLUTE
    _printf_pre_padding                      0x00000000   Number         0  stubs.o ABSOLUTE
    _printf_return_value                     0x00000000   Number         0  stubs.o ABSOLUTE
    _printf_s                                0x00000000   Number         0  stubs.o ABSOLUTE
    _printf_sizespec                         0x00000000   Number         0  stubs.o ABSOLUTE
    _printf_str                              0x00000000   Number         0  stubs.o ABSOLUTE
    _printf_truncate_signed                  0x00000000   Number         0  stubs.o ABSOLUTE
    _printf_truncate_unsigned                0x00000000   Number         0  stubs.o ABSOLUTE
    _printf_u                                0x00000000   Number         0  stubs.o ABSOLUTE
    _printf_wc                               0x00000000   Number         0  stubs.o ABSOLUTE
    _printf_wctomb                           0x00000000   Number         0  stubs.o ABSOLUTE
    _printf_widthprec                        0x00000000   Number         0  stubs.o ABSOLUTE
    _printf_x                                0x00000000   Number         0  stubs.o ABSOLUTE
    __cpp_initialize__aeabi_                  - Undefined Weak Reference
    __cxa_finalize                            - Undefined Weak Reference
    _clock_init                               - Undefined Weak Reference
    _microlib_exit                            - Undefined Weak Reference
    __Vectors_Size                           0x00000188   Number         0  startup_stm32f40_41xxx.o ABSOLUTE
    __Vectors                                0x08000000   Data           4  startup_stm32f40_41xxx.o(RESET)
    __Vectors_End                            0x08000188   Data           0  startup_stm32f40_41xxx.o(RESET)
    __main                                   0x08000189   Thumb Code     0  entry.o(.ARM.Collect$$$$00000000)
    _main_stk                                0x08000189   Thumb Code     0  entry2.o(.ARM.Collect$$$$00000001)
    _main_scatterload                        0x0800018d   Thumb Code     0  entry5.o(.ARM.Collect$$$$00000004)
    __main_after_scatterload                 0x08000191   Thumb Code     0  entry5.o(.ARM.Collect$$$$00000004)
    _main_clock                              0x08000191   Thumb Code     0  entry7b.o(.ARM.Collect$$$$00000008)
    _main_cpp_init                           0x08000191   Thumb Code     0  entry8b.o(.ARM.Collect$$$$0000000A)
    _main_init                               0x08000191   Thumb Code     0  entry9a.o(.ARM.Collect$$$$0000000B)
    __rt_final_cpp                           0x08000199   Thumb Code     0  entry10a.o(.ARM.Collect$$$$0000000D)
    __rt_final_exit                          0x08000199   Thumb Code     0  entry11a.o(.ARM.Collect$$$$0000000F)
    Reset_Handler                            0x0800019d   Thumb Code     8  startup_stm32f40_41xxx.o(.text)
    CAN1_RX0_IRQHandler                      0x080001b7   Thumb Code     0  startup_stm32f40_41xxx.o(.text)
    CAN1_RX1_IRQHandler                      0x080001b7   Thumb Code     0  startup_stm32f40_41xxx.o(.text)
    CAN1_SCE_IRQHandler                      0x080001b7   Thumb Code     0  startup_stm32f40_41xxx.o(.text)
    CAN1_TX_IRQHandler                       0x080001b7   Thumb Code     0  startup_stm32f40_41xxx.o(.text)
    CAN2_RX0_IRQHandler                      0x080001b7   Thumb Code     0  startup_stm32f40_41xxx.o(.text)
    CAN2_RX1_IRQHandler                      0x080001b7   Thumb Code     0  startup_stm32f40_41xxx.o(.text)
    CAN2_SCE_IRQHandler                      0x080001b7   Thumb Code     0  startup_stm32f40_41xxx.o(.text)
    CAN2_TX_IRQHandler                       0x080001b7   Thumb Code     0  startup_stm32f40_41xxx.o(.text)
    CRYP_IRQHandler                          0x080001b7   Thumb Code     0  startup_stm32f40_41xxx.o(.text)
    DCMI_IRQHandler                          0x080001b7   Thumb Code     0  startup_stm32f40_41xxx.o(.text)
    DMA1_Stream0_IRQHandler                  0x080001b7   Thumb Code     0  startup_stm32f40_41xxx.o(.text)
    DMA1_Stream1_IRQHandler                  0x080001b7   Thumb Code     0  startup_stm32f40_41xxx.o(.text)
    DMA1_Stream2_IRQHandler                  0x080001b7   Thumb Code     0  startup_stm32f40_41xxx.o(.text)
    DMA1_Stream3_IRQHandler                  0x080001b7   Thumb Code     0  startup_stm32f40_41xxx.o(.text)
    DMA1_Stream4_IRQHandler                  0x080001b7   Thumb Code     0  startup_stm32f40_41xxx.o(.text)
    DMA1_Stream5_IRQHandler                  0x080001b7   Thumb Code     0  startup_stm32f40_41xxx.o(.text)
    DMA1_Stream6_IRQHandler                  0x080001b7   Thumb Code     0  startup_stm32f40_41xxx.o(.text)
    DMA1_Stream7_IRQHandler                  0x080001b7   Thumb Code     0  startup_stm32f40_41xxx.o(.text)
    DMA2_Stream0_IRQHandler                  0x080001b7   Thumb Code     0  startup_stm32f40_41xxx.o(.text)
    DMA2_Stream1_IRQHandler                  0x080001b7   Thumb Code     0  startup_stm32f40_41xxx.o(.text)
    DMA2_Stream2_IRQHandler                  0x080001b7   Thumb Code     0  startup_stm32f40_41xxx.o(.text)
    DMA2_Stream3_IRQHandler                  0x080001b7   Thumb Code     0  startup_stm32f40_41xxx.o(.text)
    DMA2_Stream4_IRQHandler                  0x080001b7   Thumb Code     0  startup_stm32f40_41xxx.o(.text)
    DMA2_Stream5_IRQHandler                  0x080001b7   Thumb Code     0  startup_stm32f40_41xxx.o(.text)
    DMA2_Stream6_IRQHandler                  0x080001b7   Thumb Code     0  startup_stm32f40_41xxx.o(.text)
    DMA2_Stream7_IRQHandler                  0x080001b7   Thumb Code     0  startup_stm32f40_41xxx.o(.text)
    ETH_IRQHandler                           0x080001b7   Thumb Code     0  startup_stm32f40_41xxx.o(.text)
    ETH_WKUP_IRQHandler                      0x080001b7   Thumb Code     0  startup_stm32f40_41xxx.o(.text)
    EXTI0_IRQHandler                         0x080001b7   Thumb Code     0  startup_stm32f40_41xxx.o(.text)
    EXTI15_10_IRQHandler                     0x080001b7   Thumb Code     0  startup_stm32f40_41xxx.o(.text)
    EXTI1_IRQHandler                         0x080001b7   Thumb Code     0  startup_stm32f40_41xxx.o(.text)
    EXTI2_IRQHandler                         0x080001b7   Thumb Code     0  startup_stm32f40_41xxx.o(.text)
    EXTI3_IRQHandler                         0x080001b7   Thumb Code     0  startup_stm32f40_41xxx.o(.text)
    EXTI4_IRQHandler                         0x080001b7   Thumb Code     0  startup_stm32f40_41xxx.o(.text)
    FLASH_IRQHandler                         0x080001b7   Thumb Code     0  startup_stm32f40_41xxx.o(.text)
    FPU_IRQHandler                           0x080001b7   Thumb Code     0  startup_stm32f40_41xxx.o(.text)
    FSMC_IRQHandler                          0x080001b7   Thumb Code     0  startup_stm32f40_41xxx.o(.text)
    HASH_RNG_IRQHandler                      0x080001b7   Thumb Code     0  startup_stm32f40_41xxx.o(.text)
    I2C1_ER_IRQHandler                       0x080001b7   Thumb Code     0  startup_stm32f40_41xxx.o(.text)
    I2C1_EV_IRQHandler                       0x080001b7   Thumb Code     0  startup_stm32f40_41xxx.o(.text)
    I2C2_ER_IRQHandler                       0x080001b7   Thumb Code     0  startup_stm32f40_41xxx.o(.text)
    I2C2_EV_IRQHandler                       0x080001b7   Thumb Code     0  startup_stm32f40_41xxx.o(.text)
    I2C3_ER_IRQHandler                       0x080001b7   Thumb Code     0  startup_stm32f40_41xxx.o(.text)
    I2C3_EV_IRQHandler                       0x080001b7   Thumb Code     0  startup_stm32f40_41xxx.o(.text)
    OTG_FS_IRQHandler                        0x080001b7   Thumb Code     0  startup_stm32f40_41xxx.o(.text)
    OTG_FS_WKUP_IRQHandler                   0x080001b7   Thumb Code     0  startup_stm32f40_41xxx.o(.text)
    OTG_HS_EP1_IN_IRQHandler                 0x080001b7   Thumb Code     0  startup_stm32f40_41xxx.o(.text)
    OTG_HS_EP1_OUT_IRQHandler                0x080001b7   Thumb Code     0  startup_stm32f40_41xxx.o(.text)
    OTG_HS_IRQHandler                        0x080001b7   Thumb Code     0  startup_stm32f40_41xxx.o(.text)
    OTG_HS_WKUP_IRQHandler                   0x080001b7   Thumb Code     0  startup_stm32f40_41xxx.o(.text)
    PVD_IRQHandler                           0x080001b7   Thumb Code     0  startup_stm32f40_41xxx.o(.text)
    RCC_IRQHandler                           0x080001b7   Thumb Code     0  startup_stm32f40_41xxx.o(.text)
    RTC_Alarm_IRQHandler                     0x080001b7   Thumb Code     0  startup_stm32f40_41xxx.o(.text)
    RTC_WKUP_IRQHandler                      0x080001b7   Thumb Code     0  startup_stm32f40_41xxx.o(.text)
    SDIO_IRQHandler                          0x080001b7   Thumb Code     0  startup_stm32f40_41xxx.o(.text)
    SPI1_IRQHandler                          0x080001b7   Thumb Code     0  startup_stm32f40_41xxx.o(.text)
    SPI2_IRQHandler                          0x080001b7   Thumb Code     0  startup_stm32f40_41xxx.o(.text)
    SPI3_IRQHandler                          0x080001b7   Thumb Code     0  startup_stm32f40_41xxx.o(.text)
    TAMP_STAMP_IRQHandler                    0x080001b7   Thumb Code     0  startup_stm32f40_41xxx.o(.text)
    TIM1_BRK_TIM9_IRQHandler                 0x080001b7   Thumb Code     0  startup_stm32f40_41xxx.o(.text)
    TIM1_CC_IRQHandler                       0x080001b7   Thumb Code     0  startup_stm32f40_41xxx.o(.text)
    TIM1_TRG_COM_TIM11_IRQHandler            0x080001b7   Thumb Code     0  startup_stm32f40_41xxx.o(.text)
    TIM1_UP_TIM10_IRQHandler                 0x080001b7   Thumb Code     0  startup_stm32f40_41xxx.o(.text)
    TIM2_IRQHandler                          0x080001b7   Thumb Code     0  startup_stm32f40_41xxx.o(.text)
    TIM3_IRQHandler                          0x080001b7   Thumb Code     0  startup_stm32f40_41xxx.o(.text)
    TIM4_IRQHandler                          0x080001b7   Thumb Code     0  startup_stm32f40_41xxx.o(.text)
    TIM5_IRQHandler                          0x080001b7   Thumb Code     0  startup_stm32f40_41xxx.o(.text)
    TIM7_IRQHandler                          0x080001b7   Thumb Code     0  startup_stm32f40_41xxx.o(.text)
    TIM8_BRK_TIM12_IRQHandler                0x080001b7   Thumb Code     0  startup_stm32f40_41xxx.o(.text)
    TIM8_CC_IRQHandler                       0x080001b7   Thumb Code     0  startup_stm32f40_41xxx.o(.text)
    TIM8_TRG_COM_TIM14_IRQHandler            0x080001b7   Thumb Code     0  startup_stm32f40_41xxx.o(.text)
    TIM8_UP_TIM13_IRQHandler                 0x080001b7   Thumb Code     0  startup_stm32f40_41xxx.o(.text)
    UART4_IRQHandler                         0x080001b7   Thumb Code     0  startup_stm32f40_41xxx.o(.text)
    UART5_IRQHandler                         0x080001b7   Thumb Code     0  startup_stm32f40_41xxx.o(.text)
    USART2_IRQHandler                        0x080001b7   Thumb Code     0  startup_stm32f40_41xxx.o(.text)
    USART3_IRQHandler                        0x080001b7   Thumb Code     0  startup_stm32f40_41xxx.o(.text)
    USART6_IRQHandler                        0x080001b7   Thumb Code     0  startup_stm32f40_41xxx.o(.text)
    WWDG_IRQHandler                          0x080001b7   Thumb Code     0  startup_stm32f40_41xxx.o(.text)
    __aeabi_memcpy                           0x080001c1   Thumb Code    36  memcpya.o(.text)
    __aeabi_memcpy4                          0x080001c1   Thumb Code     0  memcpya.o(.text)
    __aeabi_memcpy8                          0x080001c1   Thumb Code     0  memcpya.o(.text)
    __aeabi_uldivmod                         0x080001e5   Thumb Code    98  uldiv.o(.text)
    __aeabi_llsl                             0x08000247   Thumb Code    30  llshl.o(.text)
    _ll_shift_l                              0x08000247   Thumb Code     0  llshl.o(.text)
    __aeabi_llsr                             0x08000265   Thumb Code    32  llushr.o(.text)
    _ll_ushift_r                             0x08000265   Thumb Code     0  llushr.o(.text)
    __scatterload                            0x08000285   Thumb Code    28  init.o(.text)
    __scatterload_rt2                        0x08000285   Thumb Code     0  init.o(.text)
    __decompress                             0x080002a9   Thumb Code     0  __dczerorl2.o(.text)
    __decompress1                            0x080002a9   Thumb Code    86  __dczerorl2.o(.text)
    ADC_ClearITPendingBit                    0x080002ff   Thumb Code    10  stm32f4xx_adc.o(i.ADC_ClearITPendingBit)
    ADC_GetConversionValue                   0x08000309   Thumb Code     8  stm32f4xx_adc.o(i.ADC_GetConversionValue)
    ADC_GetITStatus                          0x08000311   Thumb Code    38  stm32f4xx_adc.o(i.ADC_GetITStatus)
    ADC_IRQHandler                           0x08000339   Thumb Code    36  ange_ad.o(i.ADC_IRQHandler)
    BusFault_Handler                         0x08000365   Thumb Code     4  stm32f4xx_it.o(i.BusFault_Handler)
    DebugMon_Handler                         0x08000369   Thumb Code     2  stm32f4xx_it.o(i.DebugMon_Handler)
    EXTI9_5_IRQHandler                       0x0800036b   Thumb Code    18  ange_exti.o(i.EXTI9_5_IRQHandler)
    EXTI_ClearITPendingBit                   0x0800037d   Thumb Code     6  stm32f4xx_exti.o(i.EXTI_ClearITPendingBit)
    EXTI_GetITStatus                         0x08000389   Thumb Code    20  stm32f4xx_exti.o(i.EXTI_GetITStatus)
    GPIO_Init                                0x080003a1   Thumb Code   144  stm32f4xx_gpio.o(i.GPIO_Init)
    GPIO_PinAFConfig                         0x08000431   Thumb Code    70  stm32f4xx_gpio.o(i.GPIO_PinAFConfig)
    HardFault_Handler                        0x08000477   Thumb Code     4  stm32f4xx_it.o(i.HardFault_Handler)
    MemManage_Handler                        0x0800047b   Thumb Code     4  stm32f4xx_it.o(i.MemManage_Handler)
    NMI_Handler                              0x0800047f   Thumb Code     2  stm32f4xx_it.o(i.NMI_Handler)
    NVIC_Init                                0x08000481   Thumb Code   106  misc.o(i.NVIC_Init)
    NVIC_PriorityGroupConfig                 0x080004f9   Thumb Code    10  misc.o(i.NVIC_PriorityGroupConfig)
    PendSV_Handler                           0x0800050d   Thumb Code     2  stm32f4xx_it.o(i.PendSV_Handler)
    RCC_AHB1PeriphClockCmd                   0x08000511   Thumb Code    26  stm32f4xx_rcc.o(i.RCC_AHB1PeriphClockCmd)
    RCC_APB2PeriphClockCmd                   0x08000531   Thumb Code    26  stm32f4xx_rcc.o(i.RCC_APB2PeriphClockCmd)
    RCC_GetClocksFreq                        0x08000551   Thumb Code   214  stm32f4xx_rcc.o(i.RCC_GetClocksFreq)
    SVC_Handler                              0x08000639   Thumb Code     2  stm32f4xx_it.o(i.SVC_Handler)
    SysTick_Handler                          0x08000729   Thumb Code    12  stm32f4xx_it.o(i.SysTick_Handler)
    SysTickreduce                            0x08000735   Thumb Code    18  ange_systick.o(i.SysTickreduce)
    SysTickreduce2                           0x0800074d   Thumb Code    18  ange_systick.o(i.SysTickreduce2)
    SystemInit                               0x08000765   Thumb Code    88  system_stm32f4xx.o(i.SystemInit)
    TIM6_DAC_IRQHandler                      0x080007cd   Thumb Code    24  ange_timj.o(i.TIM6_DAC_IRQHandler)
    TIM_ClearITPendingBit                    0x080007e9   Thumb Code     6  stm32f4xx_tim.o(i.TIM_ClearITPendingBit)
    TIM_GetITStatus                          0x080007ef   Thumb Code    34  stm32f4xx_tim.o(i.TIM_GetITStatus)
    USART1_IRQHandler                        0x08000811   Thumb Code    38  ange_usart.o(i.USART1_IRQHandler)
    USART_ClearITPendingBit                  0x08000841   Thumb Code    30  stm32f4xx_usart.o(i.USART_ClearITPendingBit)
    USART_Cmd                                0x0800085f   Thumb Code    24  stm32f4xx_usart.o(i.USART_Cmd)
    USART_GetITStatus                        0x08000877   Thumb Code    84  stm32f4xx_usart.o(i.USART_GetITStatus)
    USART_ITConfig                           0x080008cb   Thumb Code    74  stm32f4xx_usart.o(i.USART_ITConfig)
    USART_Init                               0x08000915   Thumb Code   204  stm32f4xx_usart.o(i.USART_Init)
    UsageFault_Handler                       0x080009e9   Thumb Code     4  stm32f4xx_it.o(i.UsageFault_Handler)
    __0printf$8                              0x080009ed   Thumb Code    22  printf8.o(i.__0printf$8)
    __1printf$8                              0x080009ed   Thumb Code     0  printf8.o(i.__0printf$8)
    __2printf                                0x080009ed   Thumb Code     0  printf8.o(i.__0printf$8)
    __scatterload_copy                       0x08000a0d   Thumb Code    14  handlers.o(i.__scatterload_copy)
    __scatterload_null                       0x08000a1b   Thumb Code     2  handlers.o(i.__scatterload_null)
    __scatterload_zeroinit                   0x08000a1d   Thumb Code    14  handlers.o(i.__scatterload_zeroinit)
    ange_USART_init                          0x08000e91   Thumb Code   166  ange_usart.o(i.ange_USART_init)
    ange_usartnvicinit                       0x08000f41   Thumb Code    38  ange_usart.o(i.ange_usartnvicinit)
    fifoBuf_getData                          0x08000f67   Thumb Code   114  fifo_buffer.o(i.fifoBuf_getData)
    fifoBuf_getFree                          0x08000fd9   Thumb Code    20  fifo_buffer.o(i.fifoBuf_getFree)
    fifoBuf_getUsed                          0x08000fed   Thumb Code    36  fifo_buffer.o(i.fifoBuf_getUsed)
    fifoBuf_init                             0x08001011   Thumb Code    12  fifo_buffer.o(i.fifoBuf_init)
    fifoBuf_putData                          0x0800101d   Thumb Code   114  fifo_buffer.o(i.fifoBuf_putData)
    fputc                                    0x08001091   Thumb Code    22  ange_usart.o(i.fputc)
    free                                     0x080010ad   Thumb Code    76  malloc.o(i.free)
    main                                     0x080010fd   Thumb Code   226  main.o(i.main)
    malloc                                   0x080011f9   Thumb Code    92  malloc.o(i.malloc)
    Region$$Table$$Base                      0x08001264   Number         0  anon$$obj.o(Region$$Table)
    Region$$Table$$Limit                     0x08001284   Number         0  anon$$obj.o(Region$$Table)
    collet                                   0x20000000   Data         256  main.o(.data)
    shuju                                    0x20000100   Data         256  main.o(.data)
    shujufifo                                0x20000200   Data           4  main.o(.data)
    i                                        0x20000204   Data           4  main.o(.data)
    SysTickdelayj                            0x20000208   Data           4  ange_systick.o(.data)
    SysTickdelayj2                           0x2000020c   Data           4  ange_systick.o(.data)
    jishu                                    0x20000210   Data           1  ange_usart.o(.data)
    jishu1                                   0x20000211   Data           1  ange_usart.o(.data)
    __stdout                                 0x20000214   Data           4  ange_usart.o(.data)
    adc1zhi11                                0x20000218   Data           2  ange_ad.o(.data)
    __microlib_freelist                      0x2000022c   Data           4  mvars.o(.data)
    __microlib_freelist_initialised          0x20000230   Data           4  mvars.o(.data)
    output                                   0x20000234   Data         256  main.o(.bss)
    __heap_base                              0x20000338   Data           0  startup_stm32f40_41xxx.o(HEAP)
    __heap_limit                             0x20000538   Data           0  startup_stm32f40_41xxx.o(HEAP)
    __initial_sp                             0x20000938   Data           0  startup_stm32f40_41xxx.o(STACK)



==============================================================================

Memory Map of the image

  Image Entry point : 0x08000189

  Load Region LR_IROM1 (Base: 0x08000000, Size: 0x000014b8, Max: 0x00100000, ABSOLUTE, COMPRESSED[0x00001298])

    Execution Region ER_IROM1 (Exec base: 0x08000000, Load base: 0x08000000, Size: 0x00001284, Max: 0x00100000, ABSOLUTE)

    Exec Addr    Load Addr    Size         Type   Attr      Idx    E Section Name        Object

    0x08000000   0x08000000   0x00000188   Data   RO         6607    RESET               startup_stm32f40_41xxx.o
    0x08000188   0x08000188   0x00000000   Code   RO         7198  * .ARM.Collect$$$$00000000  mc_w.l(entry.o)
    0x08000188   0x08000188   0x00000004   Code   RO         7583    .ARM.Collect$$$$00000001  mc_w.l(entry2.o)
    0x0800018c   0x0800018c   0x00000004   Code   RO         7586    .ARM.Collect$$$$00000004  mc_w.l(entry5.o)
    0x08000190   0x08000190   0x00000000   Code   RO         7588    .ARM.Collect$$$$00000008  mc_w.l(entry7b.o)
    0x08000190   0x08000190   0x00000000   Code   RO         7590    .ARM.Collect$$$$0000000A  mc_w.l(entry8b.o)
    0x08000190   0x08000190   0x00000008   Code   RO         7591    .ARM.Collect$$$$0000000B  mc_w.l(entry9a.o)
    0x08000198   0x08000198   0x00000000   Code   RO         7593    .ARM.Collect$$$$0000000D  mc_w.l(entry10a.o)
    0x08000198   0x08000198   0x00000000   Code   RO         7595    .ARM.Collect$$$$0000000F  mc_w.l(entry11a.o)
    0x08000198   0x08000198   0x00000004   Code   RO         7584    .ARM.Collect$$$$00002712  mc_w.l(entry2.o)
    0x0800019c   0x0800019c   0x00000024   Code   RO         6608    .text               startup_stm32f40_41xxx.o
    0x080001c0   0x080001c0   0x00000024   Code   RO         7203    .text               mc_w.l(memcpya.o)
    0x080001e4   0x080001e4   0x00000062   Code   RO         7599    .text               mc_w.l(uldiv.o)
    0x08000246   0x08000246   0x0000001e   Code   RO         7601    .text               mc_w.l(llshl.o)
    0x08000264   0x08000264   0x00000020   Code   RO         7603    .text               mc_w.l(llushr.o)
    0x08000284   0x08000284   0x00000024   Code   RO         7629    .text               mc_w.l(init.o)
    0x080002a8   0x080002a8   0x00000056   Code   RO         7643    .text               mc_w.l(__dczerorl2.o)
    0x080002fe   0x080002fe   0x0000000a   Code   RO         1279    i.ADC_ClearITPendingBit  stm32f4xx_adc.o
    0x08000308   0x08000308   0x00000008   Code   RO         1292    i.ADC_GetConversionValue  stm32f4xx_adc.o
    0x08000310   0x08000310   0x00000026   Code   RO         1294    i.ADC_GetITStatus   stm32f4xx_adc.o
    0x08000336   0x08000336   0x00000002   PAD
    0x08000338   0x08000338   0x0000002c   Code   RO          566    i.ADC_IRQHandler    ange_ad.o
    0x08000364   0x08000364   0x00000004   Code   RO          232    i.BusFault_Handler  stm32f4xx_it.o
    0x08000368   0x08000368   0x00000002   Code   RO          233    i.DebugMon_Handler  stm32f4xx_it.o
    0x0800036a   0x0800036a   0x00000012   Code   RO          488    i.EXTI9_5_IRQHandler  ange_exti.o
    0x0800037c   0x0800037c   0x0000000c   Code   RO         2453    i.EXTI_ClearITPendingBit  stm32f4xx_exti.o
    0x08000388   0x08000388   0x00000018   Code   RO         2457    i.EXTI_GetITStatus  stm32f4xx_exti.o
    0x080003a0   0x080003a0   0x00000090   Code   RO         2966    i.GPIO_Init         stm32f4xx_gpio.o
    0x08000430   0x08000430   0x00000046   Code   RO         2967    i.GPIO_PinAFConfig  stm32f4xx_gpio.o
    0x08000476   0x08000476   0x00000004   Code   RO          234    i.HardFault_Handler  stm32f4xx_it.o
    0x0800047a   0x0800047a   0x00000004   Code   RO          235    i.MemManage_Handler  stm32f4xx_it.o
    0x0800047e   0x0800047e   0x00000002   Code   RO          236    i.NMI_Handler       stm32f4xx_it.o
    0x08000480   0x08000480   0x00000078   Code   RO         1226    i.NVIC_Init         misc.o
    0x080004f8   0x080004f8   0x00000014   Code   RO         1227    i.NVIC_PriorityGroupConfig  misc.o
    0x0800050c   0x0800050c   0x00000002   Code   RO          237    i.PendSV_Handler    stm32f4xx_it.o
    0x0800050e   0x0800050e   0x00000002   PAD
    0x08000510   0x08000510   0x00000020   Code   RO         3691    i.RCC_AHB1PeriphClockCmd  stm32f4xx_rcc.o
    0x08000530   0x08000530   0x00000020   Code   RO         3703    i.RCC_APB2PeriphClockCmd  stm32f4xx_rcc.o
    0x08000550   0x08000550   0x000000e8   Code   RO         3712    i.RCC_GetClocksFreq  stm32f4xx_rcc.o
    0x08000638   0x08000638   0x00000002   Code   RO          238    i.SVC_Handler       stm32f4xx_it.o
    0x0800063a   0x0800063a   0x00000002   PAD
    0x0800063c   0x0800063c   0x000000ec   Code   RO         6567    i.SetSysClock       system_stm32f4xx.o
    0x08000728   0x08000728   0x0000000c   Code   RO          239    i.SysTick_Handler   stm32f4xx_it.o
    0x08000734   0x08000734   0x00000018   Code   RO          312    i.SysTickreduce     ange_systick.o
    0x0800074c   0x0800074c   0x00000018   Code   RO          313    i.SysTickreduce2    ange_systick.o
    0x08000764   0x08000764   0x00000068   Code   RO         6569    i.SystemInit        system_stm32f4xx.o
    0x080007cc   0x080007cc   0x0000001c   Code   RO          618    i.TIM6_DAC_IRQHandler  ange_timj.o
    0x080007e8   0x080007e8   0x00000006   Code   RO         5082    i.TIM_ClearITPendingBit  stm32f4xx_tim.o
    0x080007ee   0x080007ee   0x00000022   Code   RO         5108    i.TIM_GetITStatus   stm32f4xx_tim.o
    0x08000810   0x08000810   0x00000030   Code   RO          385    i.USART1_IRQHandler  ange_usart.o
    0x08000840   0x08000840   0x0000001e   Code   RO         5638    i.USART_ClearITPendingBit  stm32f4xx_usart.o
    0x0800085e   0x0800085e   0x00000018   Code   RO         5641    i.USART_Cmd         stm32f4xx_usart.o
    0x08000876   0x08000876   0x00000054   Code   RO         5645    i.USART_GetITStatus  stm32f4xx_usart.o
    0x080008ca   0x080008ca   0x0000004a   Code   RO         5647    i.USART_ITConfig    stm32f4xx_usart.o
    0x08000914   0x08000914   0x000000d4   Code   RO         5648    i.USART_Init        stm32f4xx_usart.o
    0x080009e8   0x080009e8   0x00000004   Code   RO          240    i.UsageFault_Handler  stm32f4xx_it.o
    0x080009ec   0x080009ec   0x00000020   Code   RO         7418    i.__0printf$8       mc_w.l(printf8.o)
    0x08000a0c   0x08000a0c   0x0000000e   Code   RO         7637    i.__scatterload_copy  mc_w.l(handlers.o)
    0x08000a1a   0x08000a1a   0x00000002   Code   RO         7638    i.__scatterload_null  mc_w.l(handlers.o)
    0x08000a1c   0x08000a1c   0x0000000e   Code   RO         7639    i.__scatterload_zeroinit  mc_w.l(handlers.o)
    0x08000a2a   0x08000a2a   0x00000002   PAD
    0x08000a2c   0x08000a2c   0x00000410   Code   RO         7425    i._printf_core      mc_w.l(printf8.o)
    0x08000e3c   0x08000e3c   0x00000024   Code   RO         7426    i._printf_post_padding  mc_w.l(printf8.o)
    0x08000e60   0x08000e60   0x0000002e   Code   RO         7427    i._printf_pre_padding  mc_w.l(printf8.o)
    0x08000e8e   0x08000e8e   0x00000002   PAD
    0x08000e90   0x08000e90   0x000000b0   Code   RO          387    i.ange_USART_init   ange_usart.o
    0x08000f40   0x08000f40   0x00000026   Code   RO          391    i.ange_usartnvicinit  ange_usart.o
    0x08000f66   0x08000f66   0x00000072   Code   RO         6481    i.fifoBuf_getData   fifo_buffer.o
    0x08000fd8   0x08000fd8   0x00000014   Code   RO         6483    i.fifoBuf_getFree   fifo_buffer.o
    0x08000fec   0x08000fec   0x00000024   Code   RO         6485    i.fifoBuf_getUsed   fifo_buffer.o
    0x08001010   0x08001010   0x0000000c   Code   RO         6486    i.fifoBuf_init      fifo_buffer.o
    0x0800101c   0x0800101c   0x00000072   Code   RO         6488    i.fifoBuf_putData   fifo_buffer.o
    0x0800108e   0x0800108e   0x00000002   PAD
    0x08001090   0x08001090   0x0000001c   Code   RO          392    i.fputc             ange_usart.o
    0x080010ac   0x080010ac   0x00000050   Code   RO         7472    i.free              mc_w.l(malloc.o)
    0x080010fc   0x080010fc   0x000000fc   Code   RO            4    i.main              main.o
    0x080011f8   0x080011f8   0x0000006c   Code   RO         7473    i.malloc            mc_w.l(malloc.o)
    0x08001264   0x08001264   0x00000020   Data   RO         7635    Region$$Table       anon$$obj.o


    Execution Region RW_IRAM1 (Exec base: 0x20000000, Load base: 0x08001284, Size: 0x00000938, Max: 0x00020000, ABSOLUTE, COMPRESSED[0x00000014])

    Exec Addr    Load Addr    Size         Type   Attr      Idx    E Section Name        Object

    0x20000000   COMPRESSED   0x00000208   Data   RW            6    .data               main.o
    0x20000208   COMPRESSED   0x00000008   Data   RW          316    .data               ange_systick.o
    0x20000210   COMPRESSED   0x00000008   Data   RW          393    .data               ange_usart.o
    0x20000218   COMPRESSED   0x00000002   Data   RW          571    .data               ange_ad.o
    0x2000021a   COMPRESSED   0x00000010   Data   RW         3744    .data               stm32f4xx_rcc.o
    0x2000022a   COMPRESSED   0x00000002   PAD
    0x2000022c   COMPRESSED   0x00000004   Data   RW         7607    .data               mc_w.l(mvars.o)
    0x20000230   COMPRESSED   0x00000004   Data   RW         7608    .data               mc_w.l(mvars.o)
    0x20000234        -       0x00000100   Zero   RW            5    .bss                main.o
    0x20000334   COMPRESSED   0x00000004   PAD
    0x20000338        -       0x00000200   Zero   RW         6606    HEAP                startup_stm32f40_41xxx.o
    0x20000538        -       0x00000400   Zero   RW         6605    STACK               startup_stm32f40_41xxx.o


==============================================================================

Image component sizes


      Code (inc. data)   RO Data    RW Data    ZI Data      Debug   Object Name

        44          8          0          2          0        773   ange_ad.o
        18          0          0          0          0        537   ange_exti.o
        48         12          0          8          0       1688   ange_systick.o
        28          4          0          0          0        538   ange_timj.o
       290         26          0          8          0       4358   ange_usart.o
       296          0          0          0          0       4515   fifo_buffer.o
       252         26          0        520        256     307601   main.o
       140         24          0          0          0       1651   misc.o
        36          8        392          0       1536        880   startup_stm32f40_41xxx.o
        56          0          0          0          0       3151   stm32f4xx_adc.o
        36         10          0          0          0       1208   stm32f4xx_exti.o
       214          0          0          0          0       1887   stm32f4xx_gpio.o
        36          0          0          0          0       4382   stm32f4xx_it.o
       296         30          0         16          0       4246   stm32f4xx_rcc.o
        40          0          0          0          0       1946   stm32f4xx_tim.o
       424          8          0          0          0       4568   stm32f4xx_usart.o
       340         32          0          0          0       1661   system_stm32f4xx.o

    ----------------------------------------------------------------------
      2602        188        424        556       1796     345590   Object Totals
         0          0         32          0          0          0   (incl. Generated)
         8          0          0          2          4          0   (incl. Padding)

    ----------------------------------------------------------------------

      Code (inc. data)   RO Data    RW Data    ZI Data      Debug   Library Member Name

        86          0          0          0          0          0   __dczerorl2.o
         0          0          0          0          0          0   entry.o
         0          0          0          0          0          0   entry10a.o
         0          0          0          0          0          0   entry11a.o
         8          4          0          0          0          0   entry2.o
         4          0          0          0          0          0   entry5.o
         0          0          0          0          0          0   entry7b.o
         0          0          0          0          0          0   entry8b.o
         8          4          0          0          0          0   entry9a.o
        30          0          0          0          0          0   handlers.o
        36          8          0          0          0         68   init.o
        30          0          0          0          0         68   llshl.o
        32          0          0          0          0         68   llushr.o
       188         20          0          0          0        160   malloc.o
        36          0          0          0          0         68   memcpya.o
         0          0          0          8          0          0   mvars.o
      1154         54          0          0          0        352   printf8.o
        98          0          0          0          0         92   uldiv.o

    ----------------------------------------------------------------------
      1714         90          0          8          0        876   Library Totals
         4          0          0          0          0          0   (incl. Padding)

    ----------------------------------------------------------------------

      Code (inc. data)   RO Data    RW Data    ZI Data      Debug   Library Name

      1710         90          0          8          0        876   mc_w.l

    ----------------------------------------------------------------------
      1714         90          0          8          0        876   Library Totals

    ----------------------------------------------------------------------

==============================================================================


      Code (inc. data)   RO Data    RW Data    ZI Data      Debug   

      4316        278        424        564       1796     342334   Grand Totals
      4316        278        424         20       1796     342334   ELF Image Totals (compressed)
      4316        278        424         20          0          0   ROM Totals

==============================================================================

    Total RO  Size (Code + RO Data)                 4740 (   4.63kB)
    Total RW  Size (RW Data + ZI Data)              2360 (   2.30kB)
    Total ROM Size (Code + RO Data + RW Data)       4760 (   4.65kB)

==============================================================================

