C51 COMPILER V9.59.0.0   ADDA                                                              01/11/2024 00:31:54 PAGE 1   


C51 COMPILER V9.59.0.0, COMPILATION OF MODULE ADDA
OBJECT MODULE PLACED IN .\Objects\adda.obj
COMPILER INVOKED BY: D:\My Program File\keil\C51\BIN\C51.EXE adda.c OPTIMIZE(8,SPEED) BROWSE DEBUG OBJECTEXTEND PRINT(.\
                    -Listings\adda.lst) TABS(2) OBJECT(.\Objects\adda.obj)

line level    source

   1          #include <reg51.h>
   2          #include <absacc.h>
   3          #include <intrins.h>
   4          #include <stdio.h>
   5          #include "ange.h"
   6          #include "anjian.h"
   7          #include "595shuma.h"
   8          #include "lvbo.h"
   9          uint code sin[]={0x7f,0x82,0x85,0x88,0x8b,0x8f,0x92,0x95,0x98,0x9b,0x9e,0xa1,
  10            0xa4,0xa7,0xaa,0xad,0xb0,0xb3,0xb6,0xb8,0xbb,0xbe,0xc1,0xc3,0xc6,0xc8,
  11            0xcb,0xcd,0xd0,0xd2,0xd5,0xd7,0xd9,0xdb,0xdd,0xe0,0xe2,0xe4,0xe5,0xe7,
  12            0xe9,0xeb,0xec,0xee,0xef,0xf1,0xf2,0xf4,0xf5,0xf6,0xf7,0xf8,0xf9,0xfa,
  13            0xfb,0xfb,0xfc,0xfd,0xfd,0xfe,0xfe,0xfe,0xfe,0xfe,0xfe,0xfe,0xfe,0xfe,
  14            0xfe,0xfe,0xfd,0xfd,0xfc,0xfb,0xfb,0xfa,0xf9,0xf8,0xf7,0xf6,0xf5,0xf4,
  15            0xf2,0xf1,0xef,0xee,0xec,0xeb,0xe9,0xe7,0xe5,0xe4,0xe2,0xe0,0xdd,0xdb,
  16            0xd9,0xd7,0xd5,0xd2,0xd0,0xcd,0xcb,0xc8,0xc6,0xc3,0xc1,0xbe,0xbb,0xb8,
  17            0xb6,0xb3,0xb0,0xad,0xaa,0xa7,0xa4,0xa1,0x9e,0x9b,0x98,0x95,0x92,0x8f,
  18            0x8c,0x88,0x85,0x82,0x7f,0x7c,0x79,0x76,0x73,0x6f,0x6c,0x69,0x66,0x63,
  19            0x60,0x5d,0x5a,0x57,0x54,0x51,0x4e,0x4b,0x48,0x46,0x43,0x40,0x3d,0x3b,
  20            0x38,0x36,0x33,0x31,0x2e,0x2c,0x29,0x27,0x25,0x23,0x21,0x1e,0x1c,0x1a,
  21            0x19,0x17,0x15,0x13,0x12,0x10,0xf,0xd,0xc,0xa,0x9,0x8,0x7,0x6,0x5,0x4,
  22            0x3,0x3,0x2,0x1,0x1,0x0,0x0,0x0,0x0,0x0,0x0,0x0,0x0,0x0,0x0,0x0,0x1,0x1,
  23            0x2,0x3,0x3,0x4,0x5,0x6,0x7,0x8,0x9,0xa,0xc,0xd,0xf,0x10,0x12,0x13,0x15,
  24            0x17,0x19,0x1a,0x1c,0x1e,0x21,0x23,0x25,0x27,0x29,0x2c,0x2e,0x31,0x33,0x36,
  25            0x38,0x3b,0x3d,0x40,0x43,0x46,0x48,0x4b,0x4e,0x51,0x54,0x57,0x5a,0x5d,0x60,
  26          0x63,0x66,0x69,0x6c,0x6f,0x72,0x76,0x79,0x7c};
  27          //sbit sdo2543=P1^6;sbit sdi2543=P1^5;sbit cs2543=P1^7;sbit clk2543=P1^4;sbit eoc2543=P1^3;
  28          //sbit clk5615=P2^7;sbit cs5615=P2^6;sbit din5615=P2^5;//板子
  29          //sbit clk522=P2^0;sbit cs522=P2^1;sbit din522=P2^2;
  30          //
  31          sbit cs2543=P3^6;sbit sdo2543=P3^5;sbit sdi2543=P3^4;sbit clk2543=P3^3;sbit eoc2543=P3^2;
  32          sbit clk5615=P2^7;sbit cs5615=P2^6;sbit din5615=P2^5;//仿真
  33          sbit clk522=P2^0;sbit cs522=P2^1;sbit din522=P2^2;
  34          uint getdata(uchar tong);
  35          void outdata();
  36          void out522();
  37          uchar shuma[4];
  38          uchar bohao=1,lvhao=0;
  39          uchar zqth,zqtl,quzhijian=4,adi8_0,adi8_1; //周期高八位和低八位
  40          uchar bdata adodata; //5615的高位和低位，数组取值增加量，2543通道0和1的值
  41          uint ado10,zq16,pinlv=50,pinlvy,jishu=0;  //5615输出值，周期，频率，数组下标
  42          uint fuzhi=1,fuzhiy=1;      //幅度
  43          sbit adodata_7=adodata^7;  //5615低位的第七位
  44          bit zhixing=1,pinxian=0;
  45          uchar dingshijishu=0,xianshijishu=100;    //
  46          void tiaopin();
  47          void delaydingshi();
  48          void xianshi();
  49          void ledshan();
  50          extern uchar pingjunshuzu[16];
  51          extern uchar pingjunshuzu1[16];
  52          uchar pingjunjishu=0;
  53          void main()
  54          {
C51 COMPILER V9.59.0.0   ADDA                                                              01/11/2024 00:31:54 PAGE 2   

  55   1            PT1=1;
  56   1            TMOD=0x11;
  57   1            IE=0x8a;
  58   1           TH0=0xdb;//中断重新装如初值
  59   1           TL0=0xf0;
  60   1            TR1=1;
  61   1        TR0=1;
  62   1        led|=0x3f;bo1led=0;
  63   1          while(1)
  64   1          {
  65   2            ajpd();
  66   2            tiaopin();
  67   2            xianshi();
  68   2          }
  69   1      }
  70          void tiaopin()
  71          {
  72   1        uchar x;
  73   1          adi8_0=getdata(0);
  74   1          while(!eoc2543);
  75   1          pinlvy=adi8_0;
  76   1        delay(10);
  77   1          adi8_1=getdata(1);
  78   1          fuzhiy=adi8_1;
  79   1          while(!eoc2543);
  80   1            if(lvhao==1)
  81   1            {
  82   2              pingjunshuzu[pingjunjishu]=fuzhiy;
  83   2              pingjunshuzu1[pingjunjishu]=pinlvy;
  84   2              pingjunjishu++;
  85   2              if(pingjunjishu==10)
  86   2              {
  87   3                pingjunjishu=0;
  88   3                fuzhi=pingjun();
  89   3                pinlv=pingjun1();
  90   3              }
  91   2              }
  92   1              else if(lvhao==2)
  93   1              {
  94   2                fuzhi=iir(fuzhiy);
  95   2                pinlv=iir1(pinlvy);
  96   2              }
  97   1              else if(lvhao==3)
  98   1              {
  99   2                fuzhi=fir(fuzhiy);
 100   2                pinlv=fir1(pinlvy);
 101   2              }
 102   1            else
 103   1            {
 104   2              pinlv=pinlvy;
 105   2              fuzhi=fuzhiy;
 106   2            }
 107   1        if(bohao==1||bohao==2||bohao==3)
 108   1        {
 109   2          if(pinlv<5)
 110   2            pinlv=5;
 111   2            x=pinlv;
 112   2          pinlv=250*x;
 113   2          pinlv/=256;  //频率最高50hz*2=250
 114   2          if(pinlv<50)
 115   2          {
 116   3            quzhijian=2; //50hz对应20000us 20000/128=156,156*256=39936,39936/adi8_0
C51 COMPILER V9.59.0.0   ADDA                                                              01/11/2024 00:31:54 PAGE 3   

 117   3            zq16=39936/x;//分128个点，取值间隔为2
 118   3          }
 119   2          else if(pinlv>=50&&pinlv<125)
 120   2          {
 121   3            quzhijian=4; //50hz对应20000us 20000/128=156,156*256=39936,39936/adi8_0*2
 122   3            zq16=39936/x*2;//分64个点，取值间隔为4
 123   3          }
 124   2          else if(pinlv>125)
 125   2          {
 126   3            quzhijian=8; //50hz对应20000us 20000/128=156,156*256=39936,39936/adi8_0*4
 127   3            zq16=39936/x*4;//分32个点，取值间隔为8
 128   3          }
 129   2            zq16=65536-zq16;
 130   2            zqth=zq16/256;
 131   2            zqtl=zq16%256;
 132   2        }
 133   1        return;
 134   1      }
 135          void xianshi()
 136          {
 137   1        if(dingshijishu==0)
 138   1        {
 139   2          dingshijishu=255;
 140   2          TR0=1;
 141   2          if(!zhixing)
 142   2          {
 143   3            switch(bohao)
 144   3            {
 145   4              case 2:
 146   4                bo2led=!bo2led;
 147   4              break;
 148   4              case 3:
 149   4                bo3led=!bo3led;
 150   4              break;
 151   4              case 1:
 152   4              bo1led=!bo1led;
 153   4              break;
 154   4            }
 155   3            switch(lvhao)
 156   3            {
 157   4              case 2:
 158   4                lv2led=!lv2led;
 159   4              break;
 160   4              case 3:
 161   4                lv3led=!lv3led;
 162   4              break;
 163   4              case 1:
 164   4                lv1led=!lv1led;
 165   4              break;
 166   4            }
 167   3            }
 168   2        pinxian=!pinxian;
 169   2        if(pinxian)
 170   2        {
 171   3        shuma[3]=12;
 172   3        shuma[2]=0;
 173   3        shuma[1]=fuzhi/51;
 174   3        shuma[0]=fuzhi%51*10/51;
 175   3        }
 176   2      else
 177   2       {
 178   3        shuma[3]=11;
C51 COMPILER V9.59.0.0   ADDA                                                              01/11/2024 00:31:54 PAGE 4   

 179   3        shuma[2]=pinlv/5/10;
 180   3        shuma[1]=pinlv/5%10;
 181   3        shuma[0]=pinlv%5*2;//*10/5;
 182   3       }
 183   2      shumaxianshi(shuma,4);
 184   2        }
 185   1        return;
 186   1      }
 187          void T1ms() interrupt 3 using 1
 188          { 
 189   1        TH1=zqth;//中断重新装如初值
 190   1        TL1=zqtl;
 191   1        if(zhixing==1)
 192   1        {
 193   2      if(bohao==1)
 194   2             {
 195   3              ado10=(sin[jishu]-0x80)*fuzhi/256;
 196   3              ado10+=0x80;
 197   3              outdata();
 198   3      //         out522();
 199   3              jishu=(jishu+quzhijian)%256;
 200   3              }
 201   2            else if(bohao==2)
 202   2            {
 203   3              if(jishu<128)
 204   3              ado10=(jishu*2-0x80)*fuzhi/256;
 205   3              else
 206   3              ado10=(384-jishu*2)*fuzhi/256;
 207   3              jishu=(jishu+quzhijian)%256;
 208   3              ado10+=0x80;
 209   3              outdata();
 210   3      //         out522();
 211   3            }
 212   2            else if(bohao==3)
 213   2            {
 214   3              //if(jishu<=132&&jishu>=124)
 215   3              if(jishu<128)
 216   3              {
 217   4                ado10=fuzhi*(0xff-0x80)/256;
 218   4              }
 219   3              //else if(jishu>=251||jishu>=0&&jishu<=4)
 220   3              else
 221   3              {
 222   4                ado10=(0-0x80)*fuzhi/256;
 223   4              }
 224   3              ado10+=0x80;
 225   3              outdata();
 226   3      //         out522();
 227   3                 jishu=(jishu+quzhijian)%256;
 228   3            }
 229   2          }
 230   1            return;
 231   1      }
 232          void T0ms() interrupt 1 using 2
 233          {
 234   1           TH0=0xdb;//中断重新装如初值
 235   1           TL0=0xf0;
 236   1           if(dingshijishu>0)
 237   1             dingshijishu--;
 238   1           else
 239   1             TR0=0;
 240   1      }
C51 COMPILER V9.59.0.0   ADDA                                                              01/11/2024 00:31:54 PAGE 5   

 241          
 242          uint getdata(uchar tong)
 243          {
 244   1        uchar i,ming;
 245   1        uint sj=0;
 246   1        tong=tong<<4;
 247   1        clk2543=0;
 248   1        cs2543=0;
 249   1        ming=tong|0x04;
 250   1        for(i=0;i<8;i++)
 251   1        {
 252   2          clk2543=0;
 253   2          if(sdo2543)
 254   2            sj=sj|0x01;
 255   2          sdi2543=(bit)(ming&0x80);
 256   2          clk2543=1;
 257   2          _nop_();_nop_();_nop_();
 258   2          clk2543=0;
 259   2          _nop_();_nop_();_nop_();
 260   2          ming=ming<<1;
 261   2          sj<<=1;
 262   2        }
 263   1        cs2543=1;
 264   1        sj>>=1;
 265   1        return sj;
 266   1      }
 267          void outdata()
 268          {
 269   1        uchar i;
 270   1        clk5615=0;
 271   1        cs5615=0;
 272   1         adodata=ado10%256;
 273   1        for(i=0;i<8;i++)
 274   1        {
 275   2          if (adodata_7)
 276   2            din5615=1;
 277   2          else
 278   2            din5615=0;
 279   2          clk5615=1;
 280   2          _nop_();
 281   2          clk5615=0;
 282   2          adodata<<=1;
 283   2        }
 284   1        for(i=0;i<4;i++)
 285   1        {
 286   2          din5615=0;
 287   2          clk5615=1;
 288   2          _nop_();
 289   2          clk5615=0;
 290   2        }
 291   1        cs5615=1;
 292   1        cs5615=0;
 293   1      }
 294          //void out522()
 295          //{
 296          //  uchar i=0;
 297          //  cs522=0;
 298          //  adodata=0x23;
 299          //  for(i=0;i<8;i++)
 300          //  {
 301          //    clk522=0;
 302          //    if(adodata_7)
C51 COMPILER V9.59.0.0   ADDA                                                              01/11/2024 00:31:54 PAGE 6   

 303          //      din522=1;
 304          //    else
 305          //      din522=0;
 306          //    clk522=1;
 307          //    adodata<<=1;
 308          //  }
 309          //  adodata=ado10%256;
 310          //  for(i=0;i<8;i++)
 311          //  {
 312          //    clk522=0;
 313          //    if(adodata_7)
 314          //      din522=1;
 315          //    else
 316          //      din522=0;
 317          //    clk522=1;
 318          //    adodata<<=1;
 319          //  }
 320          //  cs522=1;
 321          //}
 322          //滤布测试
 323          //      pinlvy=getdata(4);
 324          //      ajpd();
 325          //        if(lvhao==1)
 326          //      {
 327          //        pingjunshuzu1[pingjunjishu]=pinlvy;
 328          //        pingjunjishu++;
 329          //        if(pingjunjishu==10)
 330          //        {
 331          //          pingjunjishu=0;
 332          //          pinlv=pingjun1();
 333          //        }
 334          //        }
 335          //        else if(lvhao==2)
 336          //        {
 337          //          pinlv=iir1(pinlvy);
 338          //        }
 339          //        else if(lvhao==3)
 340          //        {
 341          //          pinlv=fir1(pinlvy);
 342          //        }
 343          //      else
 344          //      {
 345          //        pinlv=pinlvy;
 346          //      }
 347          //      ado10=pinlv;
 348          //      out522();
 349          /*
 350          {
 351            uchar i;
 352            xiemingling(0x80);  //光标定位到1602第一行第一个位置
 353            while(i!=16)
 354            {
 355              xieshuju(a[i]);  //写入字符
 356              i++;
 357            }
 358            return;
 359          }
 360          */
 361          /*void xieru164(uchar b)
 362          {
 363            uchar i;
 364            for (i=0;i<=7;i++)
C51 COMPILER V9.59.0.0   ADDA                                                              01/11/2024 00:31:54 PAGE 7   

 365            {
 366              if (b&0x01)
 367              hc164_data=1;
 368              else
 369                hc164_data=0;
 370              hc164_clk=0;
 371              _nop_();
 372              hc164_clk=1;
 373              b=_cror_(b,1);
 374            }
 375          }*/
 376            /*  uchar i=0;
 377              if (jianpan1==0||jianpan2==0)
 378              {
 379                delay(2);
 380                if (jianpan1==0||jianpan2==0)
 381                {
 382                  if (jianpan1==0)
 383                  {
 384                    for (i=0;i<=7;i++)
 385                    {
 386                      xieru164(jianpan[i]);
 387                      delay(1);
 388                      if(jianpan1==1)
 389                      {
 390                        xieru164(0);
 391                        while(jianpan1==0);
 392                        jz1=i+1;
 393                        ajb=1;
 394                        return;
 395                      }
 396                    }
 397                    return;
 398                  }
 399                  else if(jianpan2==0)
 400                  {
 401                    for (i=0;i<=7;i++)
 402                    {
 403                      xieru164(jianpan[i]);
 404                      delay(1);
 405                      if(jianpan2==1)
 406                      {
 407                        xieru164(0);
 408                        while(jianpan2==0);
 409                        jz2=i+9;
 410                        ajb=1;
 411                        return;
 412                      }
 413                    }
 414                    return;
 415                  }
 416                  return;
 417                }
 418                return;
 419              }
 420              return;*/
 421              /*san[]={0x0,0x1,0x3,0x5,0x7,0x9,0xb,0xd,0xf,0x11,0x13,0x15,0x17,0x19,
 422          0x1b,0x1d,0x1f,0x21,0x23,0x25,0x27,0x29,0x2b,0x2d,0x2f,0x31,0x33,0x35,0x37,0x39,
 423          0x3b,0x3d,0x3f,0x41,0x43,0x45,0x47,0x49,0x4b,0x4d,0x4f,0x51,0x53,0x55,0x57,0x59,
 424          0x5b,0x5d,0x5f,0x61,0x63,0x65,0x67,0x69,0x6b,0x6d,0x6f,0x71,0x73,0x75,0x77,0x79
 425          ,0x7b,0x7d,0x7f,0x81,0x83,0x85,0x87,0x89,0x8b,0x8d,0x8f,0x91,0x93,0x95,0x97,0x99
 426          ,0x9b,0x9d,0x9f,0xa1,0xa3,0xa5,0xa7,0xa9,0xab,0xad,0xaf,0xb1,0xb3,0xb5,0xb7,0xb9,
C51 COMPILER V9.59.0.0   ADDA                                                              01/11/2024 00:31:54 PAGE 8   

 427          0xbb,0xbd,0xbf,0xc1,0xc3,0xc5,0xc7,0xc9,0xcb,0xcd,0xcf,0xd1,0xd3,0xd5,0xd7,0xd9,
 428          0xdb,0xdd,0xdf,0xe1,0xe3,0xe5,0xe7,0xe9,0xeb,0xed,0xef,0xf1,0xf3,0xf5,0xf7,0xf9,
 429          0xfb,0xfd,0xfd,0xfb,0xf9,0xf7,0xf5,0xf3,0xf1,0xef,0xed,0xeb,0xe9,0xe7,0xe5,0xe3,
 430          0xe1,0xdf,0xdd,0xdb,0xd9,0xd7,0xd5,0xd3,0xd1,0xcf,0xcd,0xcb,0xc9,0xc7,0xc5,0xc3,
 431          0xc1,0xbf,0xbd,0xbb,0xb9,0xb7,0xb5,0xb3,0xb1,0xaf,0xad,0xab,0xa9,0xa7,0xa5,0xa3
 432          ,0xa1,0x9f,0x9d,0x9b,0x99,0x97,0x95,0x93,0x91,0x8f,0x8d,0x8b,0x89,0x87,0x85,0x83,
 433          0x81,0x7f,0x7d,0x7b,0x79,0x77,0x75,0x73,0x71,0x6f,0x6d,0x6b,0x69,0x67,0x65,0x63,
 434          0x61,0x5f,0x5d,0x5b,0x59,0x57,0x55,0x53,0x51,0x4f,0x4d,0x4b,0x49,0x47,0x45,0x43,
 435          0x41,0x3f,0x3d,0x3b,0x39,0x37,0x35,0x33,0x31,0x2f,0x2d,0x2b,0x29,0x27,0x25,0x23,
 436          0x21,0x1f,0x1d,0x1b,0x19,0x17,0x15,0x13,0x11,0xf,0xd,0xb,0x9,0x7,0x5,0x3,0x1,0x0};
 437          sin[]={0x7f,0x82,0x85,0x88,0x8b,0x8f,0x92,0x95,0x98,0x9b,0x9e,0xa1,
 438            0xa4,0xa7,0xaa,0xad,0xb0,0xb3,0xb6,0xb8,0xbb,0xbe,0xc1,0xc3,0xc6,0xc8,
 439            0xcb,0xcd,0xd0,0xd2,0xd5,0xd7,0xd9,0xdb,0xdd,0xe0,0xe2,0xe4,0xe5,0xe7,
 440            0xe9,0xeb,0xec,0xee,0xef,0xf1,0xf2,0xf4,0xf5,0xf6,0xf7,0xf8,0xf9,0xfa,
 441            0xfb,0xfb,0xfc,0xfd,0xfd,0xfe,0xfe,0xfe,0xfe,0xfe,0xfe,0xfe,0xfe,0xfe,
 442            0xfe,0xfe,0xfd,0xfd,0xfc,0xfb,0xfb,0xfa,0xf9,0xf8,0xf7,0xf6,0xf5,0xf4,
 443            0xf2,0xf1,0xef,0xee,0xec,0xeb,0xe9,0xe7,0xe5,0xe4,0xe2,0xe0,0xdd,0xdb,
 444            0xd9,0xd7,0xd5,0xd2,0xd0,0xcd,0xcb,0xc8,0xc6,0xc3,0xc1,0xbe,0xbb,0xb8,
 445            0xb6,0xb3,0xb0,0xad,0xaa,0xa7,0xa4,0xa1,0x9e,0x9b,0x98,0x95,0x92,0x8f,
 446            0x8c,0x88,0x85,0x82,0x7f,0x7c,0x79,0x76,0x73,0x6f,0x6c,0x69,0x66,0x63,
 447            0x60,0x5d,0x5a,0x57,0x54,0x51,0x4e,0x4b,0x48,0x46,0x43,0x40,0x3d,0x3b,
 448            0x38,0x36,0x33,0x31,0x2e,0x2c,0x29,0x27,0x25,0x23,0x21,0x1e,0x1c,0x1a,
 449            0x19,0x17,0x15,0x13,0x12,0x10,0xf,0xd,0xc,0xa,0x9,0x8,0x7,0x6,0x5,0x4,
 450            0x3,0x3,0x2,0x1,0x1,0x0,0x0,0x0,0x0,0x0,0x0,0x0,0x0,0x0,0x0,0x0,0x1,0x1,
 451            0x2,0x3,0x3,0x4,0x5,0x6,0x7,0x8,0x9,0xa,0xc,0xd,0xf,0x10,0x12,0x13,0x15,
 452            0x17,0x19,0x1a,0x1c,0x1e,0x21,0x23,0x25,0x27,0x29,0x2c,0x2e,0x31,0x33,0x36,
 453            0x38,0x3b,0x3d,0x40,0x43,0x46,0x48,0x4b,0x4e,0x51,0x54,0x57,0x5a,0x5d,0x60,
 454          0x63,0x66,0x69,0x6c,0x6f,0x72,0x76,0x79,0x7c};
 455          
 456                if (ajb==1)   //ajb表示adda正在运行
 457                {
 458                  xsb=1;
 459          
 460                    if(pinlv<=150) //100
 461                    {
 462                    zq16=(unsigned long)10000000 / 64 / pinlv;
 463                    zqth=(65535-zq16)/256;
 464                    zqtl=(65535-zq16)%256;
 465                    }
 466                    else
 467                    {
 468                    zqth=0xfb;  //0xf9;
 469                    zqtl=0xef;  //0x18;
 470                    quzhijian=pinlv*0.027;  //0.04
 471                    }
 472                //adi12=getdata(0);
 473                //ado10=adi12*0.2498;
 474                //outdata();
 475                }
 476                if(xsb==1)
 477                {
 478                    delay(1);
 479                    dier[0]=pinlv/100+0x30;
 480                    dier[1]=pinlv%100/10+0x30;
 481                    dier[2]='.';
 482                    dier[3]=pinlv%10+0x30;
 483                    dier[4]='h';
 484                    dier[5]='z';
 485                    dier[6]=' ';
 486                    dier[7]='+';
 487                    dier[8]='/';
 488                    dier[9]='-';
C51 COMPILER V9.59.0.0   ADDA                                                              01/11/2024 00:31:54 PAGE 9   

 489                    dier[10]=0;
 490                    dierhang(&dier[0],0);
 491                  switch(dangwei)
 492                  {
 493                    case 1: dierhang("0.1hz",11);
 494                  break;
 495                    case 10:dierhang("  1hz",11);
 496                  break;
 497                    case 100:dierhang("10hz",12);
 498                  break;
 499                  }
 500                    switch(bohao)
 501                  {
 502                    case 1: diyihang(boxing[0],0);
 503                  break;
 504                    case 2:diyihang(boxing[1],0);
 505                  break;
 506                    case 3:diyihang(boxing[2],0);
 507                  break;
 508                  }
 509                  if(ajb==0)
 510                    diyihang("j",15);
 511                  else
 512                  {
 513                      diyihang("n",15);
 514                  }
 515                  xsb=0;
 516                }
 517                sin[]={0x1ff,0x20c,0x218,0x225,0x231,0x23e,0x24a,0x257,0x263,0x270,0x27c,0x288,
 518            0x294,0x2a0,0x2ac,0x2b8,0x2c3,0x2cf,0x2da,0x2e6,0x2f1,0x2fc,0x307,0x312,0x31c,0x327,0x331,
 519            0x33b,0x345,0x34e,0x358,0x361,0x36a,0x373,0x37b,0x383,0x38c,0x393,0x39b,0x3a2,0x3a9,0x3b0,
 520            0x3b7,0x3bd,0x3c3,0x3c9,0x3ce,0x3d4,0x3d8,0x3dd,0x3e1,0x3e5,0x3e9,0x3ed,0x3f0,0x3f3,0x3f5,
 521            0x3f7,0x3f9,0x3fb,0x3fc,0x3fd,0x3fe,0x3fe,0x3fe,0x3fe,0x3fe,0x3fd,0x3fc,0x3fa,0x3f8,0x3f6,
 522            0x3f4,0x3f1,0x3ee,0x3eb,0x3e7,0x3e3,0x3df,0x3db,0x3d6,0x3d1,0x3cc,0x3c6,0x3c0,0x3ba,0x3b4,
 523            0x3ad,0x3a6,0x39f,0x397,0x38f,0x388,0x37f,0x377,0x36e,0x365,0x35c,0x353,0x349,0x340,0x336,
 524            0x32c,0x321,0x317,0x30c,0x301,0x2f7,0x2eb,0x2e0,0x2d5,0x2c9,0x2be,0x2b2,0x2a6,0x29a,0x28e,
 525            0x282,0x276,0x269,0x25d,0x251,0x244,0x238,0x22b,0x21e,0x212,0x205,0x1f9,0x1ec,0x1e0,0x1d3,
 526            0x1c6,0x1ba,0x1ad,0x1a1,0x195,0x188,0x17c,0x170,0x164,0x158,0x14c,0x140,0x135,0x129,0x11e,
 527            0x113,0x107,0xfd,0xf2,0xe7,0xdd,0xd2,0xc8,0xbe,0xb5,0xab,0xa2,0x99,0x90,0x87,0x7f,0x76,0x6f,
 528            0x67,0x5f,0x58,0x51,0x4a,0x44,0x3e,0x38,0x32,0x2d,0x28,0x23,0x1f,0x1b,0x17,0x13,0x10,0xd,0xa
 529            ,0x8,0x6,0x4,0x2,0x1,0x0,0x0,0x0,0x0,0x0,0x1,0x2,0x3,0x5,0x7,0x9,0xb,0xe,0x11,0x15,0x19,0x1d,
 530            0x21,0x26,0x2a,0x30,0x35,0x3b,0x41,0x47,0x4e,0x55,0x5c,0x63,0x6b,0x72,0x7b,0x83,0x8b,0x94,
 531            0x9d,0xa6,0xb0,0xb9,0xc3,0xcd,0xd7,0xe2,0xec,0xf7,0x102,0x10d,0x118,0x124,0x12f,0x13b,0x146,
 532            0x152,0x15e,0x16a,0x176,0x182,0x18e,0x19b,0x1a7,0x1b4,0x1c0,0x1cd,0x1d9,0x1e6,0x1f2,0x1ff};
 533            san[]={0x0,0x7,0xf,0x17,0x1f,0x27,0x2f,0x37,0x3f,0x47,0x4f,0x57,0x5f
 534            ,0x67,0x6f,0x77,0x7f,0x87,0x8f,0x97,0x9f,0xa7,0xaf,0xb7,0xbf,0xc7,0xcf,0xd7,0xdf,
 535            0xe7,0xef,0xf7,0xff,0x107,0x10f,0x117,0x11f,0x127,0x12f,0x137,0x13f,0x147,0x14f,
 536            0x157,0x15f,0x167,0x16f,0x177,0x17f,0x187,0x18f,0x197,0x19f,0x1a7,0x1af,0x1b7,0x1bf,
 537            0x1c7,0x1cf,0x1d7,0x1df,0x1e7,0x1ef,0x1f7,0x1ff,0x207,0x20f,0x217,0x21f,0x227,0x22f,
 538            0x237,0x23f,0x247,0x24f,0x257,0x25f,0x267,0x26f,0x277,0x27f,0x287,0x28f,0x297,0x29f,
 539            0x2a7,0x2af,0x2b7,0x2bf,0x2c7,0x2cf,0x2d7,0x2df,0x2e7,0x2ef,0x2f7,0x2ff,0x307,0x30f,
 540            0x317,0x31f,0x327,0x32f,0x337,0x33f,0x347,0x34f,0x357,0x35f,0x367,0x36f,0x377,0x37f,
 541            0x387,0x38f,0x397,0x39f,0x3a7,0x3af,0x3b7,0x3bf,0x3c7,0x3cf,0x3d7,0x3df,0x3e7,0x3ef,
 542            0x3f7,0x3f7,0x3ef,0x3e7,0x3df,0x3d7,0x3cf,0x3c7,0x3bf,0x3b7,0x3af,0x3a7,0x39f,0x397,
 543            0x38f,0x387,0x37f,0x377,0x36f,0x367,0x35f,0x357,0x34f,0x347,0x33f,0x337,0x32f,0x327,
 544            0x31f,0x317,0x30f,0x307,0x2ff,0x2f7,0x2ef,0x2e7,0x2df,0x2d7,0x2cf,0x2c7,0x2bf,0x2b7,
 545            0x2af,0x2a7,0x29f,0x297,0x28f,0x287,0x27f,0x277,0x26f,0x267,0x25f,0x257,0x24f,0x247,
 546            0x23f,0x237,0x22f,0x227,0x21f,0x217,0x20f,0x207,0x1ff,0x1f7,0x1ef,0x1e7,0x1df,0x1d7,
 547            0x1cf,0x1c7,0x1bf,0x1b7,0x1af,0x1a7,0x19f,0x197,0x18f,0x187,0x17f,0x177,0x16f,0x167,
 548            0x15f,0x157,0x14f,0x147,0x13f,0x137,0x12f,0x127,0x11f,0x117,0x10f,0x107,0xff,0xf7,0xef,
 549            0xe7,0xdf,0xd7,0xcf,0xc7,0xbf,0xb7,0xaf,0xa7,0x9f,0x97,0x8f,0x87,0x7f,0x77,0x6f,0x67,0x5f,
 550          0x57,0x4f,0x47,0x3f,0x37,0x2f,0x27,0x1f,0x17,0xf,0x7,0x0};*/
C51 COMPILER V9.59.0.0   ADDA                                                              01/11/2024 00:31:54 PAGE 10  



MODULE INFORMATION:   STATIC OVERLAYABLE
   CODE SIZE        =    974    ----
   CONSTANT SIZE    =    512    ----
   XDATA SIZE       =   ----    ----
   PDATA SIZE       =   ----    ----
   DATA SIZE        =     29       1
   IDATA SIZE       =   ----    ----
   BIT SIZE         =      2    ----
END OF MODULE INFORMATION.


C51 COMPILATION COMPLETE.  0 WARNING(S),  0 ERROR(S)
