<html>
<body>
<pre>
<h1>礦ision Build Log</h1>
<h2>Tool Versions:</h2>
IDE-Version: μVision V5.28.0.0
Copyright (C) 2019 ARM Ltd and ARM Germany GmbH. All rights reserved.
License Information: 1234 1234, 1234, LIC=76F5U-SG28C-JJW6S-L5CLT-G49UK-BXSBQ
 
Tool Versions:
Toolchain:       MDK-ARM Plus  Version: 5.28.0.0
Toolchain Path:  D:\My Program File\keil\ARM\ARMCC\Bin
C Compiler:      Armcc.exe V5.06 update 6 (build 750)
Assembler:       Armasm.exe V5.06 update 6 (build 750)
Linker/Locator:  ArmLink.exe V5.06 update 6 (build 750)
Library Manager: ArmAr.exe V5.06 update 6 (build 750)
Hex Converter:   FromElf.exe V5.06 update 6 (build 750)
CPU DLL:         SARMCM3.DLL V5.28.0.0
Dialog DLL:      DCM.DLL V1.17.3.0
Target DLL:      STLink\ST-LINKIII-KEIL_SWO.dll V3.0.6.0
Dialog DLL:      TCM.DLL V1.36.2.0
 
<h2>Project:</h2>
D:\实验室\代码+仿真\stm32f407\2022.4.21-工程407-上传\project\ange407.uvprojx
Project File Date:  08/26/2023

<h2>Output:</h2>
*** Using Compiler 'V5.06 update 6 (build 750)', folder: 'D:\My Program File\keil\ARM\ARMCC\Bin'
Build target 'ange'
compiling ange_exti.c...
compiling stm32f4xx_it.c...
compiling ange_DMA.c...
compiling ange_da.c...
compiling ange_rcc.c...
compiling ange_timj.c...
compiling ange_timg.c...
compiling ange_SysTick.c...
compiling ange_timt.c...
compiling ange_USART.c...
..\mylibraries\src\ange_USART.c(116): warning:  #177-D: variable "x"  was declared but never referenced
  	u8 x;
..\mylibraries\src\ange_USART.c: 1 warning, 0 errors
compiling ange_ad.c...
compiling main.c...
compiling bsp_led.c...
compiling ange_spi.c...
compiling ange_iic_24c02.c...
compiling stm32f4xx_cec.c...
compiling stm32f4xx_crc.c...
compiling stm32f4xx_adc.c...
compiling ange_iic_2.c...
compiling misc.c...
compiling stm32f4xx_can.c...
compiling ange_iic.c...
compiling stm32f4xx_cryp.c...
compiling stm32f4xx_cryp_aes.c...
compiling stm32f4xx_cryp_des.c...
compiling stm32f4xx_dac.c...
compiling stm32f4xx_dbgmcu.c...
compiling stm32f4xx_cryp_tdes.c...
compiling stm32f4xx_dfsdm.c...
compiling stm32f4xx_dcmi.c...
compiling stm32f4xx_dsi.c...
compiling stm32f4xx_exti.c...
compiling stm32f4xx_dma.c...
compiling stm32f4xx_flash_ramfunc.c...
compiling stm32f4xx_fmpi2c.c...
compiling stm32f4xx_flash.c...
compiling stm32f4xx_fsmc.c...
compiling stm32f4xx_gpio.c...
compiling stm32f4xx_hash.c...
compiling stm32f4xx_hash_md5.c...
compiling stm32f4xx_iwdg.c...
compiling stm32f4xx_hash_sha1.c...
compiling stm32f4xx_i2c.c...
compiling stm32f4xx_lptim.c...
compiling stm32f4xx_qspi.c...
compiling stm32f4xx_pwr.c...
compiling stm32f4xx_rng.c...
compiling stm32f4xx_rcc.c...
compiling stm32f4xx_rtc.c...
compiling stm32f4xx_sai.c...
compiling stm32f4xx_spdifrx.c...
compiling stm32f4xx_sdio.c...
compiling stm32f4xx_syscfg.c...
compiling stm32f4xx_spi.c...
compiling stm32f4xx_wwdg.c...
compiling stm32f4xx_tim.c...
compiling stm32f4xx_usart.c...
compiling MS5611.c...
compiling MPU6050.c...
compiling MPU6050_2.c...
compiling fifo_buffer.c...
assembling startup_stm32f40_41xxx.s...
compiling mainfuzhu.c...
compiling QMC5883.c...
compiling icm20689.c...
compiling OLED2.c...
compiling system_stm32f4xx.c...
compiling inv_mpu.c...
compiling inv_mpu_dmp_motion_driver.c...
linking...
Program Size: Code=4316 RO-data=424 RW-data=564 ZI-data=1796  
FromELF: creating hex file...
After Build - User command #1: fromelf --bin --output  .\Objects\test.bin  .\objects\ange407.axf
".\Objects\ange407.axf" - 0 Error(s), 1 Warning(s).

<h2>Software Packages used:</h2>

Package Vendor: Keil
                http://www.keil.com/pack/Keil.STM32F4xx_DFP.2.13.0.pack
                Keil.STM32F4xx_DFP.2.13.0
                STMicroelectronics STM32F4 Series Device Support, Drivers and Examples

<h2>Collection of Component include folders:</h2>
  .\RTE\_ange
  D:\My Program File\keil\Keil\STM32F4xx_DFP\2.13.0\Drivers\CMSIS\Device\ST\STM32F4xx\Include

<h2>Collection of Component Files used:</h2>
Build Time Elapsed:  00:00:04
</pre>
</body>
</html>
